src/__tests__/mocks/fixtures/argentineMealData.ts(276,3): error TS2353: Object literal may only specify known properties, and 'alternatives' does not exist in type 'MealSlot'.
src/__tests__/mocks/fixtures/argentineMealData.ts(284,3): error TS2353: Object literal may only specify known properties, and 'cost' does not exist in type 'MealSlot'.
src/__tests__/mocks/fixtures/argentineMealData.ts(292,3): error TS2353: Object literal may only specify known properties, and 'cost' does not exist in type 'MealSlot'.
src/__tests__/mocks/fixtures/argentineMealData.ts(299,3): error TS2353: Object literal may only specify known properties, and 'cost' does not exist in type 'MealSlot'.
src/__tests__/mocks/fixtures/argentineMealData.ts(317,5): error TS2353: Object literal may only specify known properties, and 'cost' does not exist in type 'MealSlot'.
src/__tests__/mocks/fixtures/argentineMealData.ts(358,3): error TS2353: Object literal may only specify known properties, and 'planId' does not exist in type 'WeekPlan'.
src/__tests__/mocks/fixtures/argentineMealData.ts(447,3): error TS2322: Type '{ weekly: number; currency: string; flexibility: string; }' is not assignable to type 'BudgetLevel'.
src/__tests__/mocks/fixtures/argentineMealData.ts(545,3): error TS2353: Object literal may only specify known properties, and 'cost' does not exist in type 'MealSlot'.
src/__tests__/mocks/fixtures/argentineMealData.ts(587,7): error TS2353: Object literal may only specify known properties, and 'name' does not exist in type 'ShoppingListItem'.
src/__tests__/mocks/fixtures/argentineMealData.ts(599,7): error TS2353: Object literal may only specify known properties, and 'name' does not exist in type 'ShoppingListItem'.
src/__tests__/mocks/fixtures/argentineMealData.ts(611,7): error TS2353: Object literal may only specify known properties, and 'name' does not exist in type 'ShoppingListItem'.
src/__tests__/mocks/fixtures/argentineMealData.ts(630,11): error TS2353: Object literal may only specify known properties, and 'name' does not exist in type 'ShoppingListItem'.
src/__tests__/mocks/handlers.ts(54,28): error TS2339: Property 'days' does not exist on type 'WeekPlan'.
src/__tests__/utils/meal-planning-test-utils.ts(9,3): error TS2305: Module '"@/features/meal-planning/types"' has no exported member 'Ingredient'.
src/__tests__/utils/meal-planning-test-utils.ts(139,7): error TS2353: Object literal may only specify known properties, and 'name' does not exist in type 'ShoppingListItem'.
src/__tests__/utils/meal-planning-test-utils.ts(148,7): error TS2353: Object literal may only specify known properties, and 'name' does not exist in type 'ShoppingListItem'.
src/__tests__/utils/meal-planning-test-utils.ts(157,7): error TS2353: Object literal may only specify known properties, and 'name' does not exist in type 'ShoppingListItem'.
src/__tests__/utils/meal-planning-test-utils.ts(166,24): error TS2322: Type 'number' is not assignable to type 'ShoppingListItem[]'.
src/__tests__/utils/meal-planning-test-utils.ts(167,21): error TS2322: Type 'number' is not assignable to type 'ShoppingListItem[]'.
src/__tests__/utils/meal-planning-test-utils.ts(168,23): error TS2322: Type 'number' is not assignable to type 'ShoppingListItem[]'.
src/__tests__/utils/meal-planning-test-utils.ts(236,35): error TS2820: Type '"gluten-free"' is not assignable to type 'DietaryPreference'. Did you mean '"glutenFree"'?
src/app/(app)/recetas/page.tsx(638,13): error TS2322: Type '"large"' is not assignable to type '"lg" | "sm" | "md" | "xl" | "2xl" | undefined'.
src/app/(app)/recetas/page.tsx(642,52): error TS2345: Argument of type '{ image_url: any; ai_generated: true; id: string; name: string; title?: string; description?: string; image?: string; prepTime: number; prep_time?: number; cookTime: number; cook_time?: number; ... 24 more ...; cost?: { total: number; perServing: number; currency: string; }; }' is not assignable to parameter of type 'Recipe'.
  Type '{ image_url: any; ai_generated: true; id: string; name: string; title?: string | undefined; description?: string | undefined; image?: string | undefined; prepTime: number; prep_time?: number | undefined; ... 26 more ...; cost?: { ...; } | undefined; }' is missing the following properties from type 'Recipe': cuisine_type, meal_types, is_public, created_at, updated_at
src/app/(app)/recetas/page.tsx(644,37): error TS2339: Property 'imageUrl' does not exist on type 'Recipe'.
src/app/(app)/shopping/enhanced-page.tsx(38,7): error TS2304: Cannot find name 'useShoppingStore'.
src/app/(app)/shopping/enhanced-page.tsx(44,7): error TS2304: Cannot find name 'usePantryStore'.
src/app/(app)/shopping/enhanced-page.tsx(141,16): error TS7006: Parameter 'item' implicitly has an 'any' type.
src/app/(app)/shopping/enhanced-page.tsx(142,12): error TS7006: Parameter 'item' implicitly has an 'any' type.
src/app/(app)/shopping/enhanced-page.tsx(189,45): error TS7006: Parameter 'item' implicitly has an 'any' type.
src/app/(app)/shopping/enhanced-page.tsx(211,45): error TS7006: Parameter 'item' implicitly has an 'any' type.
src/app/(app)/shopping/enhanced-page.tsx(226,51): error TS7006: Parameter 'item' implicitly has an 'any' type.
src/app/(app)/shopping/enhanced-page.tsx(234,47): error TS7006: Parameter 'item' implicitly has an 'any' type.
src/app/(app)/shopping/enhanced-page.tsx(235,45): error TS7006: Parameter 'item' implicitly has an 'any' type.
src/app/(app)/shopping/enhanced-page.tsx(495,25): error TS7006: Parameter 'item' implicitly has an 'any' type.
src/app/(app)/shopping/enhanced-page.tsx(496,22): error TS7006: Parameter 'item' implicitly has an 'any' type.
src/app/(app)/shopping/enhanced-page.tsx(539,29): error TS7006: Parameter 'item' implicitly has an 'any' type.
src/app/(app)/shopping/enhanced-page.tsx(540,26): error TS7006: Parameter 'item' implicitly has an 'any' type.
src/app/(auth)/forgot-password/page.tsx(30,16): error TS18046: 'err' is of type 'unknown'.
src/app/(auth)/onboarding/page.tsx(114,16): error TS18046: 'err' is of type 'unknown'.
src/app/api/ai-recipes/save/route.ts(70,47): error TS2345: Argument of type 'PostgrestError' is not assignable to parameter of type 'string'.
src/app/api/ai-recipes/save/route.ts(103,55): error TS2345: Argument of type 'PostgrestError' is not assignable to parameter of type 'string'.
src/app/api/ai-recipes/save/route.ts(123,46): error TS2345: Argument of type 'unknown' is not assignable to parameter of type 'string | undefined'.
src/app/api/ai-recipes/save/route.ts(169,50): error TS2345: Argument of type 'PostgrestError' is not assignable to parameter of type 'string'.
src/app/api/ai-recipes/save/route.ts(188,48): error TS2345: Argument of type 'unknown' is not assignable to parameter of type 'string | undefined'.
src/app/api/ai/generate-recipe/route.ts(5,37): error TS2304: Cannot find name 'NextRequest'.
src/app/api/ai/generate-recipe/route.ts(7,31): error TS2304: Cannot find name 'cookies'.
src/app/api/ai/generate-recipe/route.ts(13,14): error TS2552: Cannot find name 'NextResponse'. Did you mean 'Response'?
src/app/api/ai/generate-recipe/route.ts(20,14): error TS2552: Cannot find name 'NextResponse'. Did you mean 'Response'?
src/app/api/ai/generate-recipe/route.ts(32,9): error TS2353: Object literal may only specify known properties, and 'cuisine' does not exist in type 'UserPreferences'.
src/app/api/ai/generate-recipe/route.ts(53,9): error TS2304: Cannot find name 'logger'.
src/app/api/ai/generate-recipe/route.ts(59,12): error TS2552: Cannot find name 'NextResponse'. Did you mean 'Response'?
src/app/api/ai/generate-recipe/route.ts(61,5): error TS2304: Cannot find name 'logger'.
src/app/api/ai/generate-recipe/route.ts(62,12): error TS2552: Cannot find name 'NextResponse'. Did you mean 'Response'?
src/app/api/ai/generate-recipe/route.ts(63,16): error TS18046: 'error' is of type 'unknown'.
src/app/api/ai/proxy/route.ts(22,22): error TS2554: Expected 1 arguments, but got 0.
src/app/api/ai/proxy/route.ts(64,37): error TS2345: Argument of type 'unknown' is not assignable to parameter of type 'string | undefined'.
src/app/api/ai/recipes/generate/route.ts(110,18): error TS18046: 'error' is of type 'unknown'.
src/app/api/ai/recipes/generate/route.ts(293,59): error TS2304: Cannot find name 'ClaudeResponse'.
src/app/api/ai/recipes/generate/route.ts(336,53): error TS18046: 'error' is of type 'unknown'.
src/app/api/ai/recipes/personalized/route.ts(64,23): error TS7053: Element implicitly has an 'any' type because expression of type 'any' can't be used to index type '{ beginner: string; home_cook: string; foodie: string; health_conscious: string; }'.
src/app/api/ai/recipes/personalized/route.ts(131,32): error TS7006: Parameter 'item' implicitly has an 'any' type.
src/app/api/ai/recipes/personalized/route.ts(172,18): error TS18046: 'error' is of type 'unknown'.
src/app/api/ai/recipes/personalized/route.ts(249,50): error TS18046: 'error' is of type 'unknown'.
src/app/api/ai/recipes/proxy/route.ts(20,22): error TS2554: Expected 1 arguments, but got 0.
src/app/api/ai/recipes/proxy/route.ts(98,46): error TS2345: Argument of type 'unknown' is not assignable to parameter of type 'string | undefined'.
src/app/api/ai/recipes/proxy/route.ts(332,22): error TS2554: Expected 1 arguments, but got 0.
src/app/api/ai/recipes/proxy/route.ts(341,54): error TS2345: Argument of type 'unknown' is not assignable to parameter of type 'string | undefined'.
src/app/api/ai/recipes/suggest-pantry/route.ts(138,18): error TS18046: 'error' is of type 'unknown'.
src/app/api/ai/recipes/suggest-pantry/route.ts(379,62): error TS18046: 'error' is of type 'unknown'.
src/app/api/ai/suggest-from-pantry/route.ts(87,50): error TS7006: Parameter 'item' implicitly has an 'any' type.
src/app/api/ai/suggest-from-pantry/route.ts(92,16): error TS7006: Parameter 'item' implicitly has an 'any' type.
src/app/api/gemini/weekly/route.ts(274,9): error TS2353: Object literal may only specify known properties, and 'responseMimeType' does not exist in type 'GenerationConfig'.
src/app/api/gemini/weekly/route.ts(293,58): error TS2345: Argument of type 'ZodError<{ plan: { id: string; userId: string; weekStart: string; weekEnd: string; days: { date: string; label: string; meals: { breakfast: { slot: "breakfast"; time: string; recipe: { id: string; name: string; ingredients: { ...; }[]; ... 6 more ...; culturalNotes?: string | undefined; }; aiGenerated: boolean; }; l...' is not assignable to parameter of type 'string'.
src/app/api/gemini/weekly/route.ts(296,31): error TS2339: Property 'errors' does not exist on type 'ZodError<{ plan: { id: string; userId: string; weekStart: string; weekEnd: string; days: { date: string; label: string; meals: { breakfast: { slot: "breakfast"; time: string; recipe: { id: string; name: string; ingredients: { ...; }[]; ... 6 more ...; culturalNotes?: string | undefined; }; aiGenerated: boolean; }; l...'.
src/app/api/gemini/weekly/route.ts(301,47): error TS2345: Argument of type 'unknown' is not assignable to parameter of type 'string | undefined'.
src/app/api/meal-planning/__tests__/generate.test.ts(2,22): error TS2307: Cannot find module '../generate/route' or its corresponding type declarations.
src/app/api/meal-planning/__tests__/generate.test.ts(36,5): error TS2353: Object literal may only specify known properties, and 'dietaryPreferences' does not exist in type '{ userId: string; dietaryRestrictions: ("keto" | "vegetarian" | "vegan" | "paleo" | "low-carb" | "mediterranean" | "gluten-free" | "dairy-free" | "low-sodium" | "diabetic-friendly" | "heart-healthy")[]; ... 11 more ...; weeklyBudget?: number | undefined; }'.
src/app/api/meal-planning/__tests__/generate.test.ts(53,5): error TS2322: Type 'string' is not assignable to type 'Date'.
src/app/api/meal-planning/__tests__/generate.test.ts(54,5): error TS2322: Type 'string' is not assignable to type 'Date'.
src/app/api/meal-planning/__tests__/integration.test.ts(2,39): error TS2307: Cannot find module '../generate/route' or its corresponding type declarations.
src/app/api/meal-planning/__tests__/integration.test.ts(35,10): error TS2305: Module '"@/lib/services/geminiService"' has no exported member 'callGeminiWeeklyPlan'.
src/app/api/meal-planning/__tests__/integration.test.ts(35,32): error TS2305: Module '"@/lib/services/geminiService"' has no exported member 'callGeminiRegenerateMeal'.
src/app/api/meal-planning/__tests__/integration.test.ts(35,58): error TS2305: Module '"@/lib/services/geminiService"' has no exported member 'callGeminiAlternatives'.
src/app/api/meal-planning/__tests__/integration.test.ts(390,27): error TS2339: Property 'days' does not exist on type 'WeekPlan'.
src/app/api/meal-planning/__tests__/integration.test.ts(391,35): error TS2339: Property 'days' does not exist on type 'WeekPlan'.
src/app/api/meal-planning/__tests__/integration.test.ts(393,29): error TS2339: Property 'days' does not exist on type 'WeekPlan'.
src/app/api/meal-planning/__tests__/integration.test.ts(406,35): error TS2339: Property 'days' does not exist on type 'WeekPlan'.
src/app/api/meal-planning/__tests__/integration.test.ts(419,63): error TS2339: Property 'days' does not exist on type 'WeekPlan'.
src/app/api/meal-planning/__tests__/integration.test.ts(424,41): error TS2339: Property 'days' does not exist on type 'WeekPlan'.
src/app/api/meal-planning/__tests__/integration.test.ts(424,51): error TS7006: Parameter 'day' implicitly has an 'any' type.
src/app/api/meal-planning/__tests__/integration.test.ts(660,30): error TS7006: Parameter 'response' implicitly has an 'any' type.
src/app/api/meal-planning/check-availability/route.ts(48,25): error TS7006: Parameter 'item' implicitly has an 'any' type.
src/app/api/meal-planning/feedback/route.ts(48,47): error TS2339: Property 'processLearningFeedback' does not exist on type '{ generateHolisticPlan: (preferences: { userId: string; dietaryRestrictions: ("keto" | "vegetarian" | "vegan" | "paleo" | "low-carb" | "mediterranean" | "gluten-free" | "dairy-free" | "low-sodium" | "diabetic-friendly" | "heart-healthy")[]; ... 11 more ...; weeklyBudget?: number | undefined; }, constraints: { ...; }...'.
src/app/api/meal-planning/generate-simple/route.ts(49,34): error TS2339: Property 'generateCompletion' does not exist on type 'UnifiedAIService'.
src/app/api/meal-planning/optimize-daily/route.ts(46,43): error TS2339: Property 'errors' does not exist on type 'ZodError<{ preferences: { userId: string; dietaryRestrictions: ("keto" | "vegetarian" | "vegan" | "paleo" | "low-carb" | "mediterranean" | "gluten-free" | "dairy-free" | "low-sodium" | "diabetic-friendly" | "heart-healthy")[]; ... 11 more ...; weeklyBudget?: number | undefined; }; currentPlan: { ...; }; focusDay: st...'.
src/app/api/meal-planning/regenerate/route.ts(58,45): error TS2339: Property 'regenerateMeal' does not exist on type '{ generateHolisticPlan: (preferences: { userId: string; dietaryRestrictions: ("keto" | "vegetarian" | "vegan" | "paleo" | "low-carb" | "mediterranean" | "gluten-free" | "dairy-free" | "low-sodium" | "diabetic-friendly" | "heart-healthy")[]; ... 11 more ...; weeklyBudget?: number | undefined; }, constraints: { ...; }...'.
src/app/api/meal-planning/shopping-list/route.ts(202,30): error TS7006: Parameter 'item' implicitly has an 'any' type.
src/app/api/meal-planning/shopping-list/route.ts(254,25): error TS7006: Parameter 'item' implicitly has an 'any' type.
src/app/api/notifications/email/route.ts(23,32): error TS2554: Expected 1 arguments, but got 0.
src/app/api/notifications/push/send/route.ts(44,32): error TS2554: Expected 1 arguments, but got 0.
src/app/api/notifications/push/subscribe/route.ts(21,32): error TS2554: Expected 1 arguments, but got 0.
src/app/api/notifications/push/subscribe/route.ts(92,32): error TS2554: Expected 1 arguments, but got 0.
src/app/api/pantry/availability/route.ts(50,25): error TS7006: Parameter 'item' implicitly has an 'any' type.
src/app/api/pantry/availability/route.ts(148,22): error TS2304: Cannot find name 'createRouteHandlerClient'.
src/app/api/pantry/availability/route.ts(148,49): error TS18004: No value exists in scope for the shorthand property 'cookies'. Either declare one or provide an initializer.
src/app/api/pantry/availability/route.ts(160,27): error TS2304: Cannot find name 'RecipeIngredient'.
src/app/api/pantry/availability/route.ts(162,32): error TS2304: Cannot find name 'ShoppingListItem'.
src/app/api/pantry/availability/route.ts(187,35): error TS2304: Cannot find name 'PantryItem'.
src/app/api/pantry/availability/route.ts(205,26): error TS2304: Cannot find name 'checkPantryAvailability'.
src/app/api/pantry/availability/route.ts(207,23): error TS2304: Cannot find name 'ShoppingListItem'.
src/app/api/pantry/availability/route.ts(209,22): error TS2304: Cannot find name 'generateShoppingList'.
src/app/api/pantry/availability/route.ts(217,21): error TS2304: Cannot find name 'PantryAvailability'.
src/app/api/pantry/availability/route.ts(218,23): error TS2304: Cannot find name 'ShoppingListItem'.
src/app/api/pantry/availability/route.ts(229,52): error TS7006: Parameter 'a' implicitly has an 'any' type.
src/app/api/pantry/availability/route.ts(230,50): error TS7006: Parameter 'a' implicitly has an 'any' type.
src/app/api/pantry/availability/route.ts(232,32): error TS7006: Parameter 'a' implicitly has an 'any' type.
src/app/api/pantry/availability/route.ts(241,21): error TS2304: Cannot find name 'PantryAPIResponse'.
src/app/api/pantry/expiration-alerts/route.ts(58,52): error TS7006: Parameter 'item' implicitly has an 'any' type.
src/app/api/pantry/expiration-alerts/route.ts(65,13): error TS7006: Parameter 'item' implicitly has an 'any' type.
src/app/api/pantry/expiration-alerts/route.ts(102,16): error TS7006: Parameter 'alert' implicitly has an 'any' type.
src/app/api/pantry/items/route.ts(223,66): error TS2345: Argument of type 'unknown' is not assignable to parameter of type 'string | undefined'.
src/app/api/pantry/locations/[id]/route.ts(106,7): error TS2322: Type 'string | null' is not assignable to type 'string | undefined'.
  Type 'null' is not assignable to type 'string | undefined'.
src/app/api/pantry/route.ts(35,58): error TS2554: Expected 1 arguments, but got 2.
src/app/api/pantry/route.ts(45,42): error TS7006: Parameter 'item' implicitly has an 'any' type.
src/app/api/pantry/route.ts(80,7): error TS2353: Object literal may only specify known properties, and 'name' does not exist in type '{ ingredientId: string; quantity: number; unit: string; location?: string | undefined; expirationDate?: Date | undefined; notes?: string | undefined; }'.
src/app/api/recipes/[id]/route.ts(17,24): error TS2304: Cannot find name 'getUser'.
src/app/api/recipes/[id]/route.ts(19,10): error TS2552: Cannot find name 'session'. Did you mean 'XRSession'?
src/app/api/recipes/[id]/route.ts(33,47): error TS2345: Argument of type '{ instructions: { orderBy: { stepNumber: string; }; }; }' is not assignable to parameter of type 'string'.
src/app/api/recipes/[id]/route.ts(77,24): error TS2304: Cannot find name 'getUser'.
src/app/api/recipes/[id]/route.ts(79,10): error TS2552: Cannot find name 'session'. Did you mean 'XRSession'?
src/app/api/recipes/[id]/route.ts(85,55): error TS2345: Argument of type '{ select: { userId: boolean; }; }' is not assignable to parameter of type 'string'.
src/app/api/recipes/[id]/route.ts(207,24): error TS2304: Cannot find name 'getUser'.
src/app/api/recipes/[id]/route.ts(209,10): error TS2552: Cannot find name 'session'. Did you mean 'XRSession'?
src/app/api/recipes/[id]/route.ts(215,47): error TS2345: Argument of type '{ select: { userId: boolean; title: boolean; }; }' is not assignable to parameter of type 'string'.
src/app/api/recipes/[id]/route.ts(250,14): error TS2554: Expected 2 arguments, but got 1.
src/app/api/recipes/[id]/route.ts(253,60): error TS2339: Property 'id' does not exist on type 'Promise<{ id: string; }>'.
src/app/api/recipes/generate/route.ts(3,15): error TS2305: Module '"@/services/ai/types"' has no exported member 'RecipeGenerationParams'.
src/app/api/recipes/generate/route.ts(7,31): error TS2304: Cannot find name 'cookies'.
src/app/api/recipes/generate/route.ts(14,14): error TS2304: Cannot find name 'NextResponse'.
src/app/api/recipes/generate/route.ts(24,14): error TS2304: Cannot find name 'NextResponse'.
src/app/api/recipes/generate/route.ts(53,29): error TS2339: Property 'title' does not exist on type 'GeneratedRecipe'.
src/app/api/recipes/generate/route.ts(54,30): error TS2339: Property 'title' does not exist on type 'GeneratedRecipe'.
src/app/api/recipes/generate/route.ts(64,33): error TS2339: Property 'prepTimeMinutes' does not exist on type 'GeneratedRecipe'.
src/app/api/recipes/generate/route.ts(65,33): error TS2339: Property 'cookTimeMinutes' does not exist on type 'GeneratedRecipe'.
src/app/api/recipes/generate/route.ts(70,34): error TS2551: Property 'nutritionInfo' does not exist on type 'GeneratedRecipe'. Did you mean 'nutrition'?
src/app/api/recipes/generate/route.ts(112,12): error TS2304: Cannot find name 'NextResponse'.
src/app/api/recipes/generate/route.ts(115,12): error TS2304: Cannot find name 'NextResponse'.
src/app/api/recipes/route.ts(53,14): error TS2339: Property 'recipe' does not exist on type 'DatabaseService'.
src/app/api/recipes/route.ts(74,14): error TS2339: Property 'recipe' does not exist on type 'DatabaseService'.
src/app/api/recipes/route.ts(95,39): error TS2339: Property 'ingredient' does not exist on type 'DatabaseService'.
src/app/api/recipes/route.ts(126,33): error TS2339: Property 'recipe' does not exist on type 'DatabaseService'.
src/app/api/shopping/generate/route.ts(32,50): error TS2551: Property 'getWeekPlanById' does not exist on type 'typeof MealPlanService'. Did you mean 'getWeekPlan'?
src/app/api/user/preferences/route.ts(10,24): error TS2304: Cannot find name 'getUser'.
src/app/api/user/preferences/route.ts(12,10): error TS2304: Cannot find name 'session'.
src/app/api/user/preferences/route.ts(22,31): error TS2304: Cannot find name 'prisma'.
src/app/api/user/preferences/route.ts(75,24): error TS2304: Cannot find name 'getUser'.
src/app/api/user/preferences/route.ts(77,10): error TS2304: Cannot find name 'session'.
src/app/api/user/preferences/route.ts(84,31): error TS2304: Cannot find name 'prisma'.
src/app/api/user/profile/route.ts(23,24): error TS2304: Cannot find name 'getUser'.
src/app/api/user/profile/route.ts(25,10): error TS2304: Cannot find name 'session'.
src/app/api/user/profile/route.ts(40,58): error TS2554: Expected 1 arguments, but got 2.
src/app/api/user/profile/route.ts(100,24): error TS2304: Cannot find name 'getUser'.
src/app/api/user/profile/route.ts(102,10): error TS2304: Cannot find name 'session'.
src/app/api/user/profile/route.ts(147,8): error TS2554: Expected 2 arguments, but got 3.
src/app/api/user/profile/route.ts(278,9): error TS18048: 'validatedData.weeklyBudget' is possibly 'undefined'.
src/app/api/user/profile/route.ts(278,45): error TS18048: 'validatedData.weeklyBudget' is possibly 'undefined'.
src/app/api/user/profile/route.ts(293,9): error TS18046: 'error' is of type 'unknown'.
src/app/api/user/profile/route.ts(294,29): error TS18046: 'error' is of type 'unknown'.
src/app/api/user/profile/route.ts(306,16): error TS18046: 'error' is of type 'unknown'.
src/app/api/user/profile/route.ts(307,7): error TS18046: 'error' is of type 'unknown'.
src/app/LandingPageClient.tsx(257,45): error TS2322: Type '{ onSuccess: () => void; }' is not assignable to type 'IntrinsicAttributes'.
  Property 'onSuccess' does not exist on type 'IntrinsicAttributes'.
src/app/LandingPageClient.tsx(266,45): error TS2322: Type '{ onSuccess: () => void; }' is not assignable to type 'IntrinsicAttributes'.
  Property 'onSuccess' does not exist on type 'IntrinsicAttributes'.
src/app/recipes/[id]/page.tsx(75,11): error TS2322: Type '{ calories: any; protein: any; carbs: any; fat: any; fiber: any; sodium: any; } | undefined' is not assignable to type 'DetailedNutritionalInfo'.
  Type 'undefined' is not assignable to type 'DetailedNutritionalInfo'.
src/app/recipes/new/page.tsx(44,30): error TS7006: Parameter 'field' implicitly has an 'any' type.
src/app/recipes/new/page.tsx(44,37): error TS7006: Parameter 'value' implicitly has an 'any' type.
src/app/recipes/new/page.tsx(55,29): error TS7006: Parameter 'index' implicitly has an 'any' type.
src/app/recipes/new/page.tsx(55,36): error TS7006: Parameter 'field' implicitly has an 'any' type.
src/app/recipes/new/page.tsx(55,43): error TS7006: Parameter 'value' implicitly has an 'any' type.
src/app/recipes/new/page.tsx(57,5): error TS7053: Element implicitly has an 'any' type because expression of type 'any' can't be used to index type '{ name: string; quantity: string; unit: string; notes: string; }'.
src/app/recipes/new/page.tsx(61,29): error TS7006: Parameter 'index' implicitly has an 'any' type.
src/app/recipes/new/page.tsx(75,30): error TS7006: Parameter 'index' implicitly has an 'any' type.
src/app/recipes/new/page.tsx(75,37): error TS7006: Parameter 'value' implicitly has an 'any' type.
src/app/recipes/new/page.tsx(81,30): error TS7006: Parameter 'index' implicitly has an 'any' type.
src/app/recipes/new/page.tsx(88,22): error TS7006: Parameter 'tag' implicitly has an 'any' type.
src/app/recipes/new/page.tsx(89,17): error TS2345: Argument of type '(prev: { title: string; description: string; prepTimeMinutes: number; cookTimeMinutes: number; servings: number; difficulty: string; cuisine: string; imageUrl: string; ingredients: { name: string; quantity: string; unit: string; notes: string; }[]; instructions: string[]; tags: never[]; isPublic: boolean; }) => { .....' is not assignable to parameter of type 'SetStateAction<{ title: string; description: string; prepTimeMinutes: number; cookTimeMinutes: number; servings: number; difficulty: string; cuisine: string; imageUrl: string; ingredients: { name: string; quantity: string; unit: string; notes: string; }[]; instructions: string[]; tags: never[]; isPublic: boolean; }>'.
  Type '(prev: { title: string; description: string; prepTimeMinutes: number; cookTimeMinutes: number; servings: number; difficulty: string; cuisine: string; imageUrl: string; ingredients: { name: string; quantity: string; unit: string; notes: string; }[]; instructions: string[]; tags: never[]; isPublic: boolean; }) => { .....' is not assignable to type '(prevState: { title: string; description: string; prepTimeMinutes: number; cookTimeMinutes: number; servings: number; difficulty: string; cuisine: string; imageUrl: string; ingredients: { name: string; quantity: string; unit: string; notes: string; }[]; instructions: string[]; tags: never[]; isPublic: boolean; }) =>...'.
    Call signature return types '{ tags: any[]; title: string; description: string; prepTimeMinutes: number; cookTimeMinutes: number; servings: number; difficulty: string; cuisine: string; imageUrl: string; ingredients: { name: string; quantity: string; unit: string; notes: string; }[]; instructions: string[]; isPublic: boolean; }' and '{ title: string; description: string; prepTimeMinutes: number; cookTimeMinutes: number; servings: number; difficulty: string; cuisine: string; imageUrl: string; ingredients: { name: string; quantity: string; unit: string; notes: string; }[]; instructions: string[]; tags: never[]; isPublic: boolean; }' are incompatible.
      The types of 'tags' are incompatible between these types.
        Type 'any[]' is not assignable to type 'never[]'.
          Type 'any' is not assignable to type 'never'.
src/app/recipes/new/page.tsx(91,32): error TS2345: Argument of type 'any' is not assignable to parameter of type 'never'.
src/app/recipes/new/page.tsx(97,31): error TS7006: Parameter 'e' implicitly has an 'any' type.
src/app/recipes/new/page.tsx(362,55): error TS2345: Argument of type 'string' is not assignable to parameter of type 'never'.
src/app/showcase/page.tsx(40,76): error TS2322: Type '{ children: Element[]; variant: "strong"; className: string; spotlight: true; }' is not assignable to type 'IntrinsicAttributes & GlassCardProps'.
  Property 'spotlight' does not exist on type 'IntrinsicAttributes & GlassCardProps'.
src/components/accessibility/SkipToContent.tsx(3,32): error TS2307: Cannot find module '@/hooks/useTranslation' or its corresponding type declarations.
src/components/ai/RecipeGenerator.tsx(191,23): error TS2322: Type 'unknown' is not assignable to type 'ReactNode'.
src/components/ai/RecipeGenerator.tsx(256,17): error TS2322: Type '"secondary"' is not assignable to type '"error" | "default" | "success" | "fresh" | "info" | "warning" | "neutral" | "warm" | "rich" | "golden" | undefined'.
src/components/auth/AuthProvider.tsx(66,14): error TS7006: Parameter 'event' implicitly has an 'any' type.
src/components/auth/AuthProvider.tsx(66,21): error TS7006: Parameter 'session' implicitly has an 'any' type.
src/components/design-system/Badge.stories.tsx(131,33): error TS2686: 'React' refers to a UMD global, but the current file is a module. Consider adding an import instead.
src/components/design-system/Typography.stories.tsx(159,15): error TS2322: Type '{ children: string; block: true; className: string; }' is not assignable to type 'IntrinsicAttributes & CodeProps & RefAttributes<HTMLElement>'.
  Property 'block' does not exist on type 'IntrinsicAttributes & CodeProps & RefAttributes<HTMLElement>'.
src/components/ios26/iOS26EnhancedButton.tsx(83,31): error TS2540: Cannot assign to 'current' because it is a read-only property.
src/components/ios26/iOS26EnhancedCard.tsx(41,20): error TS7053: Element implicitly has an 'any' type because expression of type 'string' can't be used to index type '{ defaultChecked?: boolean | undefined; defaultValue?: string | number | readonly string[] | undefined; suppressContentEditableWarning?: boolean | undefined; suppressHydrationWarning?: boolean | undefined; ... 270 more ...; onTransitionStartCapture?: TransitionEventHandler<...> | undefined; }'.
  No index signature with a parameter of type 'string' was found on type '{ defaultChecked?: boolean | undefined; defaultValue?: string | number | readonly string[] | undefined; suppressContentEditableWarning?: boolean | undefined; suppressHydrationWarning?: boolean | undefined; ... 270 more ...; onTransitionStartCapture?: TransitionEventHandler<...> | undefined; }'.
src/components/ios26/iOS26EnhancedInput.tsx(150,34): error TS2540: Cannot assign to 'current' because it is a read-only property.
src/components/ios26/iOS26FloatingActionMenu.tsx(151,19): error TS2322: Type '{ open: (position: { x: number; y: number; }) => { x: number; y: number; opacity: number; scale: number; transition: { type: string; stiffness: number; damping: number; }; }; closed: { x: number; y: number; opacity: number; scale: number; transition: { ...; }; }; }' is not assignable to type 'Variants'.
  Property 'open' is incompatible with index signature.
    Type '(position: { x: number; y: number; }) => { x: number; y: number; opacity: number; scale: number; transition: { type: string; stiffness: number; damping: number; }; }' is not assignable to type 'Variant'.
      Type '(position: { x: number; y: number; }) => { x: number; y: number; opacity: number; scale: number; transition: { type: string; stiffness: number; damping: number; }; }' is not assignable to type 'TargetResolver'.
        Type '{ x: number; y: number; opacity: number; scale: number; transition: { type: string; stiffness: number; damping: number; }; }' is not assignable to type 'string | TargetAndTransition'.
          Type '{ x: number; y: number; opacity: number; scale: number; transition: { type: string; stiffness: number; damping: number; }; }' is not assignable to type 'TargetAndTransition'.
            Type '{ x: number; y: number; opacity: number; scale: number; transition: { type: string; stiffness: number; damping: number; }; }' is not assignable to type '{ transition?: Transition<any> | undefined; transitionEnd?: ResolvedValues | undefined; }'.
              Types of property 'transition' are incompatible.
                Type '{ type: string; stiffness: number; damping: number; }' is not assignable to type 'Transition<any> | undefined'.
                  Type '{ type: string; stiffness: number; damping: number; }' is not assignable to type 'TransitionWithValueOverrides<any>'.
                    Type '{ type: string; stiffness: number; damping: number; }' is not assignable to type 'ValueAnimationTransition<any>'.
                      Types of property 'type' are incompatible.
                        Type 'string' is not assignable to type 'AnimationGeneratorType | undefined'.
src/components/ios26/iOS26FloatingActionMenu.tsx(160,21): error TS2339: Property 'iOS26LiquidButton' does not exist on type 'JSX.IntrinsicElements'.
src/components/ios26/iOS26FloatingActionMenu.tsx(172,21): error TS2339: Property 'iOS26LiquidButton' does not exist on type 'JSX.IntrinsicElements'.
src/components/ios26/iOS26FloatingActionMenu.tsx(184,13): error TS2339: Property 'iOS26LiquidButton' does not exist on type 'JSX.IntrinsicElements'.
src/components/ios26/iOS26FloatingActionMenu.tsx(199,13): error TS2339: Property 'iOS26LiquidButton' does not exist on type 'JSX.IntrinsicElements'.
src/components/ios26/iOS26LiquidCard.tsx(39,5): error TS2339: Property 'onTapEnd' does not exist on type 'Omit<iOS26LiquidCardProps, "ref">'.
src/components/ios26/iOS26LiquidCard.tsx(49,5): error TS2554: Expected 2 arguments, but got 1.
src/components/ios26/iOS26LiquidCard.tsx(54,5): error TS2554: Expected 2 arguments, but got 1.
src/components/ios26/iOS26LiquidCard.tsx(59,5): error TS2554: Expected 2 arguments, but got 1.
src/components/ios26/iOS26LiquidCard.tsx(129,7): error TS2322: Type '{ children: (false | Element)[]; viewport?: ViewportOptions | undefined; id?: string | undefined; title?: string | undefined; custom?: any; values?: { [key: string]: MotionValue<...> | MotionValue<...>; } | undefined; ... 330 more ...; onTapEnd: (e: any) => void; }' is not assignable to type 'IntrinsicAttributes & Omit<HTMLMotionProps<"div">, "ref"> & RefAttributes<HTMLDivElement>'.
  Property 'onTapEnd' does not exist on type 'IntrinsicAttributes & Omit<HTMLMotionProps<"div">, "ref"> & RefAttributes<HTMLDivElement>'.
src/components/LandingPage.tsx(343,49): error TS2322: Type '"premium"' is not assignable to type '"default" | "link" | "outline" | "destructive" | "secondary" | "ghost" | "accent" | null | undefined'.
src/components/layout/iOS26EnhancedSidebar.tsx(183,11): error TS2339: Property 'iOS26EnhancedButton' does not exist on type 'JSX.IntrinsicElements'.
src/components/layout/iOS26EnhancedSidebar.tsx(192,11): error TS2339: Property 'iOS26EnhancedButton' does not exist on type 'JSX.IntrinsicElements'.
src/components/pantry/BarcodeScanner.tsx(117,59): error TS2339: Property 'decodeFromCanvas' does not exist on type 'BrowserMultiFormatReader'.
src/components/pantry/PantryAddForm.tsx(26,34): error TS2307: Cannot find module '@/services/voice/smartParser' or its corresponding type declarations.
src/components/pantry/PantryAddForm.tsx(72,22): error TS2345: Argument of type 'string[] | undefined' is not assignable to parameter of type 'SetStateAction<string[]>'.
  Type 'undefined' is not assignable to type 'SetStateAction<string[]>'.
src/components/pantry/PantryAddForm.tsx(73,26): error TS18048: 'parsed.suggestions' is possibly 'undefined'.
src/components/pantry/PantryAddForm.tsx(85,45): error TS2345: Argument of type 'string | undefined' is not assignable to parameter of type 'string'.
  Type 'undefined' is not assignable to type 'string'.
src/components/pantry/PhotoRecognition.tsx(37,56): error TS2307: Cannot find module '@/services/foodRecognitionService' or its corresponding type declarations.
src/components/pantry/PhotoRecognition.tsx(96,24): error TS7006: Parameter 'food' implicitly has an 'any' type.
src/components/pantry/PhotoRecognition.tsx(96,30): error TS7006: Parameter 'index' implicitly has an 'any' type.
src/components/pantry/PhotoRecognition.tsx(212,11): error TS2339: Property 'iOS26LiquidCard' does not exist on type 'JSX.IntrinsicElements'.
src/components/pantry/PhotoRecognition.tsx(219,17): error TS2339: Property 'iOS26LiquidButton' does not exist on type 'JSX.IntrinsicElements'.
src/components/pantry/PhotoRecognition.tsx(225,17): error TS2339: Property 'iOS26LiquidButton' does not exist on type 'JSX.IntrinsicElements'.
src/components/pantry/PhotoRecognition.tsx(256,23): error TS2339: Property 'iOS26LiquidButton' does not exist on type 'JSX.IntrinsicElements'.
src/components/pantry/PhotoRecognition.tsx(263,23): error TS2339: Property 'iOS26LiquidButton' does not exist on type 'JSX.IntrinsicElements'.
src/components/pantry/PhotoRecognition.tsx(288,23): error TS2339: Property 'iOS26LiquidButton' does not exist on type 'JSX.IntrinsicElements'.
src/components/pantry/PhotoRecognition.tsx(296,23): error TS2339: Property 'iOS26LiquidButton' does not exist on type 'JSX.IntrinsicElements'.
src/components/pantry/PhotoRecognition.tsx(297,23): error TS2339: Property 'iOS26LiquidButton' does not exist on type 'JSX.IntrinsicElements'.
src/components/pantry/PhotoRecognition.tsx(302,23): error TS2339: Property 'iOS26LiquidButton' does not exist on type 'JSX.IntrinsicElements'.
src/components/pantry/PhotoRecognition.tsx(333,27): error TS2339: Property 'iOS26LiquidButton' does not exist on type 'JSX.IntrinsicElements'.
src/components/pantry/PhotoRecognition.tsx(340,27): error TS2339: Property 'iOS26LiquidButton' does not exist on type 'JSX.IntrinsicElements'.
src/components/pantry/PhotoRecognition.tsx(351,31): error TS2339: Property 'iOS26LiquidCard' does not exist on type 'JSX.IntrinsicElements'.
src/components/pantry/PhotoRecognition.tsx(394,31): error TS2339: Property 'iOS26LiquidCard' does not exist on type 'JSX.IntrinsicElements'.
src/components/pantry/PhotoRecognition.tsx(400,27): error TS2339: Property 'iOS26LiquidButton' does not exist on type 'JSX.IntrinsicElements'.
src/components/pantry/PhotoRecognition.tsx(408,27): error TS2339: Property 'iOS26LiquidButton' does not exist on type 'JSX.IntrinsicElements'.
src/components/pantry/PhotoRecognition.tsx(425,11): error TS2339: Property 'iOS26LiquidCard' does not exist on type 'JSX.IntrinsicElements'.
src/components/pantry/ReceiptScanner.tsx(76,24): error TS2345: Argument of type 'ParsedReceipt | { store: string; date: string; total: number; items: { name: string; quantity: number; unit: string; price: number; category: string; }[]; confidence: number; }' is not assignable to parameter of type 'SetStateAction<ParsedReceipt | null>'.
  Type '{ store: string; date: string; total: number; items: { name: string; quantity: number; unit: string; price: number; category: string; }[]; confidence: number; }' is not assignable to type 'SetStateAction<ParsedReceipt | null>'.
    Types of property 'date' are incompatible.
      Type 'string' is not assignable to type 'Date'.
src/components/pantry/ReceiptScanner.tsx(135,13): error TS2353: Object literal may only specify known properties, and 'quantity' does not exist in type 'Omit<PantryItem, "id" | "createdAt" | "updatedAt">'.
src/components/price-scraper/EnhancedPriceDisplay.tsx(9,24): error TS2459: Module '"@/lib/services/enhancedStoreScraper"' declares 'ProductGroup' locally, but it is not exported.
src/components/price-scraper/EnhancedPriceDisplay.tsx(205,50): error TS7006: Parameter 'product' implicitly has an 'any' type.
src/components/price-scraper/EnhancedPriceDisplay.tsx(205,59): error TS7006: Parameter 'vIndex' implicitly has an 'any' type.
src/components/price-scraper/EnhancedPriceDisplay.tsx(283,19): error TS7053: Element implicitly has an 'any' type because expression of type 'string' can't be used to index type '{ jumbo: string; carrefour: string; coto: string; día: string; dia: string; }'.
  No index signature with a parameter of type 'string' was found on type '{ jumbo: string; carrefour: string; coto: string; día: string; dia: string; }'.
src/components/price-scraper/PriceOptimizationView.tsx(178,22): error TS2322: Type '{ children: Element[]; type: string; collapsible: true; className: string; }' is not assignable to type 'IntrinsicAttributes & HTMLAttributes<HTMLDivElement> & RefAttributes<HTMLDivElement>'.
  Property 'type' does not exist on type 'IntrinsicAttributes & HTMLAttributes<HTMLDivElement> & RefAttributes<HTMLDivElement>'.
src/components/price-scraper/PriceSearchComponent.tsx(226,33): error TS7006: Parameter 'v' implicitly has an 'any' type.
src/components/price-scraper/PriceSearchComponent.tsx(231,122): error TS7006: Parameter 'v' implicitly has an 'any' type.
src/components/pricing/PriceAlertManager.tsx(121,9): error TS2339: Property 'iOS26LiquidButton' does not exist on type 'JSX.IntrinsicElements'.
src/components/pricing/PriceAlertManager.tsx(128,9): error TS2339: Property 'iOS26LiquidButton' does not exist on type 'JSX.IntrinsicElements'.
src/components/pricing/PriceAlertManager.tsx(133,9): error TS2339: Property 'iOS26LiquidCard' does not exist on type 'JSX.IntrinsicElements'.
src/components/pricing/PriceAlertManager.tsx(141,9): error TS2339: Property 'iOS26LiquidCard' does not exist on type 'JSX.IntrinsicElements'.
src/components/pricing/PriceAlertManager.tsx(143,9): error TS2339: Property 'iOS26LiquidCard' does not exist on type 'JSX.IntrinsicElements'.
src/components/pricing/PriceAlertManager.tsx(151,9): error TS2339: Property 'iOS26LiquidCard' does not exist on type 'JSX.IntrinsicElements'.
src/components/pricing/PriceAlertManager.tsx(153,9): error TS2339: Property 'iOS26LiquidCard' does not exist on type 'JSX.IntrinsicElements'.
src/components/pricing/PriceAlertManager.tsx(161,9): error TS2339: Property 'iOS26LiquidCard' does not exist on type 'JSX.IntrinsicElements'.
src/components/pricing/PriceAlertManager.tsx(173,13): error TS2339: Property 'iOS26LiquidCard' does not exist on type 'JSX.IntrinsicElements'.
src/components/pricing/PriceAlertManager.tsx(179,17): error TS2339: Property 'iOS26LiquidInput' does not exist on type 'JSX.IntrinsicElements'.
src/components/pricing/PriceAlertManager.tsx(182,30): error TS7006: Parameter 'e' implicitly has an 'any' type.
src/components/pricing/PriceAlertManager.tsx(186,17): error TS2339: Property 'iOS26LiquidInput' does not exist on type 'JSX.IntrinsicElements'.
src/components/pricing/PriceAlertManager.tsx(190,30): error TS7006: Parameter 'e' implicitly has an 'any' type.
src/components/pricing/PriceAlertManager.tsx(196,19): error TS2339: Property 'iOS26LiquidButton' does not exist on type 'JSX.IntrinsicElements'.
src/components/pricing/PriceAlertManager.tsx(203,19): error TS2339: Property 'iOS26LiquidButton' does not exist on type 'JSX.IntrinsicElements'.
src/components/pricing/PriceAlertManager.tsx(205,19): error TS2339: Property 'iOS26LiquidButton' does not exist on type 'JSX.IntrinsicElements'.
src/components/pricing/PriceAlertManager.tsx(210,19): error TS2339: Property 'iOS26LiquidButton' does not exist on type 'JSX.IntrinsicElements'.
src/components/pricing/PriceAlertManager.tsx(213,13): error TS2339: Property 'iOS26LiquidCard' does not exist on type 'JSX.IntrinsicElements'.
src/components/pricing/PriceAlertManager.tsx(237,17): error TS2339: Property 'iOS26LiquidCard' does not exist on type 'JSX.IntrinsicElements'.
src/components/pricing/PriceAlertManager.tsx(268,17): error TS2339: Property 'iOS26LiquidCard' does not exist on type 'JSX.IntrinsicElements'.
src/components/pricing/PriceAlertManager.tsx(294,17): error TS2339: Property 'iOS26LiquidCard' does not exist on type 'JSX.IntrinsicElements'.
src/components/pricing/PriceAlertManager.tsx(332,23): error TS2339: Property 'iOS26LiquidButton' does not exist on type 'JSX.IntrinsicElements'.
src/components/pricing/PriceAlertManager.tsx(339,23): error TS2339: Property 'iOS26LiquidButton' does not exist on type 'JSX.IntrinsicElements'.
src/components/pricing/PriceAlertManager.tsx(342,17): error TS2339: Property 'iOS26LiquidCard' does not exist on type 'JSX.IntrinsicElements'.
src/components/pricing/PriceAlertManager.tsx(351,9): error TS2339: Property 'iOS26LiquidCard' does not exist on type 'JSX.IntrinsicElements'.
src/components/pricing/PriceAlertManager.tsx(359,11): error TS2339: Property 'iOS26LiquidButton' does not exist on type 'JSX.IntrinsicElements'.
src/components/pricing/PriceAlertManager.tsx(365,11): error TS2339: Property 'iOS26LiquidButton' does not exist on type 'JSX.IntrinsicElements'.
src/components/pricing/PriceAlertManager.tsx(366,9): error TS2339: Property 'iOS26LiquidCard' does not exist on type 'JSX.IntrinsicElements'.
src/components/pricing/PriceComparisonCard.tsx(65,5): error TS2339: Property 'iOS26LiquidCard' does not exist on type 'JSX.IntrinsicElements'.
src/components/pricing/PriceComparisonCard.tsx(186,34): error TS2339: Property 'address' does not exist on type 'Store'.
src/components/pricing/PriceComparisonCard.tsx(189,38): error TS2339: Property 'address' does not exist on type 'Store'.
src/components/pricing/PriceComparisonCard.tsx(203,19): error TS2339: Property 'iOS26LiquidButton' does not exist on type 'JSX.IntrinsicElements'.
src/components/pricing/PriceComparisonCard.tsx(209,19): error TS2339: Property 'iOS26LiquidButton' does not exist on type 'JSX.IntrinsicElements'.
src/components/pricing/PriceComparisonCard.tsx(238,15): error TS2339: Property 'iOS26LiquidButton' does not exist on type 'JSX.IntrinsicElements'.
src/components/pricing/PriceComparisonCard.tsx(246,15): error TS2339: Property 'iOS26LiquidButton' does not exist on type 'JSX.IntrinsicElements'.
src/components/pricing/PriceComparisonCard.tsx(251,5): error TS2339: Property 'iOS26LiquidCard' does not exist on type 'JSX.IntrinsicElements'.
src/components/pricing/StoreComparisonTable.tsx(91,7): error TS2339: Property 'iOS26LiquidCard' does not exist on type 'JSX.IntrinsicElements'.
src/components/pricing/StoreComparisonTable.tsx(134,13): error TS2339: Property 'iOS26LiquidButton' does not exist on type 'JSX.IntrinsicElements'.
src/components/pricing/StoreComparisonTable.tsx(141,13): error TS2339: Property 'iOS26LiquidButton' does not exist on type 'JSX.IntrinsicElements'.
src/components/pricing/StoreComparisonTable.tsx(144,7): error TS2339: Property 'iOS26LiquidCard' does not exist on type 'JSX.IntrinsicElements'.
src/components/pricing/StoreComparisonTable.tsx(160,15): error TS2339: Property 'iOS26LiquidCard' does not exist on type 'JSX.IntrinsicElements'.
src/components/pricing/StoreComparisonTable.tsx(185,43): error TS2339: Property 'address' does not exist on type 'Store'.
src/components/pricing/StoreComparisonTable.tsx(188,47): error TS2339: Property 'address' does not exist on type 'Store'.
src/components/pricing/StoreComparisonTable.tsx(270,21): error TS2339: Property 'iOS26LiquidButton' does not exist on type 'JSX.IntrinsicElements'.
src/components/pricing/StoreComparisonTable.tsx(273,33): error TS7006: Parameter 'e' implicitly has an 'any' type.
src/components/pricing/StoreComparisonTable.tsx(281,21): error TS2339: Property 'iOS26LiquidButton' does not exist on type 'JSX.IntrinsicElements'.
src/components/pricing/StoreComparisonTable.tsx(284,23): error TS2339: Property 'iOS26LiquidButton' does not exist on type 'JSX.IntrinsicElements'.
src/components/pricing/StoreComparisonTable.tsx(287,35): error TS7006: Parameter 'e' implicitly has an 'any' type.
src/components/pricing/StoreComparisonTable.tsx(293,23): error TS2339: Property 'iOS26LiquidButton' does not exist on type 'JSX.IntrinsicElements'.
src/components/pricing/StoreComparisonTable.tsx(327,15): error TS2339: Property 'iOS26LiquidCard' does not exist on type 'JSX.IntrinsicElements'.
src/components/profile/__tests__/ProfileHub.test.tsx(19,8): error TS2307: Cannot find module '@/__tests__/utils/profileTestUtils' or its corresponding type declarations.
src/components/profile/CachedProfileProvider.tsx(6,31): error TS2307: Cannot find module '@/types/supabase' or its corresponding type declarations.
src/components/profile/CookingPreferences.tsx(114,20): error TS2345: Argument of type 'unknown' is not assignable to parameter of type 'string'.
src/components/profile/CookingPreferences.tsx(136,20): error TS2345: Argument of type 'unknown' is not assignable to parameter of type 'string'.
src/components/profile/CookingPreferences.tsx(160,20): error TS2345: Argument of type 'unknown' is not assignable to parameter of type 'string'.
src/components/profile/CookingPreferences.tsx(184,20): error TS2345: Argument of type 'unknown' is not assignable to parameter of type 'string'.
src/components/profile/CookingPreferences.tsx(208,20): error TS2345: Argument of type 'unknown' is not assignable to parameter of type 'string'.
src/components/profile/CookingPreferences.tsx(228,20): error TS2345: Argument of type 'unknown' is not assignable to parameter of type 'string'.
src/components/profile/CookingPreferences.tsx(247,20): error TS2345: Argument of type 'unknown' is not assignable to parameter of type 'string'.
src/components/profile/CookingPreferences.tsx(276,7): error TS2339: Property 'iOS26LiquidCard' does not exist on type 'JSX.IntrinsicElements'.
src/components/profile/CookingPreferences.tsx(328,7): error TS2339: Property 'iOS26LiquidCard' does not exist on type 'JSX.IntrinsicElements'.
src/components/profile/CookingPreferences.tsx(331,7): error TS2339: Property 'iOS26LiquidCard' does not exist on type 'JSX.IntrinsicElements'.
src/components/profile/CookingPreferences.tsx(382,7): error TS2339: Property 'iOS26LiquidCard' does not exist on type 'JSX.IntrinsicElements'.
src/components/profile/CookingPreferences.tsx(385,7): error TS2339: Property 'iOS26LiquidCard' does not exist on type 'JSX.IntrinsicElements'.
src/components/profile/CookingPreferences.tsx(422,7): error TS2339: Property 'iOS26LiquidCard' does not exist on type 'JSX.IntrinsicElements'.
src/components/profile/CookingPreferences.tsx(425,7): error TS2339: Property 'iOS26LiquidCard' does not exist on type 'JSX.IntrinsicElements'.
src/components/profile/CookingPreferences.tsx(465,7): error TS2339: Property 'iOS26LiquidCard' does not exist on type 'JSX.IntrinsicElements'.
src/components/profile/CookingPreferences.tsx(468,7): error TS2339: Property 'iOS26LiquidCard' does not exist on type 'JSX.IntrinsicElements'.
src/components/profile/CookingPreferences.tsx(499,7): error TS2339: Property 'iOS26LiquidCard' does not exist on type 'JSX.IntrinsicElements'.
src/components/profile/CookingPreferences.tsx(502,7): error TS2339: Property 'iOS26LiquidCard' does not exist on type 'JSX.IntrinsicElements'.
src/components/profile/CookingPreferences.tsx(613,7): error TS2339: Property 'iOS26LiquidCard' does not exist on type 'JSX.IntrinsicElements'.
src/components/profile/DietaryPreferences.tsx(143,20): error TS2345: Argument of type 'unknown' is not assignable to parameter of type 'string'.
src/components/profile/DietaryPreferences.tsx(162,20): error TS2345: Argument of type 'unknown' is not assignable to parameter of type 'string'.
src/components/profile/DietaryPreferences.tsx(181,20): error TS2345: Argument of type 'unknown' is not assignable to parameter of type 'string'.
src/components/profile/DietaryPreferences.tsx(200,20): error TS2345: Argument of type 'unknown' is not assignable to parameter of type 'string'.
src/components/profile/DietaryPreferences.tsx(229,7): error TS2339: Property 'iOS26LiquidCard' does not exist on type 'JSX.IntrinsicElements'.
src/components/profile/DietaryPreferences.tsx(256,7): error TS2339: Property 'iOS26LiquidCard' does not exist on type 'JSX.IntrinsicElements'.
src/components/profile/DietaryPreferences.tsx(259,7): error TS2339: Property 'iOS26LiquidCard' does not exist on type 'JSX.IntrinsicElements'.
src/components/profile/DietaryPreferences.tsx(314,7): error TS2339: Property 'iOS26LiquidCard' does not exist on type 'JSX.IntrinsicElements'.
src/components/profile/DietaryPreferences.tsx(317,7): error TS2339: Property 'iOS26LiquidCard' does not exist on type 'JSX.IntrinsicElements'.
src/components/profile/DietaryPreferences.tsx(366,7): error TS2339: Property 'iOS26LiquidCard' does not exist on type 'JSX.IntrinsicElements'.
src/components/profile/DietaryPreferences.tsx(369,7): error TS2339: Property 'iOS26LiquidCard' does not exist on type 'JSX.IntrinsicElements'.
src/components/profile/DietaryPreferences.tsx(426,7): error TS2339: Property 'iOS26LiquidCard' does not exist on type 'JSX.IntrinsicElements'.
src/components/profile/DietaryPreferences.tsx(429,7): error TS2339: Property 'iOS26LiquidCard' does not exist on type 'JSX.IntrinsicElements'.
src/components/profile/DietaryPreferences.tsx(471,7): error TS2339: Property 'iOS26LiquidCard' does not exist on type 'JSX.IntrinsicElements'.
src/components/profile/EnhancedProfileSettings.tsx(146,11): error TS2322: Type '{ value: string; label: string; icon: string; }[]' is not assignable to type '{ value: string; label: string; icon?: ComponentType<any> | undefined; }[]'.
  Type '{ value: string; label: string; icon: string; }' is not assignable to type '{ value: string; label: string; icon?: ComponentType<any> | undefined; }'.
    Types of property 'icon' are incompatible.
      Type 'string' is not assignable to type 'ComponentType<any> | undefined'.
src/components/profile/EnhancedProfileSettings.tsx(154,11): error TS2322: Type '{ value: string; label: string; icon: string; }[]' is not assignable to type '{ value: string; label: string; icon?: ComponentType<any> | undefined; }[]'.
  Type '{ value: string; label: string; icon: string; }' is not assignable to type '{ value: string; label: string; icon?: ComponentType<any> | undefined; }'.
    Types of property 'icon' are incompatible.
      Type 'string' is not assignable to type 'ComponentType<any> | undefined'.
src/components/profile/EnhancedProfileSettings.tsx(162,11): error TS2322: Type '{ value: string; label: string; icon: string; }[]' is not assignable to type '{ value: string; label: string; icon?: ComponentType<any> | undefined; }[]'.
  Type '{ value: string; label: string; icon: string; }' is not assignable to type '{ value: string; label: string; icon?: ComponentType<any> | undefined; }'.
    Types of property 'icon' are incompatible.
      Type 'string' is not assignable to type 'ComponentType<any> | undefined'.
src/components/profile/EnhancedProfileSettings.tsx(226,11): error TS2322: Type '{ value: string; label: string; icon: string; }[]' is not assignable to type '{ value: string; label: string; icon?: ComponentType<any> | undefined; }[]'.
  Type '{ value: string; label: string; icon: string; }' is not assignable to type '{ value: string; label: string; icon?: ComponentType<any> | undefined; }'.
    Types of property 'icon' are incompatible.
      Type 'string' is not assignable to type 'ComponentType<any> | undefined'.
src/components/profile/EnhancedProfileSettings.tsx(438,13): error TS2322: Type 'string | null | undefined' is not assignable to type 'string | undefined'.
  Type 'null' is not assignable to type 'string | undefined'.
src/components/profile/EnhancedProfileSettings.tsx(499,49): error TS2322: Type 'string | ComponentType<any>' is not assignable to type 'ReactNode'.
  Type 'ComponentClass<any, any>' is not assignable to type 'ReactNode'.
src/components/profile/error/ProfileErrorBoundary.tsx(284,9): error TS2339: Property 'iOS26LiquidCard' does not exist on type 'JSX.IntrinsicElements'.
src/components/profile/error/ProfileErrorBoundary.tsx(333,17): error TS2339: Property 'iOS26LiquidButton' does not exist on type 'JSX.IntrinsicElements'.
src/components/profile/error/ProfileErrorBoundary.tsx(365,17): error TS2339: Property 'iOS26LiquidButton' does not exist on type 'JSX.IntrinsicElements'.
src/components/profile/error/ProfileErrorBoundary.tsx(370,17): error TS2339: Property 'iOS26LiquidButton' does not exist on type 'JSX.IntrinsicElements'.
src/components/profile/error/ProfileErrorBoundary.tsx(387,17): error TS2339: Property 'iOS26LiquidButton' does not exist on type 'JSX.IntrinsicElements'.
src/components/profile/error/ProfileErrorBoundary.tsx(432,19): error TS2339: Property 'iOS26LiquidButton' does not exist on type 'JSX.IntrinsicElements'.
src/components/profile/error/ProfileErrorBoundary.tsx(439,19): error TS2339: Property 'iOS26LiquidButton' does not exist on type 'JSX.IntrinsicElements'.
src/components/profile/error/ProfileErrorBoundary.tsx(440,19): error TS2339: Property 'iOS26LiquidButton' does not exist on type 'JSX.IntrinsicElements'.
src/components/profile/error/ProfileErrorBoundary.tsx(447,19): error TS2339: Property 'iOS26LiquidButton' does not exist on type 'JSX.IntrinsicElements'.
src/components/profile/error/ProfileErrorBoundary.tsx(452,9): error TS2339: Property 'iOS26LiquidCard' does not exist on type 'JSX.IntrinsicElements'.
src/components/profile/error/ProfileErrorBoundary.tsx(518,7): error TS2339: Property 'iOS26LiquidButton' does not exist on type 'JSX.IntrinsicElements'.
src/components/profile/error/ProfileErrorBoundary.tsx(524,7): error TS2339: Property 'iOS26LiquidButton' does not exist on type 'JSX.IntrinsicElements'.
src/components/profile/gamification/ProfileAchievements.tsx(211,38): error TS2769: No overload matches this call.
  Overload 1 of 4, '(value: string | number | Date): Date', gave the following error.
    Argument of type 'Date | undefined' is not assignable to parameter of type 'string | number | Date'.
      Type 'undefined' is not assignable to type 'string | number | Date'.
  Overload 2 of 4, '(value: string | number): Date', gave the following error.
    Argument of type 'Date | undefined' is not assignable to parameter of type 'string | number'.
      Type 'undefined' is not assignable to type 'string | number'.
src/components/profile/gamification/ProfileLeaderboard.tsx(303,56): error TS2322: Type '{ children: string; variant: "secondary"; size: string; }' is not assignable to type 'IntrinsicAttributes & BadgeProps'.
  Property 'size' does not exist on type 'IntrinsicAttributes & BadgeProps'.
src/components/profile/header/ProfileHeader.tsx(107,7): error TS2339: Property 'iOS26LiquidCard' does not exist on type 'JSX.IntrinsicElements'.
src/components/profile/header/ProfileHeader.tsx(198,7): error TS2339: Property 'iOS26LiquidCard' does not exist on type 'JSX.IntrinsicElements'.
src/components/profile/header/ProfileHeader.tsx(312,5): error TS2339: Property 'iOS26LiquidCard' does not exist on type 'JSX.IntrinsicElements'.
src/components/profile/header/ProfileHeader.tsx(364,5): error TS2339: Property 'iOS26LiquidCard' does not exist on type 'JSX.IntrinsicElements'.
src/components/profile/header/ProfileHeader.tsx(372,20): error TS2339: Property 'name' does not exist on type '{ id: string; userId: string; username: string; fullName: string; email: string; language: string; theme: "light" | "dark" | "system"; stats: { recipesCreated: number; mealsPlanned: number; recipesRated: number; streakDays: number; joinedDate: Date; lastActive: Date; }; ... 20 more ...; location?: { ...; } | undefin...'.
src/components/profile/header/ProfileHeader.tsx(385,31): error TS2339: Property 'name' does not exist on type '{ id: string; userId: string; username: string; fullName: string; email: string; language: string; theme: "light" | "dark" | "system"; stats: { recipesCreated: number; mealsPlanned: number; recipesRated: number; streakDays: number; joinedDate: Date; lastActive: Date; }; ... 20 more ...; location?: { ...; } | undefin...'.
src/components/profile/header/ProfileHeader.tsx(393,19): error TS2339: Property 'cuisinePreferences' does not exist on type '{ id: string; userId: string; username: string; fullName: string; email: string; language: string; theme: "light" | "dark" | "system"; stats: { recipesCreated: number; mealsPlanned: number; recipesRated: number; streakDays: number; joinedDate: Date; lastActive: Date; }; ... 20 more ...; location?: { ...; } | undefin...'.
src/components/profile/header/ProfileHeader.tsx(408,19): error TS2339: Property 'weeklyBudget' does not exist on type '{ id: string; userId: string; username: string; fullName: string; email: string; language: string; theme: "light" | "dark" | "system"; stats: { recipesCreated: number; mealsPlanned: number; recipesRated: number; streakDays: number; joinedDate: Date; lastActive: Date; }; ... 20 more ...; location?: { ...; } | undefin...'.
src/components/profile/header/ProfileHeader.tsx(409,19): error TS2339: Property 'defaultServingSize' does not exist on type '{ id: string; userId: string; username: string; fullName: string; email: string; language: string; theme: "light" | "dark" | "system"; stats: { recipesCreated: number; mealsPlanned: number; recipesRated: number; streakDays: number; joinedDate: Date; lastActive: Date; }; ... 20 more ...; location?: { ...; } | undefin...'.
src/components/profile/header/ProfileHeader.tsx(410,19): error TS2339: Property 'mealPlanningEnabled' does not exist on type '{ id: string; userId: string; username: string; fullName: string; email: string; language: string; theme: "light" | "dark" | "system"; stats: { recipesCreated: number; mealsPlanned: number; recipesRated: number; streakDays: number; joinedDate: Date; lastActive: Date; }; ... 20 more ...; location?: { ...; } | undefin...'.
src/components/profile/header/ProfileHeader.tsx(443,21): error TS2339: Property 'name' does not exist on type '{ id: string; userId: string; username: string; fullName: string; email: string; language: string; theme: "light" | "dark" | "system"; stats: { recipesCreated: number; mealsPlanned: number; recipesRated: number; streakDays: number; joinedDate: Date; lastActive: Date; }; ... 20 more ...; location?: { ...; } | undefin...'.
src/components/profile/header/ProfileHeader.tsx(464,7): error TS2339: Property 'iOS26LiquidCard' does not exist on type 'JSX.IntrinsicElements'.
src/components/profile/header/ProfileHeader.tsx(476,28): error TS2339: Property 'name' does not exist on type '{ id: string; userId: string; username: string; fullName: string; email: string; language: string; theme: "light" | "dark" | "system"; stats: { recipesCreated: number; mealsPlanned: number; recipesRated: number; streakDays: number; joinedDate: Date; lastActive: Date; }; ... 20 more ...; location?: { ...; } | undefin...'.
src/components/profile/header/ProfileHeader.tsx(478,15): error TS2322: Type '(file: File) => Promise<string>' is not assignable to type '(file: File) => Promise<void>'.
  Type 'Promise<string>' is not assignable to type 'Promise<void>'.
    Type 'string' is not assignable to type 'void'.
src/components/profile/header/ProfileHeader.tsx(502,23): error TS2339: Property 'iOS26LiquidInput' does not exist on type 'JSX.IntrinsicElements'.
src/components/profile/header/ProfileHeader.tsx(505,36): error TS7006: Parameter 'e' implicitly has an 'any' type.
src/components/profile/header/ProfileHeader.tsx(512,23): error TS2339: Property 'iOS26LiquidInput' does not exist on type 'JSX.IntrinsicElements'.
src/components/profile/header/ProfileHeader.tsx(515,36): error TS7006: Parameter 'e' implicitly has an 'any' type.
src/components/profile/header/ProfileHeader.tsx(559,36): error TS2339: Property 'name' does not exist on type '{ id: string; userId: string; username: string; fullName: string; email: string; language: string; theme: "light" | "dark" | "system"; stats: { recipesCreated: number; mealsPlanned: number; recipesRated: number; streakDays: number; joinedDate: Date; lastActive: Date; }; ... 20 more ...; location?: { ...; } | undefin...'.
src/components/profile/header/ProfileHeader.tsx(591,23): error TS2339: Property 'iOS26LiquidButton' does not exist on type 'JSX.IntrinsicElements'.
src/components/profile/header/ProfileHeader.tsx(598,23): error TS2339: Property 'iOS26LiquidButton' does not exist on type 'JSX.IntrinsicElements'.
src/components/profile/header/ProfileHeader.tsx(599,23): error TS2339: Property 'iOS26LiquidButton' does not exist on type 'JSX.IntrinsicElements'.
src/components/profile/header/ProfileHeader.tsx(607,23): error TS2339: Property 'iOS26LiquidButton' does not exist on type 'JSX.IntrinsicElements'.
src/components/profile/header/ProfileHeader.tsx(616,23): error TS2339: Property 'iOS26LiquidButton' does not exist on type 'JSX.IntrinsicElements'.
src/components/profile/header/ProfileHeader.tsx(623,23): error TS2339: Property 'iOS26LiquidButton' does not exist on type 'JSX.IntrinsicElements'.
src/components/profile/header/ProfileHeader.tsx(641,17): error TS2322: Type '{ country: string; timezone: string; city?: string | undefined; } | undefined' is not assignable to type 'string | undefined'.
  Type '{ country: string; timezone: string; city?: string | undefined; }' is not assignable to type 'string'.
src/components/profile/header/ProfileHeader.tsx(643,41): error TS2339: Property 'cuisinePreferences' does not exist on type '{ id: string; userId: string; username: string; fullName: string; email: string; language: string; theme: "light" | "dark" | "system"; stats: { recipesCreated: number; mealsPlanned: number; recipesRated: number; streakDays: number; joinedDate: Date; lastActive: Date; }; ... 20 more ...; location?: { ...; } | undefin...'.
src/components/profile/header/ProfileHeader.tsx(654,7): error TS2339: Property 'iOS26LiquidCard' does not exist on type 'JSX.IntrinsicElements'.
src/components/profile/HouseholdManager.tsx(147,34): error TS2345: Argument of type '{ name: string; relationship: HouseholdMember["relationship"]; age: number | undefined; dietaryRestrictions: ("vegetarian" | "vegan" | "keto" | "paleo" | "whole30" | "gluten_free" | ... 13 more ... | "low_fat")[] | undefined; allergies: ("peanuts" | ... 7 more ... | "sesame")[] | undefined; preferences: string[] | u...' is not assignable to parameter of type 'Omit<{ id: string; userId: string; name: string; relationship: "parent" | "self" | "other" | "partner" | "child" | "roommate"; createdAt: Date; updatedAt: Date; age?: number | undefined; dietaryRestrictions?: ("vegetarian" | ... 18 more ... | "low_fat")[] | undefined; allergies?: ("peanuts" | ... 7 more ... | "sesam...'.
  Type '{ name: string; relationship: "parent" | "self" | "other" | "partner" | "child" | "roommate"; age: number | undefined; dietaryRestrictions: ("vegetarian" | "vegan" | "keto" | "paleo" | ... 15 more ... | "low_fat")[] | undefined; allergies: ("peanuts" | ... 7 more ... | "sesame")[] | undefined; preferences: string[] ...' is missing the following properties from type 'Omit<{ id: string; userId: string; name: string; relationship: "parent" | "self" | "other" | "partner" | "child" | "roommate"; createdAt: Date; updatedAt: Date; age?: number | undefined; dietaryRestrictions?: ("vegetarian" | ... 18 more ... | "low_fat")[] | undefined; allergies?: ("peanuts" | ... 7 more ... | "sesam...': createdAt, updatedAt
src/components/profile/HouseholdManager.tsx(169,20): error TS2345: Argument of type 'unknown' is not assignable to parameter of type 'string'.
src/components/profile/HouseholdManager.tsx(184,20): error TS2345: Argument of type 'unknown' is not assignable to parameter of type 'string'.
src/components/profile/HouseholdManager.tsx(253,7): error TS2339: Property 'iOS26LiquidCard' does not exist on type 'JSX.IntrinsicElements'.
src/components/profile/HouseholdManager.tsx(295,7): error TS2339: Property 'iOS26LiquidCard' does not exist on type 'JSX.IntrinsicElements'.
src/components/profile/HouseholdManager.tsx(300,9): error TS2339: Property 'iOS26LiquidCard' does not exist on type 'JSX.IntrinsicElements'.
src/components/profile/HouseholdManager.tsx(338,9): error TS2339: Property 'iOS26LiquidCard' does not exist on type 'JSX.IntrinsicElements'.
src/components/profile/HouseholdManager.tsx(355,17): error TS2339: Property 'iOS26LiquidCard' does not exist on type 'JSX.IntrinsicElements'.
src/components/profile/HouseholdManager.tsx(424,17): error TS2339: Property 'iOS26LiquidCard' does not exist on type 'JSX.IntrinsicElements'.
src/components/profile/ProfileDebug.tsx(14,44): error TS2339: Property 'error' does not exist on type '{ profile: UserProfile | null; preferences: UserPreferences; isAuthenticated: boolean; isLoading: boolean; }'.
src/components/profile/ProfileHub.tsx(257,15): error TS2322: Type '(updates: any) => void' is not assignable to type '(updates: Partial<{ id: string; userId: string; dietaryRestrictions: ("vegetarian" | "vegan" | "keto" | "paleo" | "whole30" | "gluten_free" | "dairy_free" | "nut_free" | "shellfish_free" | "egg_free" | ... 9 more ... | "low_fat")[]; ... 12 more ...; mealSchedule?: { ...; } | undefined; }>) => Promise<...>'.
  Type 'void' is not assignable to type 'Promise<void>'.
src/components/profile/ProfileView.tsx(66,7): error TS2339: Property 'iOS26LiquidCard' does not exist on type 'JSX.IntrinsicElements'.
src/components/profile/ProfileView.tsx(74,7): error TS2339: Property 'iOS26LiquidCard' does not exist on type 'JSX.IntrinsicElements'.
src/components/profile/ProfileView.tsx(81,3): error TS2339: Property 'iOS26LiquidCard' does not exist on type 'JSX.IntrinsicElements'.
src/components/profile/ProfileView.tsx(92,7): error TS2339: Property 'iOS26LiquidButton' does not exist on type 'JSX.IntrinsicElements'.
src/components/profile/ProfileView.tsx(98,7): error TS2339: Property 'iOS26LiquidButton' does not exist on type 'JSX.IntrinsicElements'.
src/components/profile/ProfileView.tsx(100,3): error TS2339: Property 'iOS26LiquidCard' does not exist on type 'JSX.IntrinsicElements'.
src/components/profile/ProfileView.tsx(114,5): error TS2322: Type 'number' is not assignable to type '"beginner" | "intermediate" | "advanced" | "expert" | undefined'.
src/components/profile/ProfileView.tsx(406,13): error TS2339: Property 'iOS26LiquidButton' does not exist on type 'JSX.IntrinsicElements'.
src/components/profile/ProfileView.tsx(416,13): error TS2339: Property 'iOS26LiquidButton' does not exist on type 'JSX.IntrinsicElements'.
src/components/profile/ProfileView.tsx(430,13): error TS2339: Property 'iOS26LiquidCard' does not exist on type 'JSX.IntrinsicElements'.
src/components/profile/ProfileView.tsx(448,19): error TS2339: Property 'iOS26LiquidButton' does not exist on type 'JSX.IntrinsicElements'.
src/components/profile/ProfileView.tsx(454,19): error TS2339: Property 'iOS26LiquidButton' does not exist on type 'JSX.IntrinsicElements'.
src/components/profile/ProfileView.tsx(456,19): error TS2339: Property 'iOS26LiquidButton' does not exist on type 'JSX.IntrinsicElements'.
src/components/profile/ProfileView.tsx(461,19): error TS2339: Property 'iOS26LiquidButton' does not exist on type 'JSX.IntrinsicElements'.
src/components/profile/ProfileView.tsx(464,13): error TS2339: Property 'iOS26LiquidCard' does not exist on type 'JSX.IntrinsicElements'.
src/components/profile/ProfileView.tsx(475,9): error TS2339: Property 'iOS26LiquidCard' does not exist on type 'JSX.IntrinsicElements'.
src/components/profile/ProfileView.tsx(486,17): error TS2339: Property 'iOS26LiquidInput' does not exist on type 'JSX.IntrinsicElements'.
src/components/profile/ProfileView.tsx(490,30): error TS7006: Parameter 'e' implicitly has an 'any' type.
src/components/profile/ProfileView.tsx(508,17): error TS2339: Property 'iOS26LiquidInput' does not exist on type 'JSX.IntrinsicElements'.
src/components/profile/ProfileView.tsx(512,30): error TS7006: Parameter 'e' implicitly has an 'any' type.
src/components/profile/ProfileView.tsx(530,9): error TS2339: Property 'iOS26LiquidCard' does not exist on type 'JSX.IntrinsicElements'.
src/components/profile/ProfileView.tsx(539,9): error TS2339: Property 'iOS26LiquidCard' does not exist on type 'JSX.IntrinsicElements'.
src/components/profile/ProfileView.tsx(559,23): error TS2339: Property 'iOS26LiquidButton' does not exist on type 'JSX.IntrinsicElements'.
src/components/profile/ProfileView.tsx(575,23): error TS2339: Property 'iOS26LiquidButton' does not exist on type 'JSX.IntrinsicElements'.
src/components/profile/ProfileView.tsx(582,9): error TS2339: Property 'iOS26LiquidCard' does not exist on type 'JSX.IntrinsicElements'.
src/components/profile/ProfileView.tsx(591,9): error TS2339: Property 'iOS26LiquidCard' does not exist on type 'JSX.IntrinsicElements'.
src/components/profile/ProfileView.tsx(615,27): error TS2339: Property 'iOS26LiquidButton' does not exist on type 'JSX.IntrinsicElements'.
src/components/profile/ProfileView.tsx(639,27): error TS2339: Property 'iOS26LiquidButton' does not exist on type 'JSX.IntrinsicElements'.
src/components/profile/ProfileView.tsx(651,19): error TS2339: Property 'iOS26LiquidInput' does not exist on type 'JSX.IntrinsicElements'.
src/components/profile/ProfileView.tsx(653,32): error TS7006: Parameter 'e' implicitly has an 'any' type.
src/components/profile/ProfileView.tsx(654,33): error TS7006: Parameter 'e' implicitly has an 'any' type.
src/components/profile/ProfileView.tsx(663,19): error TS2339: Property 'iOS26LiquidButton' does not exist on type 'JSX.IntrinsicElements'.
src/components/profile/ProfileView.tsx(670,19): error TS2339: Property 'iOS26LiquidButton' does not exist on type 'JSX.IntrinsicElements'.
src/components/profile/ProfileView.tsx(676,18): error TS2532: Object is possibly 'undefined'.
src/components/profile/ProfileView.tsx(685,24): error TS18048: 'profile.allergies' is possibly 'undefined'.
src/components/profile/ProfileView.tsx(696,29): error TS2339: Property 'iOS26LiquidButton' does not exist on type 'JSX.IntrinsicElements'.
src/components/profile/ProfileView.tsx(704,29): error TS2339: Property 'iOS26LiquidButton' does not exist on type 'JSX.IntrinsicElements'.
src/components/profile/ProfileView.tsx(713,9): error TS2339: Property 'iOS26LiquidCard' does not exist on type 'JSX.IntrinsicElements'.
src/components/profile/ProfileView.tsx(722,9): error TS2339: Property 'iOS26LiquidCard' does not exist on type 'JSX.IntrinsicElements'.
src/components/profile/ProfileView.tsx(742,23): error TS2339: Property 'iOS26LiquidButton' does not exist on type 'JSX.IntrinsicElements'.
src/components/profile/ProfileView.tsx(756,23): error TS2339: Property 'iOS26LiquidButton' does not exist on type 'JSX.IntrinsicElements'.
src/components/profile/ProfileView.tsx(763,9): error TS2339: Property 'iOS26LiquidCard' does not exist on type 'JSX.IntrinsicElements'.
src/components/profile/ProfileView.tsx(772,9): error TS2339: Property 'iOS26LiquidCard' does not exist on type 'JSX.IntrinsicElements'.
src/components/profile/ProfileView.tsx(783,17): error TS2339: Property 'iOS26LiquidInput' does not exist on type 'JSX.IntrinsicElements'.
src/components/profile/ProfileView.tsx(785,30): error TS7006: Parameter 'e' implicitly has an 'any' type.
src/components/profile/ProfileView.tsx(786,31): error TS7006: Parameter 'e' implicitly has an 'any' type.
src/components/profile/ProfileView.tsx(795,17): error TS2339: Property 'iOS26LiquidButton' does not exist on type 'JSX.IntrinsicElements'.
src/components/profile/ProfileView.tsx(802,17): error TS2339: Property 'iOS26LiquidButton' does not exist on type 'JSX.IntrinsicElements'.
src/components/profile/ProfileView.tsx(806,18): error TS18048: 'profile.dislikedIngredients.length' is possibly 'undefined'.
src/components/profile/ProfileView.tsx(815,24): error TS18048: 'profile.dislikedIngredients' is possibly 'undefined'.
src/components/profile/ProfileView.tsx(824,27): error TS2339: Property 'iOS26LiquidButton' does not exist on type 'JSX.IntrinsicElements'.
src/components/profile/ProfileView.tsx(832,27): error TS2339: Property 'iOS26LiquidButton' does not exist on type 'JSX.IntrinsicElements'.
src/components/profile/ProfileView.tsx(841,9): error TS2339: Property 'iOS26LiquidCard' does not exist on type 'JSX.IntrinsicElements'.
src/components/profile/ProfileView.tsx(850,9): error TS2339: Property 'iOS26LiquidCard' does not exist on type 'JSX.IntrinsicElements'.
src/components/profile/ProfileView.tsx(872,18): error TS2322: Type '{ type: "range"; min: string; max: string; value: number | "beginner" | "intermediate" | "advanced" | "expert"; onChange: (e: ChangeEvent<HTMLInputElement>) => void; ... 5 more ...; "aria-valuenow": number | ... 3 more ... | "expert"; }' is not assignable to type 'DetailedHTMLProps<InputHTMLAttributes<HTMLInputElement>, HTMLInputElement>'.
  Type '{ type: "range"; min: string; max: string; value: number | "beginner" | "intermediate" | "advanced" | "expert"; onChange: (e: ChangeEvent<HTMLInputElement>) => void; ... 5 more ...; "aria-valuenow": number | ... 3 more ... | "expert"; }' is not assignable to type 'InputHTMLAttributes<HTMLInputElement>'.
    Types of property '"aria-valuenow"' are incompatible.
      Type 'number | "beginner" | "intermediate" | "advanced" | "expert"' is not assignable to type 'number | undefined'.
        Type 'string' is not assignable to type 'number'.
src/components/profile/ProfileView.tsx(887,71): error TS2362: The left-hand side of an arithmetic operation must be of type 'any', 'number', 'bigint' or an enum type.
src/components/profile/ProfileView.tsx(887,137): error TS2362: The left-hand side of an arithmetic operation must be of type 'any', 'number', 'bigint' or an enum type.
src/components/profile/ProfileView.tsx(899,36): error TS2367: This comparison appears to be unintentional because the types 'string | undefined' and 'number' have no overlap.
src/components/profile/ProfileView.tsx(930,9): error TS2339: Property 'iOS26LiquidCard' does not exist on type 'JSX.IntrinsicElements'.
src/components/profile/ProfileView.tsx(939,9): error TS2339: Property 'iOS26LiquidCard' does not exist on type 'JSX.IntrinsicElements'.
src/components/profile/ProfileView.tsx(951,17): error TS2339: Property 'iOS26LiquidInput' does not exist on type 'JSX.IntrinsicElements'.
src/components/profile/ProfileView.tsx(955,30): error TS7006: Parameter 'e' implicitly has an 'any' type.
src/components/profile/ProfileView.tsx(976,17): error TS2339: Property 'iOS26LiquidInput' does not exist on type 'JSX.IntrinsicElements'.
src/components/profile/ProfileView.tsx(980,30): error TS7006: Parameter 'e' implicitly has an 'any' type.
src/components/profile/ProfileView.tsx(1001,9): error TS2339: Property 'iOS26LiquidCard' does not exist on type 'JSX.IntrinsicElements'.
src/components/profile/ProfileViewEnhanced.tsx(86,11): error TS2339: Property 'iOS26LiquidButton' does not exist on type 'JSX.IntrinsicElements'.
src/components/profile/ProfileViewEnhanced.tsx(92,11): error TS2339: Property 'iOS26LiquidButton' does not exist on type 'JSX.IntrinsicElements'.
src/components/profile/ProfileViewEnhanced.tsx(98,7): error TS2339: Property 'iOS26LiquidCard' does not exist on type 'JSX.IntrinsicElements'.
src/components/profile/ProfileViewEnhanced.tsx(106,7): error TS2339: Property 'iOS26LiquidCard' does not exist on type 'JSX.IntrinsicElements'.
src/components/profile/ProfileViewEnhanced.tsx(128,5): error TS2339: Property 'iOS26LiquidCard' does not exist on type 'JSX.IntrinsicElements'.
src/components/profile/ProfileViewEnhanced.tsx(151,13): error TS2339: Property 'iOS26LiquidButton' does not exist on type 'JSX.IntrinsicElements'.
src/components/profile/ProfileViewEnhanced.tsx(159,13): error TS2339: Property 'iOS26LiquidButton' does not exist on type 'JSX.IntrinsicElements'.
src/components/profile/ProfileViewEnhanced.tsx(162,11): error TS2339: Property 'iOS26LiquidButton' does not exist on type 'JSX.IntrinsicElements'.
src/components/profile/ProfileViewEnhanced.tsx(169,11): error TS2339: Property 'iOS26LiquidButton' does not exist on type 'JSX.IntrinsicElements'.
src/components/profile/ProfileViewEnhanced.tsx(172,5): error TS2339: Property 'iOS26LiquidCard' does not exist on type 'JSX.IntrinsicElements'.
src/components/profile/ProfileViewEnhanced.tsx(187,5): error TS2322: Type 'number' is not assignable to type '"beginner" | "intermediate" | "advanced" | "expert" | undefined'.
src/components/profile/ProfileViewEnhanced.tsx(418,29): error TS2339: Property 'recoveryFailed' does not exist on type 'typeof ProfileErrorFactory'.
src/components/profile/ProfileViewEnhanced.tsx(593,17): error TS2339: Property 'iOS26LiquidButton' does not exist on type 'JSX.IntrinsicElements'.
src/components/profile/ProfileViewEnhanced.tsx(603,17): error TS2339: Property 'iOS26LiquidButton' does not exist on type 'JSX.IntrinsicElements'.
src/components/profile/ProfileViewEnhanced.tsx(618,15): error TS2339: Property 'iOS26LiquidCard' does not exist on type 'JSX.IntrinsicElements'.
src/components/profile/ProfileViewEnhanced.tsx(636,21): error TS2339: Property 'iOS26LiquidButton' does not exist on type 'JSX.IntrinsicElements'.
src/components/profile/ProfileViewEnhanced.tsx(642,21): error TS2339: Property 'iOS26LiquidButton' does not exist on type 'JSX.IntrinsicElements'.
src/components/profile/ProfileViewEnhanced.tsx(644,21): error TS2339: Property 'iOS26LiquidButton' does not exist on type 'JSX.IntrinsicElements'.
src/components/profile/ProfileViewEnhanced.tsx(649,21): error TS2339: Property 'iOS26LiquidButton' does not exist on type 'JSX.IntrinsicElements'.
src/components/profile/ProfileViewEnhanced.tsx(652,15): error TS2339: Property 'iOS26LiquidCard' does not exist on type 'JSX.IntrinsicElements'.
src/components/profile/ProfileViewEnhanced.tsx(666,13): error TS2339: Property 'iOS26LiquidCard' does not exist on type 'JSX.IntrinsicElements'.
src/components/profile/ProfileViewEnhanced.tsx(678,23): error TS2339: Property 'iOS26LiquidInput' does not exist on type 'JSX.IntrinsicElements'.
src/components/profile/ProfileViewEnhanced.tsx(682,36): error TS7006: Parameter 'e' implicitly has an 'any' type.
src/components/profile/ProfileViewEnhanced.tsx(696,23): error TS2339: Property 'iOS26LiquidInput' does not exist on type 'JSX.IntrinsicElements'.
src/components/profile/ProfileViewEnhanced.tsx(700,36): error TS7006: Parameter 'e' implicitly has an 'any' type.
src/components/profile/ProfileViewEnhanced.tsx(713,13): error TS2339: Property 'iOS26LiquidCard' does not exist on type 'JSX.IntrinsicElements'.
src/components/profile/ProfileViewEnhanced.tsx(724,13): error TS2339: Property 'iOS26LiquidCard' does not exist on type 'JSX.IntrinsicElements'.
src/components/profile/ProfileViewEnhanced.tsx(745,29): error TS2339: Property 'iOS26LiquidButton' does not exist on type 'JSX.IntrinsicElements'.
src/components/profile/ProfileViewEnhanced.tsx(761,29): error TS2339: Property 'iOS26LiquidButton' does not exist on type 'JSX.IntrinsicElements'.
src/components/profile/ProfileViewEnhanced.tsx(769,13): error TS2339: Property 'iOS26LiquidCard' does not exist on type 'JSX.IntrinsicElements'.
src/components/profile/ProfileViewEnhanced.tsx(783,13): error TS2339: Property 'iOS26LiquidCard' does not exist on type 'JSX.IntrinsicElements'.
src/components/profile/ProfileViewEnhanced.tsx(821,33): error TS2339: Property 'iOS26LiquidButton' does not exist on type 'JSX.IntrinsicElements'.
src/components/profile/ProfileViewEnhanced.tsx(842,33): error TS2339: Property 'iOS26LiquidButton' does not exist on type 'JSX.IntrinsicElements'.
src/components/profile/ProfileViewEnhanced.tsx(856,25): error TS2339: Property 'iOS26LiquidInput' does not exist on type 'JSX.IntrinsicElements'.
src/components/profile/ProfileViewEnhanced.tsx(858,38): error TS7006: Parameter 'e' implicitly has an 'any' type.
src/components/profile/ProfileViewEnhanced.tsx(859,39): error TS7006: Parameter 'e' implicitly has an 'any' type.
src/components/profile/ProfileViewEnhanced.tsx(868,25): error TS2339: Property 'iOS26LiquidButton' does not exist on type 'JSX.IntrinsicElements'.
src/components/profile/ProfileViewEnhanced.tsx(875,25): error TS2339: Property 'iOS26LiquidButton' does not exist on type 'JSX.IntrinsicElements'.
src/components/profile/ProfileViewEnhanced.tsx(882,22): error TS2532: Object is possibly 'undefined'.
src/components/profile/ProfileViewEnhanced.tsx(891,28): error TS18048: 'profile.allergies' is possibly 'undefined'.
src/components/profile/ProfileViewEnhanced.tsx(903,35): error TS2339: Property 'iOS26LiquidButton' does not exist on type 'JSX.IntrinsicElements'.
src/components/profile/ProfileViewEnhanced.tsx(911,35): error TS2339: Property 'iOS26LiquidButton' does not exist on type 'JSX.IntrinsicElements'.
src/components/profile/ProfileViewEnhanced.tsx(921,13): error TS2339: Property 'iOS26LiquidCard' does not exist on type 'JSX.IntrinsicElements'.
src/components/profile/sections/ActivitySection.tsx(225,61): error TS18048: 'percent' is possibly 'undefined'.
src/components/profile/sections/HouseholdSection.tsx(55,22): error TS2339: Property 'name' does not exist on type '{ id: string; userId: string; username: string; fullName: string; email: string; language: string; theme: "light" | "dark" | "system"; stats: { recipesCreated: number; mealsPlanned: number; recipesRated: number; streakDays: number; joinedDate: Date; lastActive: Date; }; ... 20 more ...; location?: { ...; } | undefin...'.
src/components/profile/sections/HouseholdSection.tsx(76,24): error TS2304: Cannot find name 'HouseholdMemberFormData'.
src/components/profile/sections/HouseholdSection.tsx(86,40): error TS2304: Cannot find name 'HouseholdMemberFormData'.
src/components/profile/sections/HouseholdSection.tsx(107,61): error TS2304: Cannot find name 'HouseholdMemberFormData'.
src/components/profile/sections/PreferencesSection.tsx(82,36): error TS2304: Cannot find name 'DietaryRestrictionsFormData'.
src/components/profile/sections/PreferencesSection.tsx(90,32): error TS2304: Cannot find name 'CuisinePreferencesFormData'.
src/components/profile/sections/PreferencesSection.tsx(93,26): error TS2339: Property 'cuisinePreferences' does not exist on type '{ id: string; userId: string; username: string; fullName: string; email: string; language: string; theme: "light" | "dark" | "system"; stats: { recipesCreated: number; mealsPlanned: number; recipesRated: number; streakDays: number; joinedDate: Date; lastActive: Date; }; ... 20 more ...; location?: { ...; } | undefin...'.
src/components/profile/sections/PreferencesSection.tsx(95,29): error TS2339: Property 'preferredCookingTime' does not exist on type '{ id: string; userId: string; username: string; fullName: string; email: string; language: string; theme: "light" | "dark" | "system"; stats: { recipesCreated: number; mealsPlanned: number; recipesRated: number; streakDays: number; joinedDate: Date; lastActive: Date; }; ... 20 more ...; location?: { ...; } | undefin...'.
src/components/profile/sections/PreferencesSection.tsx(96,27): error TS2339: Property 'availableEquipment' does not exist on type '{ id: string; userId: string; username: string; fullName: string; email: string; language: string; theme: "light" | "dark" | "system"; stats: { recipesCreated: number; mealsPlanned: number; recipesRated: number; streakDays: number; joinedDate: Date; lastActive: Date; }; ... 20 more ...; location?: { ...; } | undefin...'.
src/components/profile/sections/PreferencesSection.tsx(100,47): error TS2304: Cannot find name 'DietaryRestrictionsFormData'.
src/components/profile/sections/PreferencesSection.tsx(113,43): error TS2304: Cannot find name 'CuisinePreferencesFormData'.
src/components/profile/sections/PreferencesSection.tsx(116,9): error TS2353: Object literal may only specify known properties, and 'cuisinePreferences' does not exist in type 'Partial<{ id: string; userId: string; username: string; fullName: string; email: string; language: string; theme: "light" | "dark" | "system"; stats: { recipesCreated: number; mealsPlanned: number; recipesRated: number; streakDays: number; joinedDate: Date; lastActive: Date; }; ... 20 more ...; location?: { ...; } |...'.
src/components/profile/sections/PreferencesSection.tsx(129,33): error TS2339: Property 'cuisinePreferences' does not exist on type '{ id: string; userId: string; username: string; fullName: string; email: string; language: string; theme: "light" | "dark" | "system"; stats: { recipesCreated: number; mealsPlanned: number; recipesRated: number; streakDays: number; joinedDate: Date; lastActive: Date; }; ... 20 more ...; location?: { ...; } | undefin...'.
src/components/profile/sections/PreferencesSection.tsx(129,57): error TS7006: Parameter 'cuisine' implicitly has an 'any' type.
src/components/profile/sections/PreferencesSection.tsx(175,84): error TS7006: Parameter 'r' implicitly has an 'any' type.
src/components/profile/sections/PreferencesSection.tsx(209,81): error TS7006: Parameter 'a' implicitly has an 'any' type.
src/components/profile/sections/PreferencesSection.tsx(302,76): error TS7006: Parameter 'c' implicitly has an 'any' type.
src/components/profile/sections/PreferencesSection.tsx(388,36): error TS7006: Parameter 'cuisine' implicitly has an 'any' type.
src/components/profile/sections/PreferencesSection.tsx(388,45): error TS7006: Parameter 'index' implicitly has an 'any' type.
src/components/profile/sections/PreferencesSection.tsx(418,29): error TS2339: Property 'preferredCookingTime' does not exist on type '{ id: string; userId: string; username: string; fullName: string; email: string; language: string; theme: "light" | "dark" | "system"; stats: { recipesCreated: number; mealsPlanned: number; recipesRated: number; streakDays: number; joinedDate: Date; lastActive: Date; }; ... 20 more ...; location?: { ...; } | undefin...'.
src/components/profile/sections/PreferencesSection.tsx(419,29): error TS2339: Property 'preferredCookingTime' does not exist on type '{ id: string; userId: string; username: string; fullName: string; email: string; language: string; theme: "light" | "dark" | "system"; stats: { recipesCreated: number; mealsPlanned: number; recipesRated: number; streakDays: number; joinedDate: Date; lastActive: Date; }; ... 20 more ...; location?: { ...; } | undefin...'.
src/components/profile/sections/PreferencesSection.tsx(420,29): error TS2339: Property 'preferredCookingTime' does not exist on type '{ id: string; userId: string; username: string; fullName: string; email: string; language: string; theme: "light" | "dark" | "system"; stats: { recipesCreated: number; mealsPlanned: number; recipesRated: number; streakDays: number; joinedDate: Date; lastActive: Date; }; ... 20 more ...; location?: { ...; } | undefin...'.
src/components/profile/sections/PreferencesSection.tsx(421,30): error TS2339: Property 'preferredCookingTime' does not exist on type '{ id: string; userId: string; username: string; fullName: string; email: string; language: string; theme: "light" | "dark" | "system"; stats: { recipesCreated: number; mealsPlanned: number; recipesRated: number; streakDays: number; joinedDate: Date; lastActive: Date; }; ... 20 more ...; location?: { ...; } | undefin...'.
src/components/profile/sections/PreferencesSection.tsx(433,48): error TS2339: Property 'availableEquipment' does not exist on type '{ id: string; userId: string; username: string; fullName: string; email: string; language: string; theme: "light" | "dark" | "system"; stats: { recipesCreated: number; mealsPlanned: number; recipesRated: number; streakDays: number; joinedDate: Date; lastActive: Date; }; ... 20 more ...; location?: { ...; } | undefin...'.
src/components/profile/tabs/ProfileTabs.tsx(91,5): error TS2353: Object literal may only specify known properties, and 'threshold' does not exist in type 'Partial<SwipeableDirectionCallbacks & { onSwipeStart: SwipeCallback; onSwiped: SwipeCallback; onSwiping: SwipeCallback; onTap: TapCallback; onTouchStartOrOnMouseDown: TapCallback; onTouchEndOrOnMouseUp: TapCallback; } & ConfigurationOptions>'.
src/components/profile/UserProfileForm.tsx(35,3): error TS2305: Module '"@/lib/types/mealPlanning"' has no exported member 'Allergies'.
src/components/profile/UserProfileForm.tsx(36,3): error TS2305: Module '"@/lib/types/mealPlanning"' has no exported member 'Cuisines'.
src/components/profile/UserProfileForm.tsx(133,40): error TS2339: Property 'notifications' does not exist on type '{ userId: string; dietaryRestrictions: ("vegetarian" | "vegan" | "keto" | "paleo" | "low-carb" | "mediterranean" | "gluten-free" | "dairy-free" | "low-sodium" | "diabetic-friendly" | "heart-healthy")[]; ... 11 more ...; weeklyBudget?: number | undefined; }'.
src/components/profile/UserProfileForm.tsx(232,17): error TS18046: 'error' is of type 'unknown'.
src/components/profile/UserProfileForm.tsx(233,15): error TS18046: 'error' is of type 'unknown'.
src/components/profile/UserProfileForm.tsx(312,34): error TS2339: Property 'DATABASE_ERROR' does not exist on type '{ readonly AI_SERVICE_UNAVAILABLE: "AI_SERVICE_UNAVAILABLE"; readonly AI_QUOTA_EXCEEDED: "AI_QUOTA_EXCEEDED"; readonly AI_RESPONSE_INVALID: "AI_RESPONSE_INVALID"; readonly AI_TIMEOUT: "AI_TIMEOUT"; ... 20 more ...; readonly RATE_LIMIT_EXCEEDED: "RATE_LIMIT_EXCEEDED"; }'.
src/components/profile/UserProfileForm.tsx(491,15): error TS2322: Type 'unknown' is not assignable to type 'Key | null | undefined'.
src/components/profile/UserProfileForm.tsx(495,59): error TS2345: Argument of type 'unknown' is not assignable to parameter of type 'string'.
src/components/profile/UserProfileForm.tsx(497,15): error TS2322: Type 'unknown' is not assignable to type 'ReactNode'.
src/components/profile/UserProfileForm.tsx(509,15): error TS2322: Type 'unknown' is not assignable to type 'Key | null | undefined'.
src/components/profile/UserProfileForm.tsx(513,66): error TS2345: Argument of type 'unknown' is not assignable to parameter of type 'string'.
src/components/profile/UserProfileForm.tsx(515,15): error TS2322: Type 'unknown' is not assignable to type 'ReactNode'.
src/components/profile/UserProfileForm.tsx(525,27): error TS2693: 'CookingSkillLevel' only refers to a type, but is being used as a value here.
src/components/recipe/AdvancedPantryFilter.tsx(128,28): error TS2339: Property 'Target' does not exist on type '{ ChefHat: FC<IconProps>; Knife: FC<IconProps>; Cake: FC<IconProps>; Clock: FC<IconProps>; Flame: FC<IconProps>; ... 16 more ...; Cog: FC<...>; }'.
src/components/recipe/AdvancedPantryFilter.tsx(137,28): error TS2339: Property 'DollarSign' does not exist on type '{ ChefHat: FC<IconProps>; Knife: FC<IconProps>; Cake: FC<IconProps>; Clock: FC<IconProps>; Flame: FC<IconProps>; ... 16 more ...; Cog: FC<...>; }'.
src/components/recipe/AdvancedPantryFilter.tsx(149,15): error TS2322: Type '"neutral"' is not assignable to type '"fresh" | "warm" | "rich" | "golden" | "primary" | "secondary" | "ghost" | "glass" | undefined'.
src/components/recipe/AdvancedPantryFilter.tsx(152,32): error TS2339: Property 'Settings' does not exist on type '{ ChefHat: FC<IconProps>; Knife: FC<IconProps>; Cake: FC<IconProps>; Clock: FC<IconProps>; Flame: FC<IconProps>; ... 16 more ...; Cog: FC<...>; }'.
src/components/recipe/AdvancedPantryFilter.tsx(153,55): error TS2339: Property 'ChevronUp' does not exist on type '{ ChefHat: FC<IconProps>; Knife: FC<IconProps>; Cake: FC<IconProps>; Clock: FC<IconProps>; Flame: FC<IconProps>; ... 16 more ...; Cog: FC<...>; }'.
src/components/recipe/AdvancedPantryFilter.tsx(153,87): error TS2339: Property 'ChevronDown' does not exist on type '{ ChefHat: FC<IconProps>; Knife: FC<IconProps>; Cake: FC<IconProps>; Clock: FC<IconProps>; Flame: FC<IconProps>; ... 16 more ...; Cog: FC<...>; }'.
src/components/recipe/AdvancedPantryFilter.tsx(166,15): error TS2322: Type '"neutral"' is not assignable to type '"fresh" | "warm" | "rich" | "golden" | "primary" | "secondary" | "ghost" | "glass" | undefined'.
src/components/recipe/AdvancedPantryFilter.tsx(169,32): error TS2339: Property 'Package' does not exist on type '{ ChefHat: FC<IconProps>; Knife: FC<IconProps>; Cake: FC<IconProps>; Clock: FC<IconProps>; Flame: FC<IconProps>; ... 16 more ...; Cog: FC<...>; }'.
src/components/recipe/AdvancedPantryFilter.tsx(176,13): error TS2322: Type '"fresh" | "neutral"' is not assignable to type '"fresh" | "warm" | "rich" | "golden" | "primary" | "secondary" | "ghost" | "glass" | undefined'.
  Type '"neutral"' is not assignable to type '"fresh" | "warm" | "rich" | "golden" | "primary" | "secondary" | "ghost" | "glass" | undefined'.
src/components/recipe/AdvancedPantryFilter.tsx(181,24): error TS2339: Property 'CheckCircle' does not exist on type '{ ChefHat: FC<IconProps>; Knife: FC<IconProps>; Cake: FC<IconProps>; Clock: FC<IconProps>; Flame: FC<IconProps>; ... 16 more ...; Cog: FC<...>; }'.
src/components/recipe/AdvancedPantryFilter.tsx(182,24): error TS2339: Property 'Filter' does not exist on type '{ ChefHat: FC<IconProps>; Knife: FC<IconProps>; Cake: FC<IconProps>; Clock: FC<IconProps>; Flame: FC<IconProps>; ... 16 more ...; Cog: FC<...>; }'.
src/components/recipe/AdvancedPantryFilter.tsx(195,15): error TS2322: Type '"neutral"' is not assignable to type '"fresh" | "warm" | "rich" | "golden" | "primary" | "secondary" | "ghost" | "glass" | undefined'.
src/components/recipe/AdvancedPantryFilter.tsx(198,32): error TS2339: Property 'Target' does not exist on type '{ ChefHat: FC<IconProps>; Knife: FC<IconProps>; Cake: FC<IconProps>; Clock: FC<IconProps>; Flame: FC<IconProps>; ... 16 more ...; Cog: FC<...>; }'.
src/components/recipe/AdvancedPantryFilter.tsx(206,15): error TS2322: Type '"neutral"' is not assignable to type '"fresh" | "warm" | "rich" | "golden" | "primary" | "secondary" | "ghost" | "glass" | undefined'.
src/components/recipe/AdvancedPantryFilter.tsx(209,32): error TS2339: Property 'DollarSign' does not exist on type '{ ChefHat: FC<IconProps>; Knife: FC<IconProps>; Cake: FC<IconProps>; Clock: FC<IconProps>; Flame: FC<IconProps>; ... 16 more ...; Cog: FC<...>; }'.
src/components/recipe/AdvancedPantryFilter.tsx(219,22): error TS2322: Type '"xs"' is not assignable to type '"4xl" | "3xl" | "2xl" | "xl" | "lg" | "md" | "sm" | undefined'.
src/components/recipe/AdvancedPantryFilter.tsx(241,21): error TS2322: Type '"xs"' is not assignable to type '"xl" | "lg" | "md" | "sm" | undefined'.
src/components/recipe/AdvancedPantryFilter.tsx(269,21): error TS2322: Type '"xs"' is not assignable to type '"xl" | "lg" | "md" | "sm" | undefined'.
src/components/recipe/AdvancedPantryFilter.tsx(296,21): error TS2322: Type '"xs"' is not assignable to type '"xl" | "lg" | "md" | "sm" | undefined'.
src/components/recipe/AdvancedPantryFilter.tsx(308,17): error TS2322: Type '"neutral"' is not assignable to type '"fresh" | "warm" | "rich" | "golden" | "primary" | "secondary" | "ghost" | "glass" | undefined'.
src/components/recipe/AdvancedPantryFilter.tsx(309,17): error TS2322: Type '"xs"' is not assignable to type '"xl" | "lg" | "md" | "sm" | undefined'.
src/components/recipe/AdvancedPantryFilter.tsx(315,34): error TS2339: Property 'RotateCcw' does not exist on type '{ ChefHat: FC<IconProps>; Knife: FC<IconProps>; Cake: FC<IconProps>; Clock: FC<IconProps>; Flame: FC<IconProps>; ... 16 more ...; Cog: FC<...>; }'.
src/components/recipe/AdvancedPantryFilter.tsx(346,20): error TS2339: Property 'TrendingUp' does not exist on type '{ ChefHat: FC<IconProps>; Knife: FC<IconProps>; Cake: FC<IconProps>; Clock: FC<IconProps>; Flame: FC<IconProps>; ... 16 more ...; Cog: FC<...>; }'.
src/components/recipe/PantryFilter.tsx(116,28): error TS2339: Property 'Target' does not exist on type '{ ChefHat: FC<IconProps>; Knife: FC<IconProps>; Cake: FC<IconProps>; Clock: FC<IconProps>; Flame: FC<IconProps>; ... 16 more ...; Cog: FC<...>; }'.
src/components/recipe/PantryFilter.tsx(125,28): error TS2339: Property 'DollarSign' does not exist on type '{ ChefHat: FC<IconProps>; Knife: FC<IconProps>; Cake: FC<IconProps>; Clock: FC<IconProps>; Flame: FC<IconProps>; ... 16 more ...; Cog: FC<...>; }'.
src/components/recipe/PantryFilter.tsx(138,17): error TS2322: Type '"neutral"' is not assignable to type '"fresh" | "warm" | "rich" | "golden" | "primary" | "secondary" | "ghost" | "glass" | undefined'.
src/components/recipe/PantryFilter.tsx(141,34): error TS2339: Property 'Package' does not exist on type '{ ChefHat: FC<IconProps>; Knife: FC<IconProps>; Cake: FC<IconProps>; Clock: FC<IconProps>; Flame: FC<IconProps>; ... 16 more ...; Cog: FC<...>; }'.
src/components/recipe/PantryFilter.tsx(148,15): error TS2322: Type '"fresh" | "neutral"' is not assignable to type '"fresh" | "warm" | "rich" | "golden" | "primary" | "secondary" | "ghost" | "glass" | undefined'.
  Type '"neutral"' is not assignable to type '"fresh" | "warm" | "rich" | "golden" | "primary" | "secondary" | "ghost" | "glass" | undefined'.
src/components/recipe/PantryFilter.tsx(153,26): error TS2339: Property 'CheckCircle' does not exist on type '{ ChefHat: FC<IconProps>; Knife: FC<IconProps>; Cake: FC<IconProps>; Clock: FC<IconProps>; Flame: FC<IconProps>; ... 16 more ...; Cog: FC<...>; }'.
src/components/recipe/PantryFilter.tsx(154,26): error TS2339: Property 'Filter' does not exist on type '{ ChefHat: FC<IconProps>; Knife: FC<IconProps>; Cake: FC<IconProps>; Clock: FC<IconProps>; Flame: FC<IconProps>; ... 16 more ...; Cog: FC<...>; }'.
src/components/recipe/PantryFilter.tsx(183,17): error TS2322: Type '"neutral"' is not assignable to type '"fresh" | "warm" | "rich" | "golden" | "primary" | "secondary" | "ghost" | "glass" | undefined'.
src/components/recipe/PantryFilter.tsx(187,34): error TS2339: Property 'Package' does not exist on type '{ ChefHat: FC<IconProps>; Knife: FC<IconProps>; Cake: FC<IconProps>; Clock: FC<IconProps>; Flame: FC<IconProps>; ... 16 more ...; Cog: FC<...>; }'.
src/components/recipe/PantryFilter.tsx(194,15): error TS2322: Type '"fresh" | "neutral"' is not assignable to type '"fresh" | "warm" | "rich" | "golden" | "primary" | "secondary" | "ghost" | "glass" | undefined'.
  Type '"neutral"' is not assignable to type '"fresh" | "warm" | "rich" | "golden" | "primary" | "secondary" | "ghost" | "glass" | undefined'.
src/components/recipe/PantryFilter.tsx(200,26): error TS2339: Property 'CheckCircle' does not exist on type '{ ChefHat: FC<IconProps>; Knife: FC<IconProps>; Cake: FC<IconProps>; Clock: FC<IconProps>; Flame: FC<IconProps>; ... 16 more ...; Cog: FC<...>; }'.
src/components/recipe/PantryFilter.tsx(201,26): error TS2339: Property 'Filter' does not exist on type '{ ChefHat: FC<IconProps>; Knife: FC<IconProps>; Cake: FC<IconProps>; Clock: FC<IconProps>; Flame: FC<IconProps>; ... 16 more ...; Cog: FC<...>; }'.
src/components/recipe/PantryFilter.tsx(251,19): error TS2322: Type '"neutral"' is not assignable to type '"fresh" | "warm" | "rich" | "golden" | "primary" | "secondary" | "ghost" | "glass" | undefined'.
src/components/recipe/PantryFilter.tsx(251,37): error TS2322: Type '"xs"' is not assignable to type '"xl" | "lg" | "md" | "sm" | undefined'.
src/components/recipe/PantryFilter.tsx(271,9): error TS2322: Type '"fresh" | "neutral"' is not assignable to type '"fresh" | "warm" | "rich" | "golden" | "primary" | "secondary" | "ghost" | "glass" | undefined'.
  Type '"neutral"' is not assignable to type '"fresh" | "warm" | "rich" | "golden" | "primary" | "secondary" | "ghost" | "glass" | undefined'.
src/components/recipe/PantryFilter.tsx(276,20): error TS2339: Property 'CheckCircle' does not exist on type '{ ChefHat: FC<IconProps>; Knife: FC<IconProps>; Cake: FC<IconProps>; Clock: FC<IconProps>; Flame: FC<IconProps>; ... 16 more ...; Cog: FC<...>; }'.
src/components/recipe/PantryFilter.tsx(277,20): error TS2339: Property 'Filter' does not exist on type '{ ChefHat: FC<IconProps>; Knife: FC<IconProps>; Cake: FC<IconProps>; Clock: FC<IconProps>; Flame: FC<IconProps>; ... 16 more ...; Cog: FC<...>; }'.
src/components/recipe/PantryInsights.tsx(46,22): error TS2339: Property 'CheckCircle' does not exist on type '{ ChefHat: FC<IconProps>; Knife: FC<IconProps>; Cake: FC<IconProps>; Clock: FC<IconProps>; Flame: FC<IconProps>; ... 16 more ...; Cog: FC<...>; }'.
src/components/recipe/PantryInsights.tsx(80,20): error TS2339: Property 'AlertCircle' does not exist on type '{ ChefHat: FC<IconProps>; Knife: FC<IconProps>; Cake: FC<IconProps>; Clock: FC<IconProps>; Flame: FC<IconProps>; ... 16 more ...; Cog: FC<...>; }'.
src/components/recipe/PantryInsights.tsx(81,45): error TS2322: Type 'RecipeIngredient[]' is not assignable to type 'ReactNode'.
  Type 'RecipeIngredient[]' is not assignable to type 'Iterable<ReactNode>'.
    The types returned by '[Symbol.iterator]().next(...)' are incompatible between these types.
      Type 'IteratorResult<RecipeIngredient, undefined>' is not assignable to type 'IteratorResult<ReactNode, any>'.
        Type 'IteratorYieldResult<RecipeIngredient>' is not assignable to type 'IteratorResult<ReactNode, any>'.
          Type 'IteratorYieldResult<RecipeIngredient>' is not assignable to type 'IteratorYieldResult<ReactNode>'.
            Type 'RecipeIngredient' is not assignable to type 'ReactNode'.
src/components/recipe/PantryInsights.tsx(86,22): error TS2339: Property 'DollarSign' does not exist on type '{ ChefHat: FC<IconProps>; Knife: FC<IconProps>; Cake: FC<IconProps>; Clock: FC<IconProps>; Flame: FC<IconProps>; ... 16 more ...; Cog: FC<...>; }'.
src/components/recipe/PantryInsights.tsx(97,20): error TS2339: Property 'TrendingUp' does not exist on type '{ ChefHat: FC<IconProps>; Knife: FC<IconProps>; Cake: FC<IconProps>; Clock: FC<IconProps>; Flame: FC<IconProps>; ... 16 more ...; Cog: FC<...>; }'.
src/components/recipe/PantryInsights.tsx(121,24): error TS2339: Property 'Tool' does not exist on type '{ ChefHat: FC<IconProps>; Knife: FC<IconProps>; Cake: FC<IconProps>; Clock: FC<IconProps>; Flame: FC<IconProps>; ... 16 more ...; Cog: FC<...>; }'.
src/components/recipe/PantryInsights.tsx(159,22): error TS2339: Property 'RefreshCw' does not exist on type '{ ChefHat: FC<IconProps>; Knife: FC<IconProps>; Cake: FC<IconProps>; Clock: FC<IconProps>; Flame: FC<IconProps>; ... 16 more ...; Cog: FC<...>; }'.
src/components/recipe/PantryInsights.tsx(199,15): error TS2322: Type '"neutral"' is not assignable to type '"fresh" | "warm" | "rich" | "golden" | "primary" | "secondary" | "ghost" | "glass" | undefined'.
src/components/recipe/PantryInsights.tsx(203,32): error TS2339: Property 'RefreshCw' does not exist on type '{ ChefHat: FC<IconProps>; Knife: FC<IconProps>; Cake: FC<IconProps>; Clock: FC<IconProps>; Flame: FC<IconProps>; ... 16 more ...; Cog: FC<...>; }'.
src/components/recipe/RecipeDeleteConfirmation.tsx(122,34): error TS2339: Property 'DATABASE_ERROR' does not exist on type '{ readonly AI_SERVICE_UNAVAILABLE: "AI_SERVICE_UNAVAILABLE"; readonly AI_QUOTA_EXCEEDED: "AI_QUOTA_EXCEEDED"; readonly AI_RESPONSE_INVALID: "AI_RESPONSE_INVALID"; readonly AI_TIMEOUT: "AI_TIMEOUT"; ... 20 more ...; readonly RATE_LIMIT_EXCEEDED: "RATE_LIMIT_EXCEEDED"; }'.
src/components/recipe/RecipeDetail.tsx(17,25): error TS2304: Cannot find name 'PantryCompatibility'.
src/components/recipe/RecipeDetail.tsx(80,22): error TS18048: 'recipe.favorited_by.length' is possibly 'undefined'.
src/components/recipe/RecipeDetail.tsx(114,7): error TS7006: Parameter 'avail' implicitly has an 'any' type.
src/components/recipe/RecipeDetail.tsx(117,7): error TS7006: Parameter 'missing' implicitly has an 'any' type.
src/components/recipe/RecipeDetail.tsx(131,34): error TS2339: Property 'CheckCircle' does not exist on type '{ ChefHat: FC<IconProps>; Knife: FC<IconProps>; Cake: FC<IconProps>; Clock: FC<IconProps>; Flame: FC<IconProps>; ... 16 more ...; Cog: FC<...>; }'.
src/components/recipe/RecipeDetail.tsx(143,24): error TS2322: Type '"xs"' is not assignable to type '"lg" | "md" | "sm" | undefined'.
src/components/recipe/RecipeDetail.tsx(160,18): error TS2322: Type '"xs"' is not assignable to type '"lg" | "md" | "sm" | undefined'.
src/components/recipe/RecipeDetail.tsx(165,18): error TS2322: Type '"xs"' is not assignable to type '"lg" | "md" | "sm" | undefined'.
src/components/recipe/RecipeDetail.tsx(205,28): error TS2339: Property 'title' does not exist on type 'RecipeInstruction'.
src/components/recipe/RecipeDetail.tsx(207,32): error TS2339: Property 'title' does not exist on type 'RecipeInstruction'.
src/components/recipe/RecipeDetail.tsx(230,26): error TS2339: Property 'Thermometer' does not exist on type '{ ChefHat: FC<IconProps>; Knife: FC<IconProps>; Cake: FC<IconProps>; Clock: FC<IconProps>; Flame: FC<IconProps>; ... 16 more ...; Cog: FC<...>; }'.
src/components/recipe/RecipeDetail.tsx(260,20): error TS2339: Property 'Package' does not exist on type '{ ChefHat: FC<IconProps>; Knife: FC<IconProps>; Cake: FC<IconProps>; Clock: FC<IconProps>; Flame: FC<IconProps>; ... 16 more ...; Cog: FC<...>; }'.
src/components/recipe/RecipeDetail.tsx(270,34): error TS2339: Property 'CheckCircle' does not exist on type '{ ChefHat: FC<IconProps>; Knife: FC<IconProps>; Cake: FC<IconProps>; Clock: FC<IconProps>; Flame: FC<IconProps>; ... 16 more ...; Cog: FC<...>; }'.
src/components/recipe/RecipeDetail.tsx(287,55): error TS7006: Parameter 'ingredient' implicitly has an 'any' type.
src/components/recipe/RecipeDetail.tsx(287,67): error TS7006: Parameter 'index' implicitly has an 'any' type.
src/components/recipe/RecipeDetail.tsx(314,20): error TS2339: Property 'ArrowLeft' does not exist on type '{ ChefHat: FC<IconProps>; Knife: FC<IconProps>; Cake: FC<IconProps>; Clock: FC<IconProps>; Flame: FC<IconProps>; ... 16 more ...; Cog: FC<...>; }'.
src/components/recipe/RecipeDetail.tsx(360,26): error TS2339: Property 'Edit' does not exist on type '{ ChefHat: FC<IconProps>; Knife: FC<IconProps>; Cake: FC<IconProps>; Clock: FC<IconProps>; Flame: FC<IconProps>; ... 16 more ...; Cog: FC<...>; }'.
src/components/recipe/RecipeDetail.tsx(371,26): error TS2339: Property 'Trash' does not exist on type '{ ChefHat: FC<IconProps>; Knife: FC<IconProps>; Cake: FC<IconProps>; Clock: FC<IconProps>; Flame: FC<IconProps>; ... 16 more ...; Cog: FC<...>; }'.
src/components/recipe/RecipeDetail.tsx(428,26): error TS2339: Property 'Minus' does not exist on type '{ ChefHat: FC<IconProps>; Knife: FC<IconProps>; Cake: FC<IconProps>; Clock: FC<IconProps>; Flame: FC<IconProps>; ... 16 more ...; Cog: FC<...>; }'.
src/components/recipe/RecipeDetail.tsx(475,30): error TS2339: Property 'Play' does not exist on type '{ ChefHat: FC<IconProps>; Knife: FC<IconProps>; Cake: FC<IconProps>; Clock: FC<IconProps>; Flame: FC<IconProps>; ... 16 more ...; Cog: FC<...>; }'.
src/components/recipe/RecipeDetail.tsx(495,11): error TS2322: Type '"neutral"' is not assignable to type '"fresh" | "warm" | "rich" | "golden" | "primary" | "secondary" | "ghost" | "glass" | undefined'.
src/components/recipe/RecipeDetail.tsx(508,61): error TS2339: Property 'Info' does not exist on type '{ ChefHat: FC<IconProps>; Knife: FC<IconProps>; Cake: FC<IconProps>; Clock: FC<IconProps>; Flame: FC<IconProps>; ... 16 more ...; Cog: FC<...>; }'.
src/components/recipe/RecipeDetail.tsx(509,69): error TS2339: Property 'List' does not exist on type '{ ChefHat: FC<IconProps>; Knife: FC<IconProps>; Cake: FC<IconProps>; Clock: FC<IconProps>; Flame: FC<IconProps>; ... 16 more ...; Cog: FC<...>; }'.
src/components/recipe/RecipeDetail.tsx(511,64): error TS2339: Property 'Activity' does not exist on type '{ ChefHat: FC<IconProps>; Knife: FC<IconProps>; Cake: FC<IconProps>; Clock: FC<IconProps>; Flame: FC<IconProps>; ... 16 more ...; Cog: FC<...>; }'.
src/components/recipe/RecipeDetail.tsx(596,15): error TS2322: Type '"neutral"' is not assignable to type '"fresh" | "warm" | "rich" | "golden" | "primary" | "secondary" | "ghost" | "glass" | undefined'.
src/components/recipe/RecipeDetail.tsx(666,19): error TS2322: Type '"neutral"' is not assignable to type '"fresh" | "warm" | "rich" | "golden" | "primary" | "secondary" | "ghost" | "glass" | undefined'.
src/components/recipes/EnhancedRecipeGrid.tsx(106,71): error TS2345: Argument of type 'RecipeListItem[]' is not assignable to parameter of type 'Recipe[]'.
  Property 'name' is missing in type 'RecipeListItem' but required in type 'Recipe'.
src/components/recipes/EnhancedRecipeGrid.tsx(368,21): error TS2353: Object literal may only specify known properties, and 'message' does not exist in type 'NotificationOptions'.
src/components/scanner/BarcodeScanner.tsx(56,9): error TS2345: Argument of type 'undefined' is not assignable to parameter of type 'string | null'.
src/components/scanner/BarcodeScanner.tsx(76,11): error TS18046: 'err' is of type 'unknown'.
src/components/scanner/BarcodeScanner.tsx(78,18): error TS18046: 'err' is of type 'unknown'.
src/components/scanner/ReceiptCamera.tsx(61,11): error TS18046: 'err' is of type 'unknown'.
src/components/scanner/ReceiptCamera.tsx(63,18): error TS18046: 'err' is of type 'unknown'.
src/components/scanner/SmartScanner.tsx(11,52): error TS2307: Cannot find module '@/components/ui/ios26-components' or its corresponding type declarations.
src/components/scanner/SmartScanner.tsx(113,11): error TS2339: Property 'iOS26LiquidButton' does not exist on type 'JSX.IntrinsicElements'.
src/components/scanner/SmartScanner.tsx(125,11): error TS2339: Property 'iOS26LiquidButton' does not exist on type 'JSX.IntrinsicElements'.
src/components/scanner/SmartScanner.tsx(130,7): error TS2339: Property 'iOS26LiquidCard' does not exist on type 'JSX.IntrinsicElements'.
src/components/scanner/SmartScanner.tsx(177,25): error TS2339: Property 'iOS26LiquidButton' does not exist on type 'JSX.IntrinsicElements'.
src/components/scanner/SmartScanner.tsx(194,25): error TS2339: Property 'iOS26LiquidButton' does not exist on type 'JSX.IntrinsicElements'.
src/components/scanner/SmartScanner.tsx(276,19): error TS2339: Property 'iOS26LiquidButton' does not exist on type 'JSX.IntrinsicElements'.
src/components/scanner/SmartScanner.tsx(282,19): error TS2339: Property 'iOS26LiquidButton' does not exist on type 'JSX.IntrinsicElements'.
src/components/scanner/SmartScanner.tsx(283,19): error TS2339: Property 'iOS26LiquidButton' does not exist on type 'JSX.IntrinsicElements'.
src/components/scanner/SmartScanner.tsx(289,19): error TS2339: Property 'iOS26LiquidButton' does not exist on type 'JSX.IntrinsicElements'.
src/components/scanner/SmartScanner.tsx(317,7): error TS2339: Property 'iOS26LiquidCard' does not exist on type 'JSX.IntrinsicElements'.
src/components/shopping/EnhancedShoppingList.tsx(120,30): error TS2322: Type 'string | Promise<string>' is not assignable to type 'BlobPart'.
  Type 'Promise<string>' is not assignable to type 'BlobPart'.
    Type 'Promise<string>' is missing the following properties from type 'ArrayBuffer': byteLength, slice
src/components/shopping/index.ts(6,37): error TS2307: Cannot find module './ShoppingListManager' or its corresponding type declarations.
src/components/shopping/index.ts(7,39): error TS2307: Cannot find module './ShoppingListOptimizer' or its corresponding type declarations.
src/components/shopping/index.ts(10,49): error TS2307: Cannot find module './ShoppingListManager' or its corresponding type declarations.
src/components/ui/KeBadge.tsx(101,6): error TS2322: Type '{ children: (false | "" | 0 | 0n | Element | null | undefined)[]; defaultChecked?: boolean | undefined; defaultValue?: string | number | readonly string[] | undefined; suppressContentEditableWarning?: boolean | undefined; ... 275 more ...; whileTap: { ...; } | undefined; }' is not assignable to type 'Omit<HTMLMotionProps<"div">, "ref">'.
  Types of property 'onAnimationStart' are incompatible.
    Type 'AnimationEventHandler<HTMLDivElement> | undefined' is not assignable to type '((definition: AnimationDefinition) => void) | undefined'.
      Type 'AnimationEventHandler<HTMLDivElement>' is not assignable to type '(definition: AnimationDefinition) => void'.
        Types of parameters 'event' and 'definition' are incompatible.
          Type 'AnimationDefinition' is not assignable to type 'AnimationEvent<HTMLDivElement>'.
            Type 'string' is not assignable to type 'AnimationEvent<HTMLDivElement>'.
src/components/ui/KeCard.tsx(77,6): error TS2322: Type '{ children: (ReactNode | Element)[]; defaultChecked?: boolean | undefined; defaultValue?: string | number | readonly string[] | undefined; suppressContentEditableWarning?: boolean | undefined; ... 275 more ...; whileTap: { ...; } | undefined; }' is not assignable to type 'Omit<HTMLMotionProps<"div">, "ref">'.
  Types of property 'onAnimationStart' are incompatible.
    Type 'AnimationEventHandler<HTMLDivElement> | undefined' is not assignable to type '((definition: AnimationDefinition) => void) | undefined'.
      Type 'AnimationEventHandler<HTMLDivElement>' is not assignable to type '(definition: AnimationDefinition) => void'.
        Types of parameters 'event' and 'definition' are incompatible.
          Type 'AnimationDefinition' is not assignable to type 'AnimationEvent<HTMLDivElement>'.
            Type 'string' is not assignable to type 'AnimationEvent<HTMLDivElement>'.
src/components/ui/KeInput.tsx(101,10): error TS2322: Type '{ accept?: string | undefined; alt?: string | undefined; autoComplete?: HTMLInputAutoCompleteAttribute | undefined; capture?: boolean | "user" | "environment" | undefined; ... 305 more ...; transition: { ...; }; }' is not assignable to type 'Omit<HTMLMotionProps<"input">, "ref">'.
  Types of property 'onAnimationStart' are incompatible.
    Type 'AnimationEventHandler<HTMLInputElement> | undefined' is not assignable to type '((definition: AnimationDefinition) => void) | undefined'.
      Type 'AnimationEventHandler<HTMLInputElement>' is not assignable to type '(definition: AnimationDefinition) => void'.
        Types of parameters 'event' and 'definition' are incompatible.
          Type 'AnimationDefinition' is not assignable to type 'AnimationEvent<HTMLInputElement>'.
            Type 'string' is not assignable to type 'AnimationEvent<HTMLInputElement>'.
src/components/ui/theme-switcher.tsx(90,12): error TS2774: This condition will always return true since this function is always defined. Did you mean to call it instead?
src/components/ui/theme-switcher.tsx(90,27): error TS2339: Property 'currentIcon' does not exist on type 'JSX.IntrinsicElements'.
src/components/voice/DiscreteVoiceButton.tsx(86,18): error TS2339: Property 'items' does not exist on type 'ParsedIngredientInput[]'.
src/components/voice/DiscreteVoiceButton.tsx(87,33): error TS2339: Property 'items' does not exist on type 'ParsedIngredientInput[]'.
src/components/voice/DiscreteVoiceButton.tsx(87,43): error TS7006: Parameter 'item' implicitly has an 'any' type.
src/components/voice/index.ts(16,29): error TS2307: Cannot find module './VoiceButton' or its corresponding type declarations.
src/components/voice/index.ts(20,15): error TS2305: Module '"@/services/voice"' has no exported member 'VoiceOptions'.
src/components/voice/index.ts(20,29): error TS2305: Module '"@/services/voice"' has no exported member 'VoiceResult'.
src/components/voice/index.ts(20,56): error TS2305: Module '"@/services/voice"' has no exported member 'VoiceState'.
src/components/voice/index.ts(36,54): error TS2307: Cannot find module '@/services/voice/smartParser' or its corresponding type declarations.
src/components/voice/UnifiedVoiceButton.tsx(7,46): error TS2305: Module '"@/services/voice"' has no exported member 'VoiceOptions'.
src/components/voice/UnifiedVoiceButton.tsx(7,60): error TS2305: Module '"@/services/voice"' has no exported member 'VoiceResult'.
src/components/voice/UnifiedVoiceButton.tsx(54,5): error TS2339: Property 'state' does not exist on type 'UseVoiceServiceReturn'.
src/components/voice/UnifiedVoiceButton.tsx(60,5): error TS2339: Property 'start' does not exist on type 'UseVoiceServiceReturn'.
src/components/voice/UnifiedVoiceButton.tsx(61,5): error TS2339: Property 'stop' does not exist on type 'UseVoiceServiceReturn'.
src/components/voice/UnifiedVoiceButton.tsx(62,5): error TS2339: Property 'clear' does not exist on type 'UseVoiceServiceReturn'.
src/components/voice/UnifiedVoiceButton.tsx(63,5): error TS2339: Property 'isSupported' does not exist on type 'UseVoiceServiceReturn'.
src/components/voice/UnifiedVoiceButton.tsx(65,5): error TS2353: Object literal may only specify known properties, and 'mode' does not exist in type 'UseVoiceServiceOptions'.
src/components/voice/UnifiedVoiceButton.tsx(72,16): error TS7006: Parameter 'result' implicitly has an 'any' type.
src/components/voice/UnifiedVoiceButton.tsx(203,13): error TS2322: Type 'number' is not assignable to type '"sm" | "lg" | "md" | undefined'.
src/components/voice/UnifiedVoiceButton.tsx(234,38): error TS2322: Type 'Error' is not assignable to type 'ReactNode'.
src/components/voice/VoiceInput.tsx(72,13): error TS2322: Type '{ name: string | undefined; quantity: number; unit: string; confidence: number; originalText: string; }[]' is not assignable to type 'ParsedIngredient[]'.
  Type '{ name: string | undefined; quantity: number; unit: string; confidence: number; originalText: string; }' is not assignable to type 'ParsedIngredient'.
    Types of property 'name' are incompatible.
      Type 'string | undefined' is not assignable to type 'string'.
        Type 'undefined' is not assignable to type 'string'.
src/components/voice/VoiceModal.tsx(91,28): error TS2339: Property 'items' does not exist on type 'ParsedIngredientInput[]'.
src/components/voice/VoiceModal.tsx(91,44): error TS2339: Property 'items' does not exist on type 'ParsedIngredientInput[]'.
src/components/voice/VoiceModal.tsx(92,33): error TS2339: Property 'items' does not exist on type 'ParsedIngredientInput[]'.
src/components/voice/VoiceModal.tsx(92,43): error TS7006: Parameter 'item' implicitly has an 'any' type.
src/components/voice/VoiceModal.tsx(310,38): error TS2339: Property 'items' does not exist on type 'ParsedIngredientInput[]'.
src/components/voice/VoiceModal.tsx(311,53): error TS2339: Property 'items' does not exist on type 'ParsedIngredientInput[]'.
src/components/voice/VoiceModal.tsx(311,63): error TS7006: Parameter 'item' implicitly has an 'any' type.
src/components/voice/VoiceRecorder.tsx(13,15): error TS2305: Module '"@/services/voice/types"' has no exported member 'ParsedIngredient'.
src/components/voice/VoiceRecorder.tsx(37,5): error TS2339: Property 'isSupported' does not exist on type 'UseVoiceServiceReturn'.
src/components/voice/VoiceRecorder.tsx(42,5): error TS2339: Property 'resetTranscript' does not exist on type 'UseVoiceServiceReturn'.
src/components/voice/VoiceRecorder.tsx(45,5): error TS2353: Object literal may only specify known properties, and 'mode' does not exist in type 'UseVoiceServiceOptions'.
src/components/voice/VoiceRecorder.tsx(47,16): error TS7006: Parameter 'result' implicitly has an 'any' type.
src/components/voice/VoiceRecorder.tsx(266,15): error TS2322: Type '((options?: Partial<VoiceServiceConfig> | undefined) => Promise<void>) | (() => void)' is not assignable to type 'MouseEventHandler<HTMLButtonElement> | undefined'.
  Type '(options?: Partial<VoiceServiceConfig> | undefined) => Promise<void>' is not assignable to type 'MouseEventHandler<HTMLButtonElement>'.
    Types of parameters 'options' and 'event' are incompatible.
      Type 'MouseEvent<HTMLButtonElement, MouseEvent>' has no properties in common with type 'Partial<VoiceServiceConfig>'.
src/components/voice/VoiceRecorder.tsx(324,15): error TS2322: Type 'Error' is not assignable to type 'ReactNode'.
src/contexts/__tests__/ProfileContext.test.tsx(26,8): error TS2307: Cannot find module '@/__tests__/utils/profileTestUtils' or its corresponding type declarations.
src/contexts/__tests__/ProfileContext.test.tsx(230,49): error TS2345: Argument of type '{ name: string; age: number; relationship: "sibling"; dietaryRestrictions: never[]; allergies: never[]; preferences: { spiceLevel: "medium"; favoriteIngredients: never[]; dislikedIngredients: never[]; }; }' is not assignable to parameter of type 'Omit<{ id: string; userId: string; name: string; relationship: "parent" | "self" | "other" | "partner" | "child" | "roommate"; createdAt: Date; updatedAt: Date; age?: number | undefined; dietaryRestrictions?: ("vegetarian" | ... 18 more ... | "low_fat")[] | undefined; allergies?: ("peanuts" | ... 7 more ... | "sesam...'.
  Type '{ name: string; age: number; relationship: "sibling"; dietaryRestrictions: never[]; allergies: never[]; preferences: { spiceLevel: "medium"; favoriteIngredients: never[]; dislikedIngredients: never[]; }; }' is missing the following properties from type 'Omit<{ id: string; userId: string; name: string; relationship: "parent" | "self" | "other" | "partner" | "child" | "roommate"; createdAt: Date; updatedAt: Date; age?: number | undefined; dietaryRestrictions?: ("vegetarian" | ... 18 more ... | "low_fat")[] | undefined; allergies?: ("peanuts" | ... 7 more ... | "sesam...': createdAt, updatedAt
src/contexts/__tests__/ProfileContext.test.tsx(285,49): error TS2345: Argument of type '{ name: string; age: number; relationship: "sibling"; dietaryRestrictions: never[]; allergies: never[]; preferences: { spiceLevel: "medium"; favoriteIngredients: never[]; dislikedIngredients: never[]; }; }' is not assignable to parameter of type 'Omit<{ id: string; userId: string; name: string; relationship: "parent" | "self" | "other" | "partner" | "child" | "roommate"; createdAt: Date; updatedAt: Date; age?: number | undefined; dietaryRestrictions?: ("vegetarian" | ... 18 more ... | "low_fat")[] | undefined; allergies?: ("peanuts" | ... 7 more ... | "sesam...'.
  Type '{ name: string; age: number; relationship: "sibling"; dietaryRestrictions: never[]; allergies: never[]; preferences: { spiceLevel: "medium"; favoriteIngredients: never[]; dislikedIngredients: never[]; }; }' is missing the following properties from type 'Omit<{ id: string; userId: string; name: string; relationship: "parent" | "self" | "other" | "partner" | "child" | "roommate"; createdAt: Date; updatedAt: Date; age?: number | undefined; dietaryRestrictions?: ("vegetarian" | ... 18 more ... | "low_fat")[] | undefined; allergies?: ("peanuts" | ... 7 more ... | "sesam...': createdAt, updatedAt
src/contexts/__tests__/ProfileContext.test.tsx(591,51): error TS2345: Argument of type '{ name: string; age: number; relationship: "friend"; dietaryRestrictions: never[]; allergies: never[]; preferences: { spiceLevel: "medium"; favoriteIngredients: never[]; dislikedIngredients: never[]; }; }' is not assignable to parameter of type 'Omit<{ id: string; userId: string; name: string; relationship: "parent" | "self" | "other" | "partner" | "child" | "roommate"; createdAt: Date; updatedAt: Date; age?: number | undefined; dietaryRestrictions?: ("vegetarian" | ... 18 more ... | "low_fat")[] | undefined; allergies?: ("peanuts" | ... 7 more ... | "sesam...'.
  Type '{ name: string; age: number; relationship: "friend"; dietaryRestrictions: never[]; allergies: never[]; preferences: { spiceLevel: "medium"; favoriteIngredients: never[]; dislikedIngredients: never[]; }; }' is missing the following properties from type 'Omit<{ id: string; userId: string; name: string; relationship: "parent" | "self" | "other" | "partner" | "child" | "roommate"; createdAt: Date; updatedAt: Date; age?: number | undefined; dietaryRestrictions?: ("vegetarian" | ... 18 more ... | "low_fat")[] | undefined; allergies?: ("peanuts" | ... 7 more ... | "sesam...': createdAt, updatedAt
src/contexts/CachedProfileContext.tsx(91,19): error TS2339: Property 'id' does not exist on type '{ profile: UserProfile | null; preferences: UserPreferences; isAuthenticated: boolean; isLoading: boolean; }'.
src/contexts/CachedProfileContext.tsx(126,16): error TS2339: Property 'id' does not exist on type '{ profile: UserProfile | null; preferences: UserPreferences; isAuthenticated: boolean; isLoading: boolean; }'.
src/contexts/CachedProfileContext.tsx(128,33): error TS2339: Property 'id' does not exist on type '{ profile: UserProfile | null; preferences: UserPreferences; isAuthenticated: boolean; isLoading: boolean; }'.
src/contexts/CachedProfileContext.tsx(140,29): error TS2339: Property 'id' does not exist on type '{ profile: UserProfile | null; preferences: UserPreferences; isAuthenticated: boolean; isLoading: boolean; }'.
src/contexts/CachedProfileContext.tsx(151,13): error TS2339: Property 'id' does not exist on type '{ profile: UserProfile | null; preferences: UserPreferences; isAuthenticated: boolean; isLoading: boolean; }'.
src/contexts/CachedProfileContext.tsx(155,15): error TS2339: Property 'id' does not exist on type '{ profile: UserProfile | null; preferences: UserPreferences; isAuthenticated: boolean; isLoading: boolean; }'.
src/contexts/CachedProfileContext.tsx(158,13): error TS2339: Property 'id' does not exist on type '{ profile: UserProfile | null; preferences: UserPreferences; isAuthenticated: boolean; isLoading: boolean; }'.
src/contexts/CachedProfileContext.tsx(162,16): error TS2339: Property 'id' does not exist on type '{ profile: UserProfile | null; preferences: UserPreferences; isAuthenticated: boolean; isLoading: boolean; }'.
src/contexts/CachedProfileContext.tsx(165,34): error TS2339: Property 'id' does not exist on type '{ profile: UserProfile | null; preferences: UserPreferences; isAuthenticated: boolean; isLoading: boolean; }'.
src/contexts/CachedProfileContext.tsx(172,38): error TS2339: Property 'id' does not exist on type '{ profile: UserProfile | null; preferences: UserPreferences; isAuthenticated: boolean; isLoading: boolean; }'.
src/contexts/CachedProfileContext.tsx(184,13): error TS2339: Property 'id' does not exist on type '{ profile: UserProfile | null; preferences: UserPreferences; isAuthenticated: boolean; isLoading: boolean; }'.
src/contexts/CachedProfileContext.tsx(188,16): error TS2339: Property 'id' does not exist on type '{ profile: UserProfile | null; preferences: UserPreferences; isAuthenticated: boolean; isLoading: boolean; }'.
src/contexts/CachedProfileContext.tsx(192,62): error TS2339: Property 'id' does not exist on type '{ profile: UserProfile | null; preferences: UserPreferences; isAuthenticated: boolean; isLoading: boolean; }'.
src/contexts/CachedProfileContext.tsx(198,44): error TS2339: Property 'id' does not exist on type '{ profile: UserProfile | null; preferences: UserPreferences; isAuthenticated: boolean; isLoading: boolean; }'.
src/contexts/CachedProfileContext.tsx(218,13): error TS2339: Property 'id' does not exist on type '{ profile: UserProfile | null; preferences: UserPreferences; isAuthenticated: boolean; isLoading: boolean; }'.
src/contexts/CachedProfileContext.tsx(303,19): error TS2339: Property 'id' does not exist on type '{ profile: UserProfile | null; preferences: UserPreferences; isAuthenticated: boolean; isLoading: boolean; }'.
src/contexts/CachedProfileContext.tsx(308,16): error TS2339: Property 'id' does not exist on type '{ profile: UserProfile | null; preferences: UserPreferences; isAuthenticated: boolean; isLoading: boolean; }'.
src/contexts/CachedProfileContext.tsx(317,13): error TS2339: Property 'id' does not exist on type '{ profile: UserProfile | null; preferences: UserPreferences; isAuthenticated: boolean; isLoading: boolean; }'.
src/contexts/CachedProfileContext.tsx(320,16): error TS2339: Property 'id' does not exist on type '{ profile: UserProfile | null; preferences: UserPreferences; isAuthenticated: boolean; isLoading: boolean; }'.
src/contexts/CachedProfileContext.tsx(329,13): error TS2339: Property 'id' does not exist on type '{ profile: UserProfile | null; preferences: UserPreferences; isAuthenticated: boolean; isLoading: boolean; }'.
src/contexts/CachedProfileContext.tsx(332,16): error TS2339: Property 'id' does not exist on type '{ profile: UserProfile | null; preferences: UserPreferences; isAuthenticated: boolean; isLoading: boolean; }'.
src/contexts/CachedProfileContext.tsx(336,32): error TS2339: Property 'id' does not exist on type '{ profile: UserProfile | null; preferences: UserPreferences; isAuthenticated: boolean; isLoading: boolean; }'.
src/contexts/CachedProfileContext.tsx(359,13): error TS2339: Property 'id' does not exist on type '{ profile: UserProfile | null; preferences: UserPreferences; isAuthenticated: boolean; isLoading: boolean; }'.
src/contexts/CachedProfileContext.tsx(362,16): error TS2339: Property 'id' does not exist on type '{ profile: UserProfile | null; preferences: UserPreferences; isAuthenticated: boolean; isLoading: boolean; }'.
src/contexts/CachedProfileContext.tsx(371,13): error TS2339: Property 'id' does not exist on type '{ profile: UserProfile | null; preferences: UserPreferences; isAuthenticated: boolean; isLoading: boolean; }'.
src/contexts/ProfileContext.tsx(118,14): error TS2352: Conversion of type '{ profile: UserProfile | null; preferences: UserPreferences; isAuthenticated: boolean; isLoading: boolean; }' to type '{ id: string; userId: string; username: string; fullName: string; email: string; language: string; theme: "light" | "dark" | "system"; stats: { recipesCreated: number; mealsPlanned: number; recipesRated: number; streakDays: number; joinedDate: Date; lastActive: Date; }; ... 20 more ...; location?: { ...; } | undefin...' may be a mistake because neither type sufficiently overlaps with the other. If this was intentional, convert the expression to 'unknown' first.
  Type '{ profile: UserProfile | null; preferences: UserPreferences; isAuthenticated: boolean; isLoading: boolean; }' is missing the following properties from type '{ id: string; userId: string; username: string; fullName: string; email: string; language: string; theme: "light" | "dark" | "system"; stats: { recipesCreated: number; mealsPlanned: number; recipesRated: number; streakDays: number; joinedDate: Date; lastActive: Date; }; ... 20 more ...; location?: { ...; } | undefin...': id, userId, username, fullName, and 20 more.
src/contexts/ProfileContext.tsx(119,18): error TS2352: Conversion of type 'UserPreferences' to type '{ id: string; userId: string; dietaryRestrictions: ("vegetarian" | "vegan" | "keto" | "paleo" | "whole30" | "gluten_free" | "dairy_free" | "nut_free" | "shellfish_free" | "egg_free" | ... 9 more ... | "low_fat")[]; ... 12 more ...; mealSchedule?: { ...; } | undefined; }' may be a mistake because neither type sufficiently overlaps with the other. If this was intentional, convert the expression to 'unknown' first.
  Type 'UserPreferences' is missing the following properties from type '{ id: string; userId: string; dietaryRestrictions: ("vegetarian" | "vegan" | "keto" | "paleo" | "whole30" | "gluten_free" | "dairy_free" | "nut_free" | "shellfish_free" | "egg_free" | ... 9 more ... | "low_fat")[]; ... 12 more ...; mealSchedule?: { ...; } | undefined; }': id, userId, dietaryRestrictions, cuisinePreferences, and 8 more.
src/contexts/ProfileContext.tsx(129,15): error TS2339: Property 'id' does not exist on type '{ profile: UserProfile | null; preferences: UserPreferences; isAuthenticated: boolean; isLoading: boolean; }'.
src/contexts/ProfileContext.tsx(132,35): error TS2345: Argument of type '{ profile: UserProfile | null; preferences: UserPreferences; isAuthenticated: boolean; isLoading: boolean; }' is not assignable to parameter of type 'User'.
  Type '{ profile: UserProfile | null; preferences: UserPreferences; isAuthenticated: boolean; isLoading: boolean; }' is missing the following properties from type 'User': id, app_metadata, user_metadata, aud, created_at
src/contexts/ProfileContext.tsx(142,13): error TS2339: Property 'id' does not exist on type '{ profile: UserProfile | null; preferences: UserPreferences; isAuthenticated: boolean; isLoading: boolean; }'.
src/contexts/ProfileContext.tsx(169,16): error TS2339: Property 'id' does not exist on type '{ profile: UserProfile | null; preferences: UserPreferences; isAuthenticated: boolean; isLoading: boolean; }'.
src/contexts/ProfileContext.tsx(175,29): error TS2339: Property 'id' does not exist on type '{ profile: UserProfile | null; preferences: UserPreferences; isAuthenticated: boolean; isLoading: boolean; }'.
src/contexts/ProfileContext.tsx(183,13): error TS2339: Property 'id' does not exist on type '{ profile: UserProfile | null; preferences: UserPreferences; isAuthenticated: boolean; isLoading: boolean; }'.
src/contexts/ProfileContext.tsx(187,15): error TS2339: Property 'id' does not exist on type '{ profile: UserProfile | null; preferences: UserPreferences; isAuthenticated: boolean; isLoading: boolean; }'.
src/contexts/ProfileContext.tsx(190,13): error TS2339: Property 'id' does not exist on type '{ profile: UserProfile | null; preferences: UserPreferences; isAuthenticated: boolean; isLoading: boolean; }'.
src/contexts/ProfileContext.tsx(194,16): error TS2339: Property 'id' does not exist on type '{ profile: UserProfile | null; preferences: UserPreferences; isAuthenticated: boolean; isLoading: boolean; }'.
src/contexts/ProfileContext.tsx(199,44): error TS2339: Property 'id' does not exist on type '{ profile: UserProfile | null; preferences: UserPreferences; isAuthenticated: boolean; isLoading: boolean; }'.
src/contexts/ProfileContext.tsx(211,13): error TS2339: Property 'id' does not exist on type '{ profile: UserProfile | null; preferences: UserPreferences; isAuthenticated: boolean; isLoading: boolean; }'.
src/contexts/ProfileContext.tsx(279,16): error TS2339: Property 'id' does not exist on type '{ profile: UserProfile | null; preferences: UserPreferences; isAuthenticated: boolean; isLoading: boolean; }'.
src/contexts/ProfileContext.tsx(288,13): error TS2339: Property 'id' does not exist on type '{ profile: UserProfile | null; preferences: UserPreferences; isAuthenticated: boolean; isLoading: boolean; }'.
src/contexts/ProfileContext.tsx(291,16): error TS2339: Property 'id' does not exist on type '{ profile: UserProfile | null; preferences: UserPreferences; isAuthenticated: boolean; isLoading: boolean; }'.
src/contexts/ProfileContext.tsx(300,13): error TS2339: Property 'id' does not exist on type '{ profile: UserProfile | null; preferences: UserPreferences; isAuthenticated: boolean; isLoading: boolean; }'.
src/contexts/ProfileContext.tsx(303,16): error TS2339: Property 'id' does not exist on type '{ profile: UserProfile | null; preferences: UserPreferences; isAuthenticated: boolean; isLoading: boolean; }'.
src/contexts/ProfileContext.tsx(307,32): error TS2339: Property 'id' does not exist on type '{ profile: UserProfile | null; preferences: UserPreferences; isAuthenticated: boolean; isLoading: boolean; }'.
src/contexts/ProfileContext.tsx(330,13): error TS2339: Property 'id' does not exist on type '{ profile: UserProfile | null; preferences: UserPreferences; isAuthenticated: boolean; isLoading: boolean; }'.
src/contexts/ProfileContext.tsx(333,16): error TS2339: Property 'id' does not exist on type '{ profile: UserProfile | null; preferences: UserPreferences; isAuthenticated: boolean; isLoading: boolean; }'.
src/contexts/ProfileContext.tsx(343,13): error TS2339: Property 'id' does not exist on type '{ profile: UserProfile | null; preferences: UserPreferences; isAuthenticated: boolean; isLoading: boolean; }'.
src/contexts/ProfileContext.tsx(385,40): error TS2339: Property 'version' does not exist on type '{ id: string; userId: string; dietaryRestrictions: ("vegetarian" | "vegan" | "keto" | "paleo" | "whole30" | "gluten_free" | "dairy_free" | "nut_free" | "shellfish_free" | "egg_free" | ... 9 more ... | "low_fat")[]; ... 12 more ...; mealSchedule?: { ...; } | undefined; }'.
src/contexts/ProfileContext.tsx(387,68): error TS2339: Property 'version' does not exist on type '{ id: string; userId: string; name: string; relationship: "parent" | "self" | "other" | "partner" | "child" | "roommate"; createdAt: Date; updatedAt: Date; age?: number | undefined; dietaryRestrictions?: ("vegetarian" | ... 18 more ... | "low_fat")[] | undefined; allergies?: ("peanuts" | ... 7 more ... | "sesame")[]...'.
src/contexts/ProfileContext.tsx(389,20): error TS2339: Property 'version' does not exist on type '{ id: string; userId: string; dietaryRestrictions: ("vegetarian" | "vegan" | "keto" | "paleo" | "whole30" | "gluten_free" | "dairy_free" | "nut_free" | "shellfish_free" | "egg_free" | ... 9 more ... | "low_fat")[]; ... 12 more ...; mealSchedule?: { ...; } | undefined; }'.
src/design-system/components/primitives/Button/Button.tsx(59,8): error TS2322: Type '{ children: Element; form?: string | undefined; formAction?: string | ((formData: FormData) => void | Promise<void>) | undefined; formEncType?: string | undefined; ... 286 more ...; transition: { ...; }; }' is not assignable to type 'Omit<HTMLMotionProps<"button">, "ref">'.
  Types of property 'onAnimationStart' are incompatible.
    Type 'AnimationEventHandler<HTMLButtonElement> | undefined' is not assignable to type '((definition: AnimationDefinition) => void) | undefined'.
      Type 'AnimationEventHandler<HTMLButtonElement>' is not assignable to type '(definition: AnimationDefinition) => void'.
        Types of parameters 'event' and 'definition' are incompatible.
          Type 'AnimationDefinition' is not assignable to type 'AnimationEvent<HTMLButtonElement>'.
            Type 'string' is not assignable to type 'AnimationEvent<HTMLButtonElement>'.
src/design-system/components/primitives/Card/Card.stories.tsx(10,24): error TS2307: Cannot find module '../Button' or its corresponding type declarations.
src/design-system/components/primitives/Card/Card.stories.tsx(11,23): error TS2307: Cannot find module '../Input' or its corresponding type declarations.
src/design-system/components/primitives/Card/Card.stories.tsx(239,14): error TS2304: Cannot find name 'ShoppingCartIcon'.
src/design-system/components/primitives/Card/Card.tsx(56,8): error TS2322: Type '{ children: ReactNode; asChild?: boolean | undefined; defaultChecked?: boolean | undefined; defaultValue?: string | number | readonly string[] | undefined; suppressContentEditableWarning?: boolean | undefined; ... 276 more ...; onClick: MouseEventHandler<...> | undefined; } | { ...; }' is not assignable to type 'IntrinsicAttributes & Omit<HTMLMotionProps<"div">, "ref"> & RefAttributes<HTMLDivElement> & ClassAttributes<...> & HTMLAttributes<...>'.
  Type '{ children: ReactNode; asChild?: boolean | undefined; defaultChecked?: boolean | undefined; defaultValue?: string | number | readonly string[] | undefined; suppressContentEditableWarning?: boolean | undefined; ... 276 more ...; onClick: MouseEventHandler<...> | undefined; }' is not assignable to type 'Omit<HTMLMotionProps<"div">, "ref">'.
    Types of property 'onAnimationStart' are incompatible.
      Type 'AnimationEventHandler<HTMLDivElement> | undefined' is not assignable to type '((definition: AnimationDefinition) => void) | undefined'.
        Type 'AnimationEventHandler<HTMLDivElement>' is not assignable to type '(definition: AnimationDefinition) => void'.
          Types of parameters 'event' and 'definition' are incompatible.
            Type 'AnimationDefinition' is not assignable to type 'AnimationEvent<HTMLDivElement>'.
              Type 'string' is not assignable to type 'AnimationEvent<HTMLDivElement>'.
src/design-system/components/primitives/Input/Input.tsx(10,24): error TS2307: Cannot find module '../Button' or its corresponding type declarations.
src/examples/notifications-analytics-example.tsx(62,16): error TS18046: 'err' is of type 'unknown'.
src/examples/notifications-analytics-example.tsx(89,29): error TS7006: Parameter 'item' implicitly has an 'any' type.
src/examples/notifications-analytics-example.tsx(101,13): error TS2322: Type 'number' is not assignable to type 'string | Date'.
src/examples/notifications-analytics-example.tsx(176,22): error TS18046: 'error' is of type 'unknown'.
src/examples/notifications-analytics-example.tsx(236,16): error TS18046: 'err' is of type 'unknown'.
src/features/ai/components/PantrySuggestions.tsx(57,16): error TS18046: 'err' is of type 'unknown'.
src/features/ai/components/RecipeGenerator.tsx(103,16): error TS18046: 'err' is of type 'unknown'.
src/features/app-shell/__tests__/accessibility/AppShell.a11y.test.tsx(1,54): error TS2307: Cannot find module 'vitest' or its corresponding type declarations.
src/features/app-shell/__tests__/accessibility/AppShell.a11y.test.tsx(6,52): error TS2307: Cannot find module '../setup' or its corresponding type declarations.
src/features/app-shell/__tests__/accessibility/AppShell.a11y.test.tsx(303,43): error TS7006: Parameter 'query' implicitly has an 'any' type.
src/features/app-shell/__tests__/components/AppShell.test.tsx(1,54): error TS2307: Cannot find module 'vitest' or its corresponding type declarations.
src/features/app-shell/__tests__/components/AppShell.test.tsx(5,52): error TS2307: Cannot find module '../setup' or its corresponding type declarations.
src/features/app-shell/__tests__/components/AppShell.test.tsx(304,17): error TS2322: Type '{ navigation: { sidebar: never[]; bottomNav: never[]; header: {}; }; currentRoute: string; children: Element; }' is not assignable to type 'AppShellProps'.
  The types of 'navigation.header' are incompatible between these types.
    Type '{}' is missing the following properties from type 'HeaderConfig': showSearch, showNotifications, showProfile, showLogo
src/features/app-shell/__tests__/components/navigation/BottomNav.test.tsx(1,54): error TS2307: Cannot find module 'vitest' or its corresponding type declarations.
src/features/app-shell/__tests__/components/navigation/BottomNav.test.tsx(5,42): error TS2307: Cannot find module '../../setup' or its corresponding type declarations.
src/features/app-shell/__tests__/components/navigation/Header.test.tsx(1,54): error TS2307: Cannot find module 'vitest' or its corresponding type declarations.
src/features/app-shell/__tests__/components/navigation/Header.test.tsx(5,38): error TS2307: Cannot find module '../../setup' or its corresponding type declarations.
src/features/app-shell/__tests__/components/navigation/Sidebar.test.tsx(1,54): error TS2307: Cannot find module 'vitest' or its corresponding type declarations.
src/features/app-shell/__tests__/components/navigation/Sidebar.test.tsx(5,28): error TS2307: Cannot find module '../../setup' or its corresponding type declarations.
src/features/app-shell/__tests__/integration/AppShell.integration.test.tsx(1,54): error TS2307: Cannot find module 'vitest' or its corresponding type declarations.
src/features/app-shell/__tests__/integration/AppShell.integration.test.tsx(5,52): error TS2307: Cannot find module '../setup' or its corresponding type declarations.
src/features/app-shell/components/AppShell.tsx(228,13): error TS2322: Type '{ hidden: { opacity: number; y: number; }; visible: { opacity: number; y: number; transition: { duration: number; ease: string; }; }; }' is not assignable to type 'Variants'.
  Property 'visible' is incompatible with index signature.
    Type '{ opacity: number; y: number; transition: { duration: number; ease: string; }; }' is not assignable to type 'Variant'.
      Type '{ opacity: number; y: number; transition: { duration: number; ease: string; }; }' is not assignable to type 'TargetAndTransition'.
        Type '{ opacity: number; y: number; transition: { duration: number; ease: string; }; }' is not assignable to type '{ transition?: Transition<any> | undefined; transitionEnd?: ResolvedValues | undefined; }'.
          Types of property 'transition' are incompatible.
            Type '{ duration: number; ease: string; }' is not assignable to type 'Transition<any> | undefined'.
              Type '{ duration: number; ease: string; }' is not assignable to type 'TransitionWithValueOverrides<any>'.
                Type '{ duration: number; ease: string; }' is not assignable to type 'ValueAnimationTransition<any>'.
                  Types of property 'ease' are incompatible.
                    Type 'string' is not assignable to type 'Easing | Easing[] | undefined'.
src/features/app-shell/components/navigation/BottomNav.tsx(132,9): error TS2322: Type '{ inactive: { scale: number; y: number; transition: { type: string; stiffness: number; damping: number; }; }; active: { scale: number; y: number; transition: { type: string; stiffness: number; damping: number; }; }; tap: { ...; }; }' is not assignable to type 'Variants'.
  Property 'inactive' is incompatible with index signature.
    Type '{ scale: number; y: number; transition: { type: string; stiffness: number; damping: number; }; }' is not assignable to type 'Variant'.
      Type '{ scale: number; y: number; transition: { type: string; stiffness: number; damping: number; }; }' is not assignable to type 'TargetAndTransition'.
        Type '{ scale: number; y: number; transition: { type: string; stiffness: number; damping: number; }; }' is not assignable to type '{ transition?: Transition<any> | undefined; transitionEnd?: ResolvedValues | undefined; }'.
          Types of property 'transition' are incompatible.
            Type '{ type: string; stiffness: number; damping: number; }' is not assignable to type 'Transition<any> | undefined'.
              Type '{ type: string; stiffness: number; damping: number; }' is not assignable to type 'TransitionWithValueOverrides<any>'.
                Type '{ type: string; stiffness: number; damping: number; }' is not assignable to type 'ValueAnimationTransition<any>'.
                  Types of property 'type' are incompatible.
                    Type 'string' is not assignable to type 'AnimationGeneratorType | undefined'.
src/features/app-shell/components/navigation/BottomNav.tsx(155,17): error TS2322: Type '{ hidden: { scale: number; opacity: number; }; visible: { scale: number; opacity: number; transition: { type: string; duration: number; }; }; exit: { scale: number; opacity: number; transition: { type: string; duration: number; }; }; }' is not assignable to type 'Variants'.
  Property 'visible' is incompatible with index signature.
    Type '{ scale: number; opacity: number; transition: { type: string; duration: number; }; }' is not assignable to type 'Variant'.
      Type '{ scale: number; opacity: number; transition: { type: string; duration: number; }; }' is not assignable to type 'TargetAndTransition'.
        Type '{ scale: number; opacity: number; transition: { type: string; duration: number; }; }' is not assignable to type '{ transition?: Transition<any> | undefined; transitionEnd?: ResolvedValues | undefined; }'.
          Types of property 'transition' are incompatible.
            Type '{ type: string; duration: number; }' is not assignable to type 'Transition<any> | undefined'.
              Type '{ type: string; duration: number; }' is not assignable to type 'TransitionWithValueOverrides<any>'.
                Type '{ type: string; duration: number; }' is not assignable to type 'ValueAnimationTransition<any>'.
                  Types of property 'type' are incompatible.
                    Type 'string' is not assignable to type 'AnimationGeneratorType | undefined'.
src/features/app-shell/components/navigation/Sidebar.tsx(180,7): error TS2322: Type '{ hidden: { x: string | number; opacity: number; }; visible: { x: number; opacity: number; transition: { type: string; stiffness: number; damping: number; }; }; }' is not assignable to type 'Variants'.
  Property 'visible' is incompatible with index signature.
    Type '{ x: number; opacity: number; transition: { type: string; stiffness: number; damping: number; }; }' is not assignable to type 'Variant'.
      Type '{ x: number; opacity: number; transition: { type: string; stiffness: number; damping: number; }; }' is not assignable to type 'TargetAndTransition'.
        Type '{ x: number; opacity: number; transition: { type: string; stiffness: number; damping: number; }; }' is not assignable to type '{ transition?: Transition<any> | undefined; transitionEnd?: ResolvedValues | undefined; }'.
          Types of property 'transition' are incompatible.
            Type '{ type: string; stiffness: number; damping: number; }' is not assignable to type 'Transition<any> | undefined'.
              Type '{ type: string; stiffness: number; damping: number; }' is not assignable to type 'TransitionWithValueOverrides<any>'.
                Type '{ type: string; stiffness: number; damping: number; }' is not assignable to type 'ValueAnimationTransition<any>'.
                  Types of property 'type' are incompatible.
                    Type 'string' is not assignable to type 'AnimationGeneratorType | undefined'.
src/features/auth/components/onboarding/CompletionStep.tsx(7,22): error TS7016: Could not find a declaration file for module 'canvas-confetti'. '/Users/santiagobalosky/Documents/kecarajocomo/node_modules/canvas-confetti/src/confetti.js' implicitly has an 'any' type.
  Try `npm i --save-dev @types/canvas-confetti` if it exists or add a new declaration (.d.ts) file containing `declare module 'canvas-confetti';`
src/features/auth/components/onboarding/DietaryPreferencesStep.tsx(133,23): error TS7053: Element implicitly has an 'any' type because expression of type 'DietaryRestriction' can't be used to index type '{ vegan: { incompatible: DietaryRestriction[]; includes: DietaryRestriction[]; message: string; }; vegetarian: { incompatible: DietaryRestriction[]; message: string; }; keto: { ...; }; kosher: { ...; }; }'.
  Property '[DietaryRestriction.GLUTEN_FREE]' does not exist on type '{ vegan: { incompatible: DietaryRestriction[]; includes: DietaryRestriction[]; message: string; }; vegetarian: { incompatible: DietaryRestriction[]; message: string; }; keto: { ...; }; kosher: { ...; }; }'.
src/features/auth/components/onboarding/DietaryPreferencesStep.tsx(136,60): error TS7006: Parameter 'inc' implicitly has an 'any' type.
src/features/auth/components/onboarding/DietaryPreferencesStep.tsx(141,52): error TS7006: Parameter 'inc' implicitly has an 'any' type.
src/features/auth/components/onboarding/DietaryPreferencesStep.tsx(162,25): error TS7053: Element implicitly has an 'any' type because expression of type 'DietaryRestriction' can't be used to index type '{ vegan: { incompatible: DietaryRestriction[]; includes: DietaryRestriction[]; message: string; }; vegetarian: { incompatible: DietaryRestriction[]; message: string; }; keto: { ...; }; kosher: { ...; }; }'.
  Property '[DietaryRestriction.GLUTEN_FREE]' does not exist on type '{ vegan: { incompatible: DietaryRestriction[]; includes: DietaryRestriction[]; message: string; }; vegetarian: { incompatible: DietaryRestriction[]; message: string; }; keto: { ...; }; kosher: { ...; }; }'.
src/features/auth/components/onboarding/MealPlanPreviewStep.tsx(61,23): error TS7053: Element implicitly has an 'any' type because expression of type 'any' can't be used to index type '{ beginner: { label: string; icon: LucideIcon; }; home_cook: { label: string; icon: LucideIcon; }; foodie: { label: string; icon: LucideIcon; }; health_conscious: { ...; }; }'.
src/features/auth/components/onboarding/MealPlanPreviewStep.tsx(61,58): error TS2339: Property 'cooking_persona' does not exist on type 'Partial<UserProfile>'.
src/features/auth/components/onboarding/MealPlanPreviewStep.tsx(98,37): error TS2339: Property 'response' does not exist on type 'AITextResponse'.
src/features/auth/components/onboarding/MealPlanPreviewStep.tsx(189,19): error TS7053: Element implicitly has an 'any' type because expression of type 'any' can't be used to index type '{ beginner: { label: string; icon: LucideIcon; }; home_cook: { label: string; icon: LucideIcon; }; foodie: { label: string; icon: LucideIcon; }; health_conscious: { ...; }; }'.
src/features/auth/components/onboarding/MealPlanPreviewStep.tsx(189,49): error TS2339: Property 'cooking_persona' does not exist on type 'Partial<UserProfile>'.
src/features/auth/components/onboarding/NutritionGoalsStep.tsx(74,70): error TS2551: Property 'nutrition_goal' does not exist on type 'Partial<UserPreferences>'. Did you mean 'nutrition_goals'?
src/features/auth/components/onboarding/NutritionGoalsStep.tsx(75,72): error TS2339: Property 'activity_level' does not exist on type 'Partial<UserPreferences>'.
src/features/auth/components/onboarding/NutritionGoalsStep.tsx(108,9): error TS2561: Object literal may only specify known properties, but 'nutrition_goal' does not exist in type 'Partial<UserPreferences>'. Did you mean to write 'nutrition_goals'?
src/features/auth/components/onboarding/PantrySetupStep.tsx(119,40): error TS2339: Property 'cooking_persona' does not exist on type 'Partial<UserProfile>'.
src/features/auth/components/onboarding/PantrySetupStep.tsx(153,37): error TS2339: Property 'response' does not exist on type 'AITextResponse'.
src/features/auth/components/onboarding/PantrySetupStep.tsx(162,53): error TS7006: Parameter 's' implicitly has an 'any' type.
src/features/auth/components/onboarding/PantrySetupStep.tsx(198,17): error TS7053: Element implicitly has an 'any' type because expression of type 'any' can't be used to index type '{ beginner: { name: string; items: { name: string; category: PantryCategory; }[]; }; home_cook: { name: string; items: { name: string; category: PantryCategory; }[]; }; foodie: { ...; }; health_conscious: { ...; }; }'.
src/features/auth/components/onboarding/PantrySetupStep.tsx(199,39): error TS7006: Parameter 'kitItem' implicitly has an 'any' type.
src/features/auth/components/onboarding/PantrySetupStep.tsx(257,24): error TS7053: Element implicitly has an 'any' type because expression of type 'any' can't be used to index type '{ beginner: { name: string; items: { name: string; category: PantryCategory; }[]; }; home_cook: { name: string; items: { name: string; category: PantryCategory; }[]; }; foodie: { ...; }; health_conscious: { ...; }; }'.
src/features/auth/components/onboarding/ProfileSetupStep.tsx(34,36): error TS2339: Property 'cooking_persona' does not exist on type 'Partial<UserProfile>'.
src/features/auth/components/onboarding/ProfileSetupStep.tsx(89,37): error TS2339: Property 'response' does not exist on type 'AITextResponse'.
src/features/auth/components/SignUpForm.tsx(85,15): error TS2345: Argument of type '{ id: string; email: string; name: string | undefined; avatar: string; createdAt: Date; lastLogin: Date; }' is not assignable to parameter of type 'UserProfile'.
  Types of property 'name' are incompatible.
    Type 'string | undefined' is not assignable to type 'string'.
      Type 'undefined' is not assignable to type 'string'.
src/features/auth/hooks/useAuth.ts(53,73): error TS7006: Parameter '_event' implicitly has an 'any' type.
src/features/auth/hooks/useAuth.ts(53,81): error TS7006: Parameter 'session' implicitly has an 'any' type.
src/features/auth/store/authStore.ts(142,26): error TS18046: 'error' is of type 'unknown'.
src/features/auth/store/authStore.ts(159,26): error TS18046: 'error' is of type 'unknown'.
src/features/auth/store/authStore.ts(180,26): error TS18046: 'error' is of type 'unknown'.
src/features/auth/store/authStore.ts(229,26): error TS18046: 'error' is of type 'unknown'.
src/features/auth/store/authStore.ts(247,26): error TS18046: 'error' is of type 'unknown'.
src/features/auth/store/onboardingStore.ts(132,24): error TS18046: 'error' is of type 'unknown'.
src/features/auth/store/onboardingStore.ts(162,24): error TS18046: 'error' is of type 'unknown'.
src/features/auth/store/onboardingStore.ts(209,24): error TS18046: 'error' is of type 'unknown'.
src/features/auth/store/onboardingStore.ts(255,24): error TS18046: 'error' is of type 'unknown'.
src/features/auth/store/onboardingStore.ts(285,24): error TS18046: 'error' is of type 'unknown'.
src/features/chef-ai/components/ChefAIChat.tsx(34,30): error TS2339: Property 'userPreferences' does not exist on type '{ currentWeekPlan: WeekPlan | null; preferences: UserPreferences; mode: ModeType; weekKey: string; isDirty: boolean; isLoading: boolean; isSaving: boolean; ... 32 more ...; downloadWeekPlan: (format: "json" | ... 1 more ... | "pdf") => void; }'.
src/features/cooking-assistant/__tests__/CookingAssistant.test.tsx(550,10): error TS2304: Cannot find name 'defaultStoreState'.
src/features/cooking-assistant/__tests__/voiceService.test.ts(158,7): error TS2721: Cannot invoke an object which is possibly 'null'.
src/features/cooking-assistant/__tests__/voiceService.test.ts(175,7): error TS2721: Cannot invoke an object which is possibly 'null'.
src/features/cooking-assistant/__tests__/voiceService.test.ts(188,7): error TS2721: Cannot invoke an object which is possibly 'null'.
src/features/cooking-assistant/__tests__/voiceService.test.ts(221,42): error TS2349: This expression is not callable.
  Type 'never' has no call signatures.
src/features/cooking-assistant/__tests__/voiceService.test.ts(251,44): error TS2349: This expression is not callable.
  Type 'never' has no call signatures.
src/features/cooking-assistant/__tests__/voiceService.test.ts(331,53): error TS2345: Argument of type '{ name: string; lang: string; }[]' is not assignable to parameter of type 'never[]'.
  Type '{ name: string; lang: string; }' is not assignable to type 'never'.
src/features/cooking-assistant/__tests__/voiceService.test.ts(395,9): error TS2721: Cannot invoke an object which is possibly 'null'.
src/features/cooking-assistant/components/CookingAssistant.tsx(34,27): error TS2307: Cannot find module '@/components/dashboard/DashboardLayout' or its corresponding type declarations.
src/features/cooking-assistant/components/MeasurementConverter.tsx(11,27): error TS2307: Cannot find module '@/components/dashboard/DashboardLayout' or its corresponding type declarations.
src/features/cooking-assistant/components/StepCard.tsx(20,27): error TS2307: Cannot find module '@/components/dashboard/DashboardLayout' or its corresponding type declarations.
src/features/cooking-assistant/components/TimerPanel.tsx(22,27): error TS2307: Cannot find module '@/components/dashboard/DashboardLayout' or its corresponding type declarations.
src/features/cooking-assistant/services/measurementService.ts(158,3): error TS1117: An object literal cannot have multiple properties with the same name.
src/features/cooking-assistant/services/measurementService.ts(180,3): error TS1117: An object literal cannot have multiple properties with the same name.
src/features/cooking-assistant/services/measurementService.ts(315,3): error TS1117: An object literal cannot have multiple properties with the same name.
src/features/cooking-assistant/services/measurementService.ts(325,3): error TS1117: An object literal cannot have multiple properties with the same name.
src/features/cooking-assistant/services/measurementService.ts(326,3): error TS1117: An object literal cannot have multiple properties with the same name.
src/features/cooking-assistant/services/measurementService.ts(327,3): error TS1117: An object literal cannot have multiple properties with the same name.
src/features/cooking-assistant/services/measurementService.ts(328,3): error TS1117: An object literal cannot have multiple properties with the same name.
src/features/cooking-assistant/services/measurementService.ts(329,3): error TS1117: An object literal cannot have multiple properties with the same name.
src/features/cooking-assistant/services/measurementService.ts(378,9): error TS7053: Element implicitly has an 'any' type because expression of type 'string' can't be used to index type '{ ml: number; milliliter: number; milliliters: number; l: number; liter: number; liters: number; tsp: number; teaspoon: number; teaspoons: number; tbsp: number; tablespoon: number; tablespoons: number; ... 17 more ...; 'uk gallon': number; }'.
  No index signature with a parameter of type 'string' was found on type '{ ml: number; milliliter: number; milliliters: number; l: number; liter: number; liters: number; tsp: number; teaspoon: number; teaspoons: number; tbsp: number; tablespoon: number; tablespoons: number; ... 17 more ...; 'uk gallon': number; }'.
src/features/cooking-assistant/services/measurementService.ts(378,51): error TS7053: Element implicitly has an 'any' type because expression of type 'string' can't be used to index type '{ ml: number; milliliter: number; milliliters: number; l: number; liter: number; liters: number; tsp: number; teaspoon: number; teaspoons: number; tbsp: number; tablespoon: number; tablespoons: number; ... 17 more ...; 'uk gallon': number; }'.
  No index signature with a parameter of type 'string' was found on type '{ ml: number; milliliter: number; milliliters: number; l: number; liter: number; liters: number; tsp: number; teaspoon: number; teaspoons: number; tbsp: number; tablespoon: number; tablespoons: number; ... 17 more ...; 'uk gallon': number; }'.
src/features/cooking-assistant/services/measurementService.ts(379,26): error TS7053: Element implicitly has an 'any' type because expression of type 'string' can't be used to index type '{ ml: number; milliliter: number; milliliters: number; l: number; liter: number; liters: number; tsp: number; teaspoon: number; teaspoons: number; tbsp: number; tablespoon: number; tablespoons: number; ... 17 more ...; 'uk gallon': number; }'.
  No index signature with a parameter of type 'string' was found on type '{ ml: number; milliliter: number; milliliters: number; l: number; liter: number; liters: number; tsp: number; teaspoon: number; teaspoons: number; tbsp: number; tablespoon: number; tablespoons: number; ... 17 more ...; 'uk gallon': number; }'.
src/features/cooking-assistant/services/measurementService.ts(379,67): error TS7053: Element implicitly has an 'any' type because expression of type 'string' can't be used to index type '{ ml: number; milliliter: number; milliliters: number; l: number; liter: number; liters: number; tsp: number; teaspoon: number; teaspoons: number; tbsp: number; tablespoon: number; tablespoons: number; ... 17 more ...; 'uk gallon': number; }'.
  No index signature with a parameter of type 'string' was found on type '{ ml: number; milliliter: number; milliliters: number; l: number; liter: number; liters: number; tsp: number; teaspoon: number; teaspoons: number; tbsp: number; tablespoon: number; tablespoons: number; ... 17 more ...; 'uk gallon': number; }'.
src/features/cooking-assistant/services/measurementService.ts(383,14): error TS7053: Element implicitly has an 'any' type because expression of type 'string' can't be used to index type '{ g: number; gram: number; grams: number; kg: number; kilogram: number; kilograms: number; oz: number; ounce: number; ounces: number; lb: number; lbs: number; pound: number; pounds: number; stone: number; stones: number; }'.
  No index signature with a parameter of type 'string' was found on type '{ g: number; gram: number; grams: number; kg: number; kilogram: number; kilograms: number; oz: number; ounce: number; ounces: number; lb: number; lbs: number; pound: number; pounds: number; stone: number; stones: number; }'.
src/features/cooking-assistant/services/measurementService.ts(383,56): error TS7053: Element implicitly has an 'any' type because expression of type 'string' can't be used to index type '{ g: number; gram: number; grams: number; kg: number; kilogram: number; kilograms: number; oz: number; ounce: number; ounces: number; lb: number; lbs: number; pound: number; pounds: number; stone: number; stones: number; }'.
  No index signature with a parameter of type 'string' was found on type '{ g: number; gram: number; grams: number; kg: number; kilogram: number; kilograms: number; oz: number; ounce: number; ounces: number; lb: number; lbs: number; pound: number; pounds: number; stone: number; stones: number; }'.
src/features/cooking-assistant/services/measurementService.ts(384,26): error TS7053: Element implicitly has an 'any' type because expression of type 'string' can't be used to index type '{ g: number; gram: number; grams: number; kg: number; kilogram: number; kilograms: number; oz: number; ounce: number; ounces: number; lb: number; lbs: number; pound: number; pounds: number; stone: number; stones: number; }'.
  No index signature with a parameter of type 'string' was found on type '{ g: number; gram: number; grams: number; kg: number; kilogram: number; kilograms: number; oz: number; ounce: number; ounces: number; lb: number; lbs: number; pound: number; pounds: number; stone: number; stones: number; }'.
src/features/cooking-assistant/services/measurementService.ts(384,67): error TS7053: Element implicitly has an 'any' type because expression of type 'string' can't be used to index type '{ g: number; gram: number; grams: number; kg: number; kilogram: number; kilograms: number; oz: number; ounce: number; ounces: number; lb: number; lbs: number; pound: number; pounds: number; stone: number; stones: number; }'.
  No index signature with a parameter of type 'string' was found on type '{ g: number; gram: number; grams: number; kg: number; kilogram: number; kilograms: number; oz: number; ounce: number; ounces: number; lb: number; lbs: number; pound: number; pounds: number; stone: number; stones: number; }'.
src/features/cooking-assistant/services/measurementService.ts(388,14): error TS7053: Element implicitly has an 'any' type because expression of type 'string' can't be used to index type '{ ml: number; milliliter: number; milliliters: number; l: number; liter: number; liters: number; tsp: number; teaspoon: number; teaspoons: number; tbsp: number; tablespoon: number; tablespoons: number; ... 17 more ...; 'uk gallon': number; }'.
  No index signature with a parameter of type 'string' was found on type '{ ml: number; milliliter: number; milliliters: number; l: number; liter: number; liters: number; tsp: number; teaspoon: number; teaspoons: number; tbsp: number; tablespoon: number; tablespoons: number; ... 17 more ...; 'uk gallon': number; }'.
src/features/cooking-assistant/services/measurementService.ts(388,56): error TS7053: Element implicitly has an 'any' type because expression of type 'string' can't be used to index type '{ g: number; gram: number; grams: number; kg: number; kilogram: number; kilograms: number; oz: number; ounce: number; ounces: number; lb: number; lbs: number; pound: number; pounds: number; stone: number; stones: number; }'.
  No index signature with a parameter of type 'string' was found on type '{ g: number; gram: number; grams: number; kg: number; kilogram: number; kilograms: number; oz: number; ounce: number; ounces: number; lb: number; lbs: number; pound: number; pounds: number; stone: number; stones: number; }'.
src/features/cooking-assistant/services/measurementService.ts(390,35): error TS7053: Element implicitly has an 'any' type because expression of type 'string' can't be used to index type '{ ml: number; milliliter: number; milliliters: number; l: number; liter: number; liters: number; tsp: number; teaspoon: number; teaspoons: number; tbsp: number; tablespoon: number; tablespoons: number; ... 17 more ...; 'uk gallon': number; }'.
  No index signature with a parameter of type 'string' was found on type '{ ml: number; milliliter: number; milliliters: number; l: number; liter: number; liters: number; tsp: number; teaspoon: number; teaspoons: number; tbsp: number; tablespoon: number; tablespoons: number; ... 17 more ...; 'uk gallon': number; }'.
src/features/cooking-assistant/services/measurementService.ts(392,42): error TS7053: Element implicitly has an 'any' type because expression of type 'string' can't be used to index type '{ g: number; gram: number; grams: number; kg: number; kilogram: number; kilograms: number; oz: number; ounce: number; ounces: number; lb: number; lbs: number; pound: number; pounds: number; stone: number; stones: number; }'.
  No index signature with a parameter of type 'string' was found on type '{ g: number; gram: number; grams: number; kg: number; kilogram: number; kilograms: number; oz: number; ounce: number; ounces: number; lb: number; lbs: number; pound: number; pounds: number; stone: number; stones: number; }'.
src/features/cooking-assistant/services/measurementService.ts(393,41): error TS7053: Element implicitly has an 'any' type because expression of type 'string' can't be used to index type '{ g: number; gram: number; grams: number; kg: number; kilogram: number; kilograms: number; oz: number; ounce: number; ounces: number; lb: number; lbs: number; pound: number; pounds: number; stone: number; stones: number; }'.
  No index signature with a parameter of type 'string' was found on type '{ g: number; gram: number; grams: number; kg: number; kilogram: number; kilograms: number; oz: number; ounce: number; ounces: number; lb: number; lbs: number; pound: number; pounds: number; stone: number; stones: number; }'.
src/features/cooking-assistant/services/measurementService.ts(396,14): error TS7053: Element implicitly has an 'any' type because expression of type 'string' can't be used to index type '{ g: number; gram: number; grams: number; kg: number; kilogram: number; kilograms: number; oz: number; ounce: number; ounces: number; lb: number; lbs: number; pound: number; pounds: number; stone: number; stones: number; }'.
  No index signature with a parameter of type 'string' was found on type '{ g: number; gram: number; grams: number; kg: number; kilogram: number; kilograms: number; oz: number; ounce: number; ounces: number; lb: number; lbs: number; pound: number; pounds: number; stone: number; stones: number; }'.
src/features/cooking-assistant/services/measurementService.ts(396,56): error TS7053: Element implicitly has an 'any' type because expression of type 'string' can't be used to index type '{ ml: number; milliliter: number; milliliters: number; l: number; liter: number; liters: number; tsp: number; teaspoon: number; teaspoons: number; tbsp: number; tablespoon: number; tablespoons: number; ... 17 more ...; 'uk gallon': number; }'.
  No index signature with a parameter of type 'string' was found on type '{ ml: number; milliliter: number; milliliters: number; l: number; liter: number; liters: number; tsp: number; teaspoon: number; teaspoons: number; tbsp: number; tablespoon: number; tablespoons: number; ... 17 more ...; 'uk gallon': number; }'.
src/features/cooking-assistant/services/measurementService.ts(398,38): error TS7053: Element implicitly has an 'any' type because expression of type 'string' can't be used to index type '{ g: number; gram: number; grams: number; kg: number; kilogram: number; kilograms: number; oz: number; ounce: number; ounces: number; lb: number; lbs: number; pound: number; pounds: number; stone: number; stones: number; }'.
  No index signature with a parameter of type 'string' was found on type '{ g: number; gram: number; grams: number; kg: number; kilogram: number; kilograms: number; oz: number; ounce: number; ounces: number; lb: number; lbs: number; pound: number; pounds: number; stone: number; stones: number; }'.
src/features/cooking-assistant/services/measurementService.ts(400,39): error TS7053: Element implicitly has an 'any' type because expression of type 'string' can't be used to index type '{ ml: number; milliliter: number; milliliters: number; l: number; liter: number; liters: number; tsp: number; teaspoon: number; teaspoons: number; tbsp: number; tablespoon: number; tablespoons: number; ... 17 more ...; 'uk gallon': number; }'.
  No index signature with a parameter of type 'string' was found on type '{ ml: number; milliliter: number; milliliters: number; l: number; liter: number; liters: number; tsp: number; teaspoon: number; teaspoons: number; tbsp: number; tablespoon: number; tablespoons: number; ... 17 more ...; 'uk gallon': number; }'.
src/features/cooking-assistant/services/measurementService.ts(401,38): error TS7053: Element implicitly has an 'any' type because expression of type 'string' can't be used to index type '{ ml: number; milliliter: number; milliliters: number; l: number; liter: number; liters: number; tsp: number; teaspoon: number; teaspoons: number; tbsp: number; tablespoon: number; tablespoons: number; ... 17 more ...; 'uk gallon': number; }'.
  No index signature with a parameter of type 'string' was found on type '{ ml: number; milliliter: number; milliliters: number; l: number; liter: number; liters: number; tsp: number; teaspoon: number; teaspoons: number; tbsp: number; tablespoon: number; tablespoons: number; ... 17 more ...; 'uk gallon': number; }'.
src/features/cooking-assistant/services/measurementService.ts(427,9): error TS7053: Element implicitly has an 'any' type because expression of type 'string' can't be used to index type '{ flour: number; sugar: number; 'brown sugar': number; butter: number; oil: number; honey: number; salt: number; 'baking powder': number; 'baking soda': number; 'cocoa powder': number; 'powdered sugar': number; ... 239 more ...; default: number; }'.
  No index signature with a parameter of type 'string' was found on type '{ flour: number; sugar: number; 'brown sugar': number; butter: number; oil: number; honey: number; salt: number; 'baking powder': number; 'baking soda': number; 'cocoa powder': number; 'powdered sugar': number; ... 239 more ...; default: number; }'.
src/features/cooking-assistant/services/measurementService.ts(428,14): error TS7053: Element implicitly has an 'any' type because expression of type 'string' can't be used to index type '{ flour: number; sugar: number; 'brown sugar': number; butter: number; oil: number; honey: number; salt: number; 'baking powder': number; 'baking soda': number; 'cocoa powder': number; 'powdered sugar': number; ... 239 more ...; default: number; }'.
  No index signature with a parameter of type 'string' was found on type '{ flour: number; sugar: number; 'brown sugar': number; butter: number; oil: number; honey: number; salt: number; 'baking powder': number; 'baking soda': number; 'cocoa powder': number; 'powdered sugar': number; ... 239 more ...; default: number; }'.
src/features/cooking-assistant/services/measurementService.ts(482,9): error TS7053: Element implicitly has an 'any' type because expression of type 'string' can't be used to index type '{ ml: number; milliliter: number; milliliters: number; l: number; liter: number; liters: number; tsp: number; teaspoon: number; teaspoons: number; tbsp: number; tablespoon: number; tablespoons: number; ... 17 more ...; 'uk gallon': number; }'.
  No index signature with a parameter of type 'string' was found on type '{ ml: number; milliliter: number; milliliters: number; l: number; liter: number; liters: number; tsp: number; teaspoon: number; teaspoons: number; tbsp: number; tablespoon: number; tablespoons: number; ... 17 more ...; 'uk gallon': number; }'.
src/features/cooking-assistant/services/measurementService.ts(483,35): error TS7053: Element implicitly has an 'any' type because expression of type 'string' can't be used to index type '{ ml: number; milliliter: number; milliliters: number; l: number; liter: number; liters: number; tsp: number; teaspoon: number; teaspoons: number; tbsp: number; tablespoon: number; tablespoons: number; ... 17 more ...; 'uk gallon': number; }'.
  No index signature with a parameter of type 'string' was found on type '{ ml: number; milliliter: number; milliliters: number; l: number; liter: number; liters: number; tsp: number; teaspoon: number; teaspoons: number; tbsp: number; tablespoon: number; tablespoons: number; ... 17 more ...; 'uk gallon': number; }'.
src/features/cooking-assistant/services/measurementService.ts(499,9): error TS7053: Element implicitly has an 'any' type because expression of type 'string' can't be used to index type '{ g: number; gram: number; grams: number; kg: number; kilogram: number; kilograms: number; oz: number; ounce: number; ounces: number; lb: number; lbs: number; pound: number; pounds: number; stone: number; stones: number; }'.
  No index signature with a parameter of type 'string' was found on type '{ g: number; gram: number; grams: number; kg: number; kilogram: number; kilograms: number; oz: number; ounce: number; ounces: number; lb: number; lbs: number; pound: number; pounds: number; stone: number; stones: number; }'.
src/features/cooking-assistant/services/measurementService.ts(500,38): error TS7053: Element implicitly has an 'any' type because expression of type 'string' can't be used to index type '{ g: number; gram: number; grams: number; kg: number; kilogram: number; kilograms: number; oz: number; ounce: number; ounces: number; lb: number; lbs: number; pound: number; pounds: number; stone: number; stones: number; }'.
  No index signature with a parameter of type 'string' was found on type '{ g: number; gram: number; grams: number; kg: number; kilogram: number; kilograms: number; oz: number; ounce: number; ounces: number; lb: number; lbs: number; pound: number; pounds: number; stone: number; stones: number; }'.
src/features/cooking-assistant/services/measurementService.ts(521,14): error TS7053: Element implicitly has an 'any' type because expression of type 'string' can't be used to index type '{ ml: number; milliliter: number; milliliters: number; l: number; liter: number; liters: number; tsp: number; teaspoon: number; teaspoons: number; tbsp: number; tablespoon: number; tablespoons: number; ... 17 more ...; 'uk gallon': number; }'.
  No index signature with a parameter of type 'string' was found on type '{ ml: number; milliliter: number; milliliters: number; l: number; liter: number; liters: number; tsp: number; teaspoon: number; teaspoons: number; tbsp: number; tablespoon: number; tablespoons: number; ... 17 more ...; 'uk gallon': number; }'.
src/features/cooking-assistant/services/measurementService.ts(525,14): error TS7053: Element implicitly has an 'any' type because expression of type 'string' can't be used to index type '{ g: number; gram: number; grams: number; kg: number; kilogram: number; kilograms: number; oz: number; ounce: number; ounces: number; lb: number; lbs: number; pound: number; pounds: number; stone: number; stones: number; }'.
  No index signature with a parameter of type 'string' was found on type '{ g: number; gram: number; grams: number; kg: number; kilogram: number; kilograms: number; oz: number; ounce: number; ounces: number; lb: number; lbs: number; pound: number; pounds: number; stone: number; stones: number; }'.
src/features/cooking-assistant/services/measurementService.ts(529,14): error TS7053: Element implicitly has an 'any' type because expression of type 'string' can't be used to index type '{ celsius: (temp: number) => number; fahrenheit: (temp: number) => number; kelvin: (temp: number) => number; }'.
  No index signature with a parameter of type 'string' was found on type '{ celsius: (temp: number) => number; fahrenheit: (temp: number) => number; kelvin: (temp: number) => number; }'.
src/features/cooking-assistant/services/voiceService.ts(43,30): error TS18048: 'SpeechRecognition' is possibly 'undefined'.
src/features/dashboard/hooks/useDashboard.ts(3,10): error TS2305: Module '"@/lib/utils"' has no exported member 'formatRelativeTime'.
src/features/dashboard/hooks/useDashboard.ts(6,37): error TS2307: Cannot find module '../../planner/store/mealPlannerStore' or its corresponding type declarations.
src/features/dashboard/hooks/useDashboard.ts(22,42): error TS7006: Parameter 'state' implicitly has an 'any' type.
src/features/dashboard/hooks/useDashboard.ts(23,40): error TS7006: Parameter 'state' implicitly has an 'any' type.
src/features/dashboard/hooks/useDashboard.ts(24,44): error TS7006: Parameter 'state' implicitly has an 'any' type.
src/features/dashboard/hooks/useDashboard.ts(53,46): error TS7006: Parameter 'plan' implicitly has an 'any' type.
src/features/dashboard/hooks/useDashboard.ts(65,47): error TS7006: Parameter 'item' implicitly has an 'any' type.
src/features/dashboard/hooks/useDashboard.ts(77,38): error TS7006: Parameter 'item' implicitly has an 'any' type.
src/features/dashboard/store/dashboardStore.ts(112,58): error TS2339: Property 'getState' does not exist on type '() => { currentWeekPlan: WeekPlan | null; preferences: UserPreferences; mode: ModeType; weekKey: string; isDirty: boolean; isLoading: boolean; isSaving: boolean; ... 32 more ...; downloadWeekPlan: (format: "json" | ... 1 more ... | "pdf") => void; }'.
src/features/dashboard/store/dashboardStore.ts(120,56): error TS2339: Property 'getState' does not exist on type '() => { currentWeekPlan: WeekPlan | null; preferences: UserPreferences; mode: ModeType; weekKey: string; isDirty: boolean; isLoading: boolean; isSaving: boolean; ... 32 more ...; downloadWeekPlan: (format: "json" | ... 1 more ... | "pdf") => void; }'.
src/features/dashboard/store/dashboardStore.ts(143,43): error TS7006: Parameter 'slot' implicitly has an 'any' type.
src/features/dashboard/UltraModernDashboard.tsx(69,70): error TS2345: Argument of type 'import("/Users/santiagobalosky/Documents/kecarajocomo/src/features/recipes/types/index").Recipe[]' is not assignable to parameter of type 'Recipe[]'.
  Property 'name' is missing in type 'import("/Users/santiagobalosky/Documents/kecarajocomo/src/features/recipes/types/index").Recipe' but required in type 'Recipe'.
src/features/gamification/components/GamificationDashboard.tsx(82,30): error TS2345: Argument of type 'AchievementNotification' is not assignable to parameter of type 'SetStateAction<null>'.
  Type 'AchievementNotification' provides no match for the signature '(prevState: null): null'.
src/features/gamification/components/GamificationDashboard.tsx(90,48): error TS2339: Property 'id' does not exist on type 'never'.
src/features/gamification/components/GamificationDashboard.tsx(265,23): error TS2322: Type 'Achievement | undefined' is not assignable to type 'Achievement'.
  Type 'undefined' is not assignable to type 'Achievement'.
src/features/gamification/components/GamificationDashboard.tsx(293,23): error TS2322: Type 'Challenge | undefined' is not assignable to type 'Challenge'.
  Type 'undefined' is not assignable to type 'Challenge'.
src/features/gamification/components/GamificationDashboard.tsx(317,19): error TS2322: Type 'Achievement | undefined' is not assignable to type 'Achievement'.
  Type 'undefined' is not assignable to type 'Achievement'.
src/features/gamification/components/GamificationDashboard.tsx(354,19): error TS2322: Type 'Challenge | undefined' is not assignable to type 'Challenge'.
  Type 'undefined' is not assignable to type 'Challenge'.
src/features/gamification/components/GamificationWidget.tsx(185,51): error TS2345: Argument of type 'unknown' is not assignable to parameter of type 'number'.
src/features/gamification/components/GamificationWidget.tsx(189,33): error TS2345: Argument of type 'unknown' is not assignable to parameter of type 'number'.
src/features/gamification/hooks/useGamificationIntegration.ts(42,32): error TS2345: Argument of type 'Record<string, any>' is not assignable to parameter of type 'number'.
src/features/gamification/services/progressTrackingService.ts(233,11): error TS2740: Type '{ daily_login: StreakType.DAILY_LOGIN[]; meal_planned: StreakType.MEAL_PLANNING[]; recipe_cooked: StreakType.COOKING[]; nutrition_goal_met: StreakType.NUTRITION_GOALS[]; pantry_updated: StreakType.PANTRY_MANAGEMENT[]; }' is missing the following properties from type 'Record<XPEventType, StreakType[]>': recipe_created, meal_completed, shopping_completed, streak_continued, and 6 more.
src/features/gamification/services/progressTrackingService.ts(343,11): error TS2739: Type '{}' is missing the following properties from type 'Record<StreakType, { current: number; longest: number; }>': daily_login, meal_planning, cooking, nutrition_goals, pantry_management
src/features/growth-stack/components/GrowthDashboard.tsx(383,59): error TS18048: 'percent' is possibly 'undefined'.
src/features/growth-stack/services/analyticsService.ts(95,9): error TS2561: Object literal may only specify known properties, but 'session_id' does not exist in type 'TrackEventOptions'. Did you mean to write 'sessionId'?
src/features/growth-stack/services/analyticsService.ts(122,7): error TS2353: Object literal may only specify known properties, and 'user_id' does not exist in type 'TrackEventOptions'.
src/features/growth-stack/services/analyticsServiceAdapter.ts(12,3): error TS2305: Module '"../types"' has no exported member 'TrackEventOptions'.
src/features/growth-stack/services/retentionService.ts(442,60): error TS18048: 'action.delay_hours' is possibly 'undefined'.
src/features/growth-stack/store/growthStore.ts(141,3): error TS2740: Type '{}' is missing the following properties from type 'Record<TimePeriod, any>': day, year, month, week, and 2 more.
src/features/growth-stack/store/growthStore.ts(476,17): error TS2345: Argument of type '(state: GrowthStore) => { growthInsights: EngagementInsight[]; events: AnalyticsEvent[]; currentSession: string | null; userId: string | null; ... 55 more ...; refreshDashboard: () => Promise<...>; }' is not assignable to parameter of type 'GrowthStore | Partial<GrowthStore> | ((state: GrowthStore) => GrowthStore | Partial<GrowthStore>)'.
  Type '(state: GrowthStore) => { growthInsights: EngagementInsight[]; events: AnalyticsEvent[]; currentSession: string | null; userId: string | null; ... 55 more ...; refreshDashboard: () => Promise<...>; }' is not assignable to type '(state: GrowthStore) => GrowthStore | Partial<GrowthStore>'.
    Type '{ growthInsights: EngagementInsight[]; events: AnalyticsEvent[]; currentSession: string | null; userId: string | null; experiments: Experiment[]; activeExperiments: Experiment[]; ... 53 more ...; refreshDashboard: () => Promise<void>; }' is not assignable to type 'GrowthStore | Partial<GrowthStore>'.
      Type '{ growthInsights: EngagementInsight[]; events: AnalyticsEvent[]; currentSession: string | null; userId: string | null; experiments: Experiment[]; activeExperiments: Experiment[]; ... 53 more ...; refreshDashboard: () => Promise<void>; }' is not assignable to type 'Partial<GrowthStore>'.
        Types of property 'growthInsights' are incompatible.
          Type 'EngagementInsight[]' is not assignable to type 'GrowthInsight[]'.
            Type 'EngagementInsight' is missing the following properties from type 'GrowthInsight': id, impact_score, confidence_score, recommendations, and 4 more.
src/features/landing-page/__tests__/components/interactive/ScrollAnimations.test.tsx(3,65): error TS2307: Cannot find module 'vitest' or its corresponding type declarations.
src/features/landing-page/__tests__/components/interactive/ScrollAnimations.test.tsx(259,13): error TS2741: Property 'children' is missing in type '{ "data-testid": string; }' but required in type 'StaggeredContainerProps'.
src/features/landing-page/__tests__/components/interactive/ScrollAnimations.test.tsx(412,41): error TS7006: Parameter 'query' implicitly has an 'any' type.
src/features/landing-page/__tests__/components/sections/Hero.test.tsx(3,54): error TS2307: Cannot find module 'vitest' or its corresponding type declarations.
src/features/landing-page/__tests__/components/ui/GlassCard.test.tsx(3,42): error TS2307: Cannot find module 'vitest' or its corresponding type declarations.
src/features/landing-page/__tests__/components/ui/GradientButton.test.tsx(3,42): error TS2307: Cannot find module 'vitest' or its corresponding type declarations.
src/features/landing-page/__tests__/integration/LandingPage.integration.test.tsx(3,54): error TS2307: Cannot find module 'vitest' or its corresponding type declarations.
src/features/landing-page/__tests__/setup.ts(1,39): error TS2307: Cannot find module 'vitest' or its corresponding type declarations.
src/features/landing-page/__tests__/setup.ts(32,37): error TS7006: Parameter 'query' implicitly has an 'any' type.
src/features/landing-page/__tests__/setup.ts(45,38): error TS7006: Parameter 'cb' implicitly has an 'any' type.
src/features/landing-page/__tests__/setup.ts(46,37): error TS7006: Parameter 'id' implicitly has an 'any' type.
src/features/landing-page/__tests__/setup.ts(85,23): error TS7006: Parameter 'received' implicitly has an 'any' type.
src/features/landing-page/__tests__/setup.ts(85,33): error TS7006: Parameter 'expected' implicitly has an 'any' type.
src/features/landing-page/__tests__/setup.ts(93,21): error TS7006: Parameter 'received' implicitly has an 'any' type.
src/features/landing-page/__tests__/setup.ts(102,18): error TS7006: Parameter 'received' implicitly has an 'any' type.
src/features/landing-page/components/accessibility/AccessibilityEnhanced.tsx(426,7): error TS1117: An object literal cannot have multiple properties with the same name.
src/features/landing-page/components/accessibility/AccessibilityEnhanced.tsx(427,7): error TS1117: An object literal cannot have multiple properties with the same name.
src/features/landing-page/components/enhanced/PolishedLandingPage.tsx(192,21): error TS2322: Type '{ onLoad: () => void; title: string; subtitle: string; description: string; cta: ({ id: string; text: string; href: string; variant: "primary"; size: "lg"; icon: Element; } | { id: string; text: string; href: string; variant: "secondary"; size: "lg"; icon: Element; })[]; stats: ({ ...; } | { ...; })[]; background: {...' is not assignable to type 'IntrinsicAttributes & HeroProps'.
  Property 'onLoad' does not exist on type 'IntrinsicAttributes & HeroProps'.
src/features/landing-page/components/enhanced/PolishedLandingPage.tsx(214,23): error TS2322: Type '{ onLoad: () => void; }' is not assignable to type 'IntrinsicAttributes & Partial<FeaturesProps>'.
  Property 'onLoad' does not exist on type 'IntrinsicAttributes & Partial<FeaturesProps>'.
src/features/landing-page/components/enhanced/PolishedLandingPage.tsx(237,23): error TS2322: Type '{ onLoad: () => void; }' is not assignable to type 'IntrinsicAttributes & Partial<PricingProps>'.
  Property 'onLoad' does not exist on type 'IntrinsicAttributes & Partial<PricingProps>'.
src/features/landing-page/components/enhanced/ResponsiveHero.tsx(115,25): error TS2322: Type '{ children: Element; href: string; onClick: (() => void) | undefined; className: string; size: string; }' is not assignable to type 'IntrinsicAttributes & Omit<GradientButtonProps, "size" | "variant" | "glow">'.
  Property 'size' does not exist on type 'IntrinsicAttributes & Omit<GradientButtonProps, "size" | "variant" | "glow">'.
src/features/landing-page/components/enhanced/ResponsiveHero.tsx(271,9): error TS2741: Property 'gradient' is missing in type '{ label: string; value: string; }' but required in type 'HeroStats'.
src/features/landing-page/components/enhanced/ResponsiveHero.tsx(272,9): error TS2741: Property 'gradient' is missing in type '{ label: string; value: string; }' but required in type 'HeroStats'.
src/features/landing-page/components/enhanced/ResponsiveHero.tsx(273,9): error TS2741: Property 'gradient' is missing in type '{ label: string; value: string; suffix: string; }' but required in type 'HeroStats'.
src/features/landing-page/components/enhanced/ResponsiveHero.tsx(274,9): error TS2741: Property 'gradient' is missing in type '{ label: string; value: string; suffix: string; }' but required in type 'HeroStats'.
src/features/landing-page/components/error/ErrorBoundary.tsx(56,76): error TS2554: Expected 1-3 arguments, but got 4.
src/features/landing-page/components/interactive/MicroInteractions.tsx(353,11): error TS2322: Type '{ duration: number; repeat: number; repeatType: "reverse"; ease: string; }' is not assignable to type 'Transition<any> | undefined'.
  Type '{ duration: number; repeat: number; repeatType: "reverse"; ease: string; }' is not assignable to type 'TransitionWithValueOverrides<any>'.
    Type '{ duration: number; repeat: number; repeatType: "reverse"; ease: string; }' is not assignable to type 'ValueAnimationTransition<any>'.
      Types of property 'ease' are incompatible.
        Type 'string' is not assignable to type 'Easing | Easing[] | undefined'.
src/features/landing-page/components/interactive/ScrollAnimations.tsx(213,33): error TS2322: Type '{ hidden: { opacity: number; y: number; }; visible: { opacity: number; y: number; transition: { duration: number; ease: string; }; }; }' is not assignable to type 'Variants'.
  Property 'visible' is incompatible with index signature.
    Type '{ opacity: number; y: number; transition: { duration: number; ease: string; }; }' is not assignable to type 'Variant'.
      Type '{ opacity: number; y: number; transition: { duration: number; ease: string; }; }' is not assignable to type 'TargetAndTransition'.
        Type '{ opacity: number; y: number; transition: { duration: number; ease: string; }; }' is not assignable to type '{ transition?: Transition<any> | undefined; transitionEnd?: ResolvedValues | undefined; }'.
          Types of property 'transition' are incompatible.
            Type '{ duration: number; ease: string; }' is not assignable to type 'Transition<any> | undefined'.
              Type '{ duration: number; ease: string; }' is not assignable to type 'TransitionWithValueOverrides<any>'.
                Type '{ duration: number; ease: string; }' is not assignable to type 'ValueAnimationTransition<any>'.
                  Types of property 'ease' are incompatible.
                    Type 'string' is not assignable to type 'Easing | Easing[] | undefined'.
src/features/landing-page/components/loading/LoadingStates.tsx(135,11): error TS2322: Type '{ duration: number; repeat: number; repeatType: "reverse"; ease: string; }' is not assignable to type 'Transition<any> | undefined'.
  Type '{ duration: number; repeat: number; repeatType: "reverse"; ease: string; }' is not assignable to type 'TransitionWithValueOverrides<any>'.
    Type '{ duration: number; repeat: number; repeatType: "reverse"; ease: string; }' is not assignable to type 'ValueAnimationTransition<any>'.
      Types of property 'ease' are incompatible.
        Type 'string' is not assignable to type 'Easing | Easing[] | undefined'.
src/features/landing-page/components/sections/Features.tsx(104,15): error TS2322: Type '{ hidden: { opacity: number; y: number; }; visible: { opacity: number; y: number; transition: { duration: number; ease: string; }; }; }' is not assignable to type 'Variants'.
  Property 'visible' is incompatible with index signature.
    Type '{ opacity: number; y: number; transition: { duration: number; ease: string; }; }' is not assignable to type 'Variant'.
      Type '{ opacity: number; y: number; transition: { duration: number; ease: string; }; }' is not assignable to type 'TargetAndTransition'.
        Type '{ opacity: number; y: number; transition: { duration: number; ease: string; }; }' is not assignable to type '{ transition?: Transition<any> | undefined; transitionEnd?: ResolvedValues | undefined; }'.
          Types of property 'transition' are incompatible.
            Type '{ duration: number; ease: string; }' is not assignable to type 'Transition<any> | undefined'.
              Type '{ duration: number; ease: string; }' is not assignable to type 'TransitionWithValueOverrides<any>'.
                Type '{ duration: number; ease: string; }' is not assignable to type 'ValueAnimationTransition<any>'.
                  Types of property 'ease' are incompatible.
                    Type 'string' is not assignable to type 'Easing | Easing[] | undefined'.
src/features/landing-page/components/sections/Hero.tsx(303,9): error TS2741: Property 'gradient' is missing in type '{ label: string; value: string; }' but required in type 'HeroStats'.
src/features/landing-page/components/sections/Hero.tsx(304,9): error TS2741: Property 'gradient' is missing in type '{ label: string; value: string; }' but required in type 'HeroStats'.
src/features/landing-page/components/sections/Hero.tsx(305,9): error TS2741: Property 'gradient' is missing in type '{ label: string; value: string; suffix: string; }' but required in type 'HeroStats'.
src/features/landing-page/components/sections/Hero.tsx(306,9): error TS2741: Property 'gradient' is missing in type '{ label: string; value: string; suffix: string; }' but required in type 'HeroStats'.
src/features/landing-page/components/sections/Pricing.tsx(451,7): error TS2322: Type '{ id: string; name: string; price: number; period: string; description: string; features: string[]; popular: boolean; gradient: string; buttonText: string; icon: Element; }[]' is not assignable to type 'PricingPlan[]'.
  Type '{ id: string; name: string; price: number; period: string; description: string; features: string[]; popular: boolean; gradient: string; buttonText: string; icon: React.JSX.Element; }' is not assignable to type 'PricingPlan'.
    Types of property 'period' are incompatible.
      Type 'string' is not assignable to type '"year" | "month"'.
src/features/landing-page/types/index.ts(237,18): error TS2430: Interface 'HeroProps' incorrectly extends interface 'SectionProps'.
  Types of property 'background' are incompatible.
    Type '{ gradient: string; overlay: string; }' is not assignable to type '"transparent" | "glass" | "gradient" | undefined'.
src/features/landing-page/types/index.ts(274,18): error TS2430: Interface 'CTAProps' incorrectly extends interface 'SectionProps'.
  Types of property 'background' are incompatible.
    Type '{ gradient: string; pattern: string; }' is not assignable to type '"transparent" | "glass" | "gradient" | undefined'.
src/features/meal-planning/__tests__/integration/mealPlanningFlow.test.tsx(6,10): error TS2614: Module '"../../components/MealPlannerGrid"' has no exported member 'MealPlannerGrid'. Did you mean to use 'import MealPlannerGrid from "../../components/MealPlannerGrid"' instead?
src/features/meal-planning/__tests__/integration/mealPlanningFlow.test.tsx(7,33): error TS2307: Cannot find module '@/hooks/meal-planning/useMealPlanning' or its corresponding type declarations.
src/features/meal-planning/__tests__/integration/mealPlanningFlow.test.tsx(252,75): error TS7006: Parameter 'options' implicitly has an 'any' type.
src/features/meal-planning/__tests__/integration/mealPlanningFlow.test.tsx(288,71): error TS7006: Parameter 'date' implicitly has an 'any' type.
src/features/meal-planning/__tests__/integration/mealPlanningFlow.test.tsx(288,77): error TS7006: Parameter 'mealType' implicitly has an 'any' type.
src/features/meal-planning/__tests__/integration/mealPlanningFlow.test.tsx(294,21): error TS2339: Property 'days' does not exist on type '{ id: string; userId: string; startDate: string; endDate: string; slots: MealSlot[]; isActive?: boolean | undefined; createdAt: string; updatedAt: string; weeklyNutrition?: any; weeklyCost?: number | undefined; mode?: ModeType | undefined; region?: string | undefined; season?: string | undefined; cultural?: { ...; }...'.
src/features/meal-planning/__tests__/integration/mealPlanningFlow.test.tsx(338,72): error TS7006: Parameter 'recipeId' implicitly has an 'any' type.
src/features/meal-planning/__tests__/integration/mealPlanningFlow.test.tsx(482,65): error TS7006: Parameter 'weekStart' implicitly has an 'any' type.
src/features/meal-planning/__tests__/integration/mealPlanningFlow.test.tsx(543,30): error TS2339: Property 'days' does not exist on type 'WeekPlan'.
src/features/meal-planning/__tests__/integration/mealPlanningFlow.test.tsx(543,39): error TS7006: Parameter 'day' implicitly has an 'any' type.
src/features/meal-planning/__tests__/integration/mealPlanningFlow.test.tsx(677,29): error TS2339: Property 'days' does not exist on type 'WeekPlan'.
src/features/meal-planning/components/__tests__/MealPlannerGrid.null-handling.test.tsx(17,3): error TS1117: An object literal cannot have multiple properties with the same name.
src/features/meal-planning/components/__tests__/MealPlannerGrid.test.tsx(5,10): error TS2614: Module '"../MealPlannerGrid"' has no exported member 'MealPlannerGrid'. Did you mean to use 'import MealPlannerGrid from "../MealPlannerGrid"' instead?
src/features/meal-planning/components/__tests__/MealPlannerGrid.test.tsx(6,33): error TS2307: Cannot find module '@/hooks/meal-planning/useMealPlanning' or its corresponding type declarations.
src/features/meal-planning/components/__tests__/MealPlannerGrid.test.tsx(258,24): error TS2339: Property 'days' does not exist on type 'WeekPlan'.
src/features/meal-planning/components/__tests__/MealPlannerGrid.test.tsx(349,30): error TS2339: Property 'days' does not exist on type 'WeekPlan'.
src/features/meal-planning/components/__tests__/MealPlannerGrid.test.tsx(349,40): error TS7006: Parameter 'day' implicitly has an 'any' type.
src/features/meal-planning/components/__tests__/MealPlannerGrid.test.tsx(349,45): error TS7006: Parameter 'index' implicitly has an 'any' type.
src/features/meal-planning/components/__tests__/MealPlannerGrid.test.tsx(385,30): error TS2339: Property 'days' does not exist on type 'WeekPlan'.
src/features/meal-planning/components/__tests__/MealPlannerGrid.test.tsx(385,39): error TS7006: Parameter 'day' implicitly has an 'any' type.
src/features/meal-planning/components/__tests__/MealPlannerGrid.test.tsx(593,29): error TS2339: Property 'days' does not exist on type 'WeekPlan'.
src/features/meal-planning/components/__tests__/MealSlot.test.tsx(97,15): error TS2741: Property 'dayOfWeek' is missing in type '{ meal: MealSlot; dayIndex: number; mealType: "almuerzo"; date: string; isCurrentDay: boolean; isSpecialDay: boolean; onRegenerate: Mock<any, any, any>; onGetAlternatives: Mock<...>; onLock: Mock<...>; onViewDetails: Mock<...>; onSwap: Mock<...>; preferences: UserPreferences; }' but required in type 'MealSlotProps'.
src/features/meal-planning/components/__tests__/MealSlot.test.tsx(106,42): error TS2322: Type '{ meal: null; dayIndex: number; mealType: "almuerzo"; date: string; isCurrentDay: boolean; isSpecialDay: boolean; onRegenerate: Mock<any, any, any>; onGetAlternatives: Mock<any, any, any>; onLock: Mock<...>; onViewDetails: Mock<...>; onSwap: Mock<...>; preferences: UserPreferences; }' is not assignable to type 'IntrinsicAttributes & MealSlotProps'.
  Property 'meal' does not exist on type 'IntrinsicAttributes & MealSlotProps'.
src/features/meal-planning/components/__tests__/MealSlot.test.tsx(119,42): error TS2322: Type '{ meal: { locked: boolean; id: string; dayOfWeek: number; mealType: MealType; date: string; recipeId?: string | undefined; customMealName?: string | undefined; recipe?: Recipe | undefined; ... 5 more ...; updatedAt: string; }; ... 10 more ...; preferences: UserPreferences; }' is not assignable to type 'IntrinsicAttributes & MealSlotProps'.
  Property 'meal' does not exist on type 'IntrinsicAttributes & MealSlotProps'.
src/features/meal-planning/components/__tests__/MealSlot.test.tsx(126,15): error TS2741: Property 'dayOfWeek' is missing in type '{ meal: MealSlot; dayIndex: number; mealType: "almuerzo"; date: string; isCurrentDay: boolean; isSpecialDay: boolean; onRegenerate: Mock<any, any, any>; onGetAlternatives: Mock<...>; onLock: Mock<...>; onViewDetails: Mock<...>; onSwap: Mock<...>; preferences: UserPreferences; }' but required in type 'MealSlotProps'.
src/features/meal-planning/components/__tests__/MealSlot.test.tsx(133,42): error TS2322: Type '{ isCurrentDay: boolean; meal: MealSlot; dayIndex: number; mealType: "almuerzo"; date: string; isSpecialDay: boolean; onRegenerate: Mock<any, any, any>; onGetAlternatives: Mock<...>; onLock: Mock<...>; onViewDetails: Mock<...>; onSwap: Mock<...>; preferences: UserPreferences; }' is not assignable to type 'IntrinsicAttributes & MealSlotProps'.
  Property 'isCurrentDay' does not exist on type 'IntrinsicAttributes & MealSlotProps'.
src/features/meal-planning/components/__tests__/MealSlot.test.tsx(140,42): error TS2322: Type '{ isSpecialDay: boolean; meal: MealSlot; dayIndex: number; mealType: "almuerzo"; date: string; isCurrentDay: boolean; onRegenerate: Mock<any, any, any>; onGetAlternatives: Mock<...>; onLock: Mock<...>; onViewDetails: Mock<...>; onSwap: Mock<...>; preferences: UserPreferences; }' is not assignable to type 'IntrinsicAttributes & MealSlotProps'.
  Property 'isSpecialDay' does not exist on type 'IntrinsicAttributes & MealSlotProps'.
src/features/meal-planning/components/__tests__/MealSlot.test.tsx(149,15): error TS2741: Property 'dayOfWeek' is missing in type '{ meal: MealSlot; dayIndex: number; mealType: "almuerzo"; date: string; isCurrentDay: boolean; isSpecialDay: boolean; onRegenerate: Mock<any, any, any>; onGetAlternatives: Mock<...>; onLock: Mock<...>; onViewDetails: Mock<...>; onSwap: Mock<...>; preferences: UserPreferences; }' but required in type 'MealSlotProps'.
src/features/meal-planning/components/__tests__/MealSlot.test.tsx(157,15): error TS2741: Property 'dayOfWeek' is missing in type '{ meal: MealSlot; dayIndex: number; mealType: "almuerzo"; date: string; isCurrentDay: boolean; isSpecialDay: boolean; onRegenerate: Mock<any, any, any>; onGetAlternatives: Mock<...>; onLock: Mock<...>; onViewDetails: Mock<...>; onSwap: Mock<...>; preferences: UserPreferences; }' but required in type 'MealSlotProps'.
src/features/meal-planning/components/__tests__/MealSlot.test.tsx(167,11): error TS2322: Type '{ meal: MealSlot; mealType: "desayuno"; dayIndex: number; date: string; isCurrentDay: boolean; isSpecialDay: boolean; onRegenerate: Mock<any, any, any>; onGetAlternatives: Mock<...>; onLock: Mock<...>; onViewDetails: Mock<...>; onSwap: Mock<...>; preferences: UserPreferences; }' is not assignable to type 'IntrinsicAttributes & MealSlotProps'.
  Property 'meal' does not exist on type 'IntrinsicAttributes & MealSlotProps'.
src/features/meal-planning/components/__tests__/MealSlot.test.tsx(181,11): error TS2322: Type '{ date: string; isSpecialDay: boolean; meal: MealSlot; dayIndex: number; mealType: "almuerzo"; isCurrentDay: boolean; onRegenerate: Mock<any, any, any>; onGetAlternatives: Mock<...>; onLock: Mock<...>; onViewDetails: Mock<...>; onSwap: Mock<...>; preferences: UserPreferences; }' is not assignable to type 'IntrinsicAttributes & MealSlotProps'.
  Property 'date' does not exist on type 'IntrinsicAttributes & MealSlotProps'.
src/features/meal-planning/components/__tests__/MealSlot.test.tsx(195,11): error TS2322: Type '{ meal: MealSlot; date: string; isSpecialDay: boolean; dayIndex: number; mealType: "almuerzo"; isCurrentDay: boolean; onRegenerate: Mock<any, any, any>; onGetAlternatives: Mock<...>; onLock: Mock<...>; onViewDetails: Mock<...>; onSwap: Mock<...>; preferences: UserPreferences; }' is not assignable to type 'IntrinsicAttributes & MealSlotProps'.
  Property 'meal' does not exist on type 'IntrinsicAttributes & MealSlotProps'.
src/features/meal-planning/components/__tests__/MealSlot.test.tsx(208,15): error TS2741: Property 'dayOfWeek' is missing in type '{ meal: MealSlot; dayIndex: number; mealType: "almuerzo"; date: string; isCurrentDay: boolean; isSpecialDay: boolean; onRegenerate: Mock<any, any, any>; onGetAlternatives: Mock<...>; onLock: Mock<...>; onViewDetails: Mock<...>; onSwap: Mock<...>; preferences: UserPreferences; }' but required in type 'MealSlotProps'.
src/features/meal-planning/components/__tests__/MealSlot.test.tsx(217,15): error TS2741: Property 'dayOfWeek' is missing in type '{ meal: MealSlot; dayIndex: number; mealType: "almuerzo"; date: string; isCurrentDay: boolean; isSpecialDay: boolean; onRegenerate: Mock<any, any, any>; onGetAlternatives: Mock<...>; onLock: Mock<...>; onViewDetails: Mock<...>; onSwap: Mock<...>; preferences: UserPreferences; }' but required in type 'MealSlotProps'.
src/features/meal-planning/components/__tests__/MealSlot.test.tsx(232,15): error TS2741: Property 'dayOfWeek' is missing in type '{ meal: MealSlot; dayIndex: number; mealType: "almuerzo"; date: string; isCurrentDay: boolean; isSpecialDay: boolean; onRegenerate: Mock<any, any, any>; onGetAlternatives: Mock<...>; onLock: Mock<...>; onViewDetails: Mock<...>; onSwap: Mock<...>; preferences: UserPreferences; }' but required in type 'MealSlotProps'.
src/features/meal-planning/components/__tests__/MealSlot.test.tsx(243,15): error TS2741: Property 'dayOfWeek' is missing in type '{ meal: MealSlot; dayIndex: number; mealType: "almuerzo"; date: string; isCurrentDay: boolean; isSpecialDay: boolean; onRegenerate: Mock<any, any, any>; onGetAlternatives: Mock<...>; onLock: Mock<...>; onViewDetails: Mock<...>; onSwap: Mock<...>; preferences: UserPreferences; }' but required in type 'MealSlotProps'.
src/features/meal-planning/components/__tests__/MealSlot.test.tsx(261,42): error TS2322: Type '{ onRegenerate: Mock<any, any, any>; meal: MealSlot; dayIndex: number; mealType: "almuerzo"; date: string; isCurrentDay: boolean; isSpecialDay: boolean; onGetAlternatives: Mock<...>; onLock: Mock<...>; onViewDetails: Mock<...>; onSwap: Mock<...>; preferences: UserPreferences; }' is not assignable to type 'IntrinsicAttributes & MealSlotProps'.
  Property 'onRegenerate' does not exist on type 'IntrinsicAttributes & MealSlotProps'. Did you mean 'onAIGenerate'?
src/features/meal-planning/components/__tests__/MealSlot.test.tsx(274,42): error TS2322: Type '{ onGetAlternatives: Mock<any, any, any>; meal: MealSlot; dayIndex: number; mealType: "almuerzo"; date: string; isCurrentDay: boolean; isSpecialDay: boolean; onRegenerate: Mock<...>; onLock: Mock<...>; onViewDetails: Mock<...>; onSwap: Mock<...>; preferences: UserPreferences; }' is not assignable to type 'IntrinsicAttributes & MealSlotProps'.
  Property 'onGetAlternatives' does not exist on type 'IntrinsicAttributes & MealSlotProps'.
src/features/meal-planning/components/__tests__/MealSlot.test.tsx(282,56): error TS18048: 'mockAsadoMeal.recipe' is possibly 'undefined'.
src/features/meal-planning/components/__tests__/MealSlot.test.tsx(287,42): error TS2322: Type '{ onLock: Mock<any, any, any>; meal: MealSlot; dayIndex: number; mealType: "almuerzo"; date: string; isCurrentDay: boolean; isSpecialDay: boolean; onRegenerate: Mock<any, any, any>; onGetAlternatives: Mock<...>; onViewDetails: Mock<...>; onSwap: Mock<...>; preferences: UserPreferences; }' is not assignable to type 'IntrinsicAttributes & MealSlotProps'.
  Property 'onLock' does not exist on type 'IntrinsicAttributes & MealSlotProps'.
src/features/meal-planning/components/__tests__/MealSlot.test.tsx(300,42): error TS2322: Type '{ onViewDetails: Mock<any, any, any>; meal: MealSlot; dayIndex: number; mealType: "almuerzo"; date: string; isCurrentDay: boolean; isSpecialDay: boolean; onRegenerate: Mock<any, any, any>; onGetAlternatives: Mock<...>; onLock: Mock<...>; onSwap: Mock<...>; preferences: UserPreferences; }' is not assignable to type 'IntrinsicAttributes & MealSlotProps'.
  Property 'onViewDetails' does not exist on type 'IntrinsicAttributes & MealSlotProps'.
src/features/meal-planning/components/__tests__/MealSlot.test.tsx(313,42): error TS2322: Type '{ meal: { locked: boolean; id: string; dayOfWeek: number; mealType: MealType; date: string; recipeId?: string | undefined; customMealName?: string | undefined; recipe?: Recipe | undefined; ... 5 more ...; updatedAt: string; }; ... 10 more ...; preferences: UserPreferences; }' is not assignable to type 'IntrinsicAttributes & MealSlotProps'.
  Property 'meal' does not exist on type 'IntrinsicAttributes & MealSlotProps'.
src/features/meal-planning/components/__tests__/MealSlot.test.tsx(327,15): error TS2741: Property 'dayOfWeek' is missing in type '{ meal: MealSlot; dayIndex: number; mealType: "almuerzo"; date: string; isCurrentDay: boolean; isSpecialDay: boolean; onRegenerate: Mock<any, any, any>; onGetAlternatives: Mock<...>; onLock: Mock<...>; onViewDetails: Mock<...>; onSwap: Mock<...>; preferences: UserPreferences; }' but required in type 'MealSlotProps'.
src/features/meal-planning/components/__tests__/MealSlot.test.tsx(336,42): error TS2322: Type '{ meal: { locked: boolean; id: string; dayOfWeek: number; mealType: MealType; date: string; recipeId?: string | undefined; customMealName?: string | undefined; recipe?: Recipe | undefined; ... 5 more ...; updatedAt: string; }; ... 10 more ...; preferences: UserPreferences; }' is not assignable to type 'IntrinsicAttributes & MealSlotProps'.
  Property 'meal' does not exist on type 'IntrinsicAttributes & MealSlotProps'.
src/features/meal-planning/components/__tests__/MealSlot.test.tsx(343,15): error TS2741: Property 'dayOfWeek' is missing in type '{ meal: MealSlot; dayIndex: number; mealType: "almuerzo"; date: string; isCurrentDay: boolean; isSpecialDay: boolean; onRegenerate: Mock<any, any, any>; onGetAlternatives: Mock<...>; onLock: Mock<...>; onViewDetails: Mock<...>; onSwap: Mock<...>; preferences: UserPreferences; }' but required in type 'MealSlotProps'.
src/features/meal-planning/components/__tests__/MealSlot.test.tsx(354,42): error TS2322: Type '{ onSwap: Mock<any, any, any>; meal: MealSlot; dayIndex: number; mealType: "almuerzo"; date: string; isCurrentDay: boolean; isSpecialDay: boolean; onRegenerate: Mock<any, any, any>; onGetAlternatives: Mock<...>; onLock: Mock<...>; onViewDetails: Mock<...>; preferences: UserPreferences; }' is not assignable to type 'IntrinsicAttributes & MealSlotProps'.
  Property 'onSwap' does not exist on type 'IntrinsicAttributes & MealSlotProps'.
src/features/meal-planning/components/__tests__/MealSlot.test.tsx(378,42): error TS2322: Type '{ meal: null; dayIndex: number; mealType: "almuerzo"; date: string; isCurrentDay: boolean; isSpecialDay: boolean; onRegenerate: Mock<any, any, any>; onGetAlternatives: Mock<any, any, any>; onLock: Mock<...>; onViewDetails: Mock<...>; onSwap: Mock<...>; preferences: UserPreferences; }' is not assignable to type 'IntrinsicAttributes & MealSlotProps'.
  Property 'meal' does not exist on type 'IntrinsicAttributes & MealSlotProps'.
src/features/meal-planning/components/__tests__/MealSlot.test.tsx(393,11): error TS2322: Type '{ mealType: "almuerzo"; meal: null; dayIndex: number; date: string; isCurrentDay: boolean; isSpecialDay: boolean; onRegenerate: Mock<any, any, any>; onGetAlternatives: Mock<any, any, any>; onLock: Mock<...>; onViewDetails: Mock<...>; onSwap: Mock<...>; preferences: UserPreferences; }' is not assignable to type 'IntrinsicAttributes & MealSlotProps'.
  Property 'meal' does not exist on type 'IntrinsicAttributes & MealSlotProps'.
src/features/meal-planning/components/__tests__/MealSlot.test.tsx(418,15): error TS2741: Property 'dayOfWeek' is missing in type '{ meal: MealSlot; dayIndex: number; mealType: "almuerzo"; date: string; isCurrentDay: boolean; isSpecialDay: boolean; onRegenerate: Mock<any, any, any>; onGetAlternatives: Mock<...>; onLock: Mock<...>; onViewDetails: Mock<...>; onSwap: Mock<...>; preferences: UserPreferences; }' but required in type 'MealSlotProps'.
src/features/meal-planning/components/__tests__/MealSlot.test.tsx(433,15): error TS2741: Property 'dayOfWeek' is missing in type '{ meal: MealSlot; dayIndex: number; mealType: "almuerzo"; date: string; isCurrentDay: boolean; isSpecialDay: boolean; onRegenerate: Mock<any, any, any>; onGetAlternatives: Mock<...>; onLock: Mock<...>; onViewDetails: Mock<...>; onSwap: Mock<...>; preferences: UserPreferences; }' but required in type 'MealSlotProps'.
src/features/meal-planning/components/__tests__/MealSlot.test.tsx(446,15): error TS2741: Property 'dayOfWeek' is missing in type '{ meal: MealSlot; dayIndex: number; mealType: "almuerzo"; date: string; isCurrentDay: boolean; isSpecialDay: boolean; onRegenerate: Mock<any, any, any>; onGetAlternatives: Mock<...>; onLock: Mock<...>; onViewDetails: Mock<...>; onSwap: Mock<...>; preferences: UserPreferences; }' but required in type 'MealSlotProps'.
src/features/meal-planning/components/__tests__/MealSlot.test.tsx(460,15): error TS2741: Property 'dayOfWeek' is missing in type '{ meal: MealSlot; dayIndex: number; mealType: "almuerzo"; date: string; isCurrentDay: boolean; isSpecialDay: boolean; onRegenerate: Mock<any, any, any>; onGetAlternatives: Mock<...>; onLock: Mock<...>; onViewDetails: Mock<...>; onSwap: Mock<...>; preferences: UserPreferences; }' but required in type 'MealSlotProps'.
src/features/meal-planning/components/__tests__/MealSlot.test.tsx(476,36): error TS2741: Property 'dayOfWeek' is missing in type '{ meal: MealSlot; dayIndex: number; mealType: "almuerzo"; date: string; isCurrentDay: boolean; isSpecialDay: boolean; onRegenerate: Mock<any, any, any>; onGetAlternatives: Mock<...>; onLock: Mock<...>; onViewDetails: Mock<...>; onSwap: Mock<...>; preferences: UserPreferences; }' but required in type 'MealSlotProps'.
src/features/meal-planning/components/__tests__/MealSlot.test.tsx(481,44): error TS2322: Type '{ meal: MealSlot; dayIndex: number; mealType: "almuerzo"; date: string; isCurrentDay: boolean; isSpecialDay: boolean; onRegenerate: Mock<any, any, any>; onGetAlternatives: Mock<...>; onLock: Mock<...>; onViewDetails: Mock<...>; onSwap: Mock<...>; preferences: UserPreferences; }' is not assignable to type 'IntrinsicAttributes & MealSlotProps'.
  Property 'meal' does not exist on type 'IntrinsicAttributes & MealSlotProps'.
src/features/meal-planning/components/__tests__/MealSlot.test.tsx(490,42): error TS2322: Type '{ meal: null; isLoading: boolean; dayIndex: number; mealType: "almuerzo"; date: string; isCurrentDay: boolean; isSpecialDay: boolean; onRegenerate: Mock<any, any, any>; onGetAlternatives: Mock<...>; onLock: Mock<...>; onViewDetails: Mock<...>; onSwap: Mock<...>; preferences: UserPreferences; }' is not assignable to type 'IntrinsicAttributes & MealSlotProps'.
  Property 'meal' does not exist on type 'IntrinsicAttributes & MealSlotProps'.
src/features/meal-planning/components/__tests__/MealSlot.test.tsx(498,15): error TS2741: Property 'dayOfWeek' is missing in type '{ meal: MealSlot; dayIndex: number; mealType: "almuerzo"; date: string; isCurrentDay: boolean; isSpecialDay: boolean; onRegenerate: Mock<any, any, any>; onGetAlternatives: Mock<...>; onLock: Mock<...>; onViewDetails: Mock<...>; onSwap: Mock<...>; preferences: UserPreferences; }' but required in type 'MealSlotProps'.
src/features/meal-planning/components/__tests__/MealSlot.test.tsx(510,15): error TS2741: Property 'dayOfWeek' is missing in type '{ meal: MealSlot; dayIndex: number; mealType: "almuerzo"; date: string; isCurrentDay: boolean; isSpecialDay: boolean; onRegenerate: Mock<any, any, any>; onGetAlternatives: Mock<...>; onLock: Mock<...>; onViewDetails: Mock<...>; onSwap: Mock<...>; preferences: UserPreferences; }' but required in type 'MealSlotProps'.
src/features/meal-planning/components/__tests__/MealSlot.test.tsx(522,15): error TS2741: Property 'dayOfWeek' is missing in type '{ meal: MealSlot; dayIndex: number; mealType: "almuerzo"; date: string; isCurrentDay: boolean; isSpecialDay: boolean; onRegenerate: Mock<any, any, any>; onGetAlternatives: Mock<...>; onLock: Mock<...>; onViewDetails: Mock<...>; onSwap: Mock<...>; preferences: UserPreferences; }' but required in type 'MealSlotProps'.
src/features/meal-planning/components/__tests__/MealSlot.test.tsx(532,15): error TS2741: Property 'dayOfWeek' is missing in type '{ meal: MealSlot; dayIndex: number; mealType: "almuerzo"; date: string; isCurrentDay: boolean; isSpecialDay: boolean; onRegenerate: Mock<any, any, any>; onGetAlternatives: Mock<...>; onLock: Mock<...>; onViewDetails: Mock<...>; onSwap: Mock<...>; preferences: UserPreferences; }' but required in type 'MealSlotProps'.
src/features/meal-planning/components/__tests__/MealSlot.test.tsx(545,36): error TS2741: Property 'dayOfWeek' is missing in type '{ meal: MealSlot; dayIndex: number; mealType: "almuerzo"; date: string; isCurrentDay: boolean; isSpecialDay: boolean; onRegenerate: Mock<any, any, any>; onGetAlternatives: Mock<...>; onLock: Mock<...>; onViewDetails: Mock<...>; onSwap: Mock<...>; preferences: UserPreferences; }' but required in type 'MealSlotProps'.
src/features/meal-planning/components/__tests__/MealSlot.test.tsx(548,44): error TS2322: Type '{ meal: MealSlot; dayIndex: number; mealType: "almuerzo"; date: string; isCurrentDay: boolean; isSpecialDay: boolean; onRegenerate: Mock<any, any, any>; onGetAlternatives: Mock<...>; onLock: Mock<...>; onViewDetails: Mock<...>; onSwap: Mock<...>; preferences: UserPreferences; }' is not assignable to type 'IntrinsicAttributes & MealSlotProps'.
  Property 'meal' does not exist on type 'IntrinsicAttributes & MealSlotProps'.
src/features/meal-planning/components/__tests__/MealSlot.test.tsx(558,15): error TS2741: Property 'dayOfWeek' is missing in type '{ meal: MealSlot; dayIndex: number; mealType: "almuerzo"; date: string; isCurrentDay: boolean; isSpecialDay: boolean; onRegenerate: Mock<any, any, any>; onGetAlternatives: Mock<...>; onLock: Mock<...>; onViewDetails: Mock<...>; onSwap: Mock<...>; preferences: UserPreferences; }' but required in type 'MealSlotProps'.
src/features/meal-planning/components/__tests__/MealSlot.test.tsx(568,15): error TS2741: Property 'dayOfWeek' is missing in type '{ meal: MealSlot; dayIndex: number; mealType: "almuerzo"; date: string; isCurrentDay: boolean; isSpecialDay: boolean; onRegenerate: Mock<any, any, any>; onGetAlternatives: Mock<...>; onLock: Mock<...>; onViewDetails: Mock<...>; onSwap: Mock<...>; preferences: UserPreferences; }' but required in type 'MealSlotProps'.
src/features/meal-planning/components/__tests__/MealSlot.test.tsx(580,29): error TS2339: Property 'cost' does not exist on type 'MealSlot'.
src/features/meal-planning/components/__tests__/MealSlot.test.tsx(584,42): error TS2322: Type '{ meal: any; dayIndex: number; mealType: "almuerzo"; date: string; isCurrentDay: boolean; isSpecialDay: boolean; onRegenerate: Mock<any, any, any>; onGetAlternatives: Mock<any, any, any>; onLock: Mock<...>; onViewDetails: Mock<...>; onSwap: Mock<...>; preferences: UserPreferences; }' is not assignable to type 'IntrinsicAttributes & MealSlotProps'.
  Property 'meal' does not exist on type 'IntrinsicAttributes & MealSlotProps'.
src/features/meal-planning/components/__tests__/MealSlot.test.tsx(591,15): error TS2741: Property 'dayOfWeek' is missing in type '{ meal: MealSlot; dayIndex: number; mealType: "almuerzo"; date: string; isCurrentDay: boolean; isSpecialDay: boolean; onRegenerate: Mock<any, any, any>; onGetAlternatives: Mock<...>; onLock: Mock<...>; onViewDetails: Mock<...>; onSwap: Mock<...>; preferences: UserPreferences; }' but required in type 'MealSlotProps'.
src/features/meal-planning/components/__tests__/MealSlot.test.tsx(601,42): error TS2322: Type '{ onRegenerate: Mock<any, any, any>; meal: MealSlot; dayIndex: number; mealType: "almuerzo"; date: string; isCurrentDay: boolean; isSpecialDay: boolean; onGetAlternatives: Mock<...>; onLock: Mock<...>; onViewDetails: Mock<...>; onSwap: Mock<...>; preferences: UserPreferences; }' is not assignable to type 'IntrinsicAttributes & MealSlotProps'.
  Property 'onRegenerate' does not exist on type 'IntrinsicAttributes & MealSlotProps'. Did you mean 'onAIGenerate'?
src/features/meal-planning/components/__tests__/MealSlot.test.tsx(618,36): error TS2741: Property 'dayOfWeek' is missing in type '{ meal: MealSlot; dayIndex: number; mealType: "almuerzo"; date: string; isCurrentDay: boolean; isSpecialDay: boolean; onRegenerate: Mock<any, any, any>; onGetAlternatives: Mock<...>; onLock: Mock<...>; onViewDetails: Mock<...>; onSwap: Mock<...>; preferences: UserPreferences; }' but required in type 'MealSlotProps'.
src/features/meal-planning/components/__tests__/MealSlot.test.tsx(623,17): error TS2741: Property 'dayOfWeek' is missing in type '{ meal: MealSlot; dayIndex: number; mealType: "almuerzo"; date: string; isCurrentDay: boolean; isSpecialDay: boolean; onRegenerate: Mock<any, any, any>; onGetAlternatives: Mock<...>; onLock: Mock<...>; onViewDetails: Mock<...>; onSwap: Mock<...>; preferences: UserPreferences; }' but required in type 'MealSlotProps'.
src/features/meal-planning/components/__tests__/MealSlot.test.tsx(632,15): error TS2741: Property 'dayOfWeek' is missing in type '{ meal: MealSlot; dayIndex: number; mealType: "almuerzo"; date: string; isCurrentDay: boolean; isSpecialDay: boolean; onRegenerate: Mock<any, any, any>; onGetAlternatives: Mock<...>; onLock: Mock<...>; onViewDetails: Mock<...>; onSwap: Mock<...>; preferences: UserPreferences; }' but required in type 'MealSlotProps'.
src/features/meal-planning/components/__tests__/MealSlot.test.tsx(648,36): error TS2741: Property 'dayOfWeek' is missing in type '{ meal: MealSlot; dayIndex: number; mealType: "almuerzo"; date: string; isCurrentDay: boolean; isSpecialDay: boolean; onRegenerate: Mock<any, any, any>; onGetAlternatives: Mock<...>; onLock: Mock<...>; onViewDetails: Mock<...>; onSwap: Mock<...>; preferences: UserPreferences; }' but required in type 'MealSlotProps'.
src/features/meal-planning/components/DesktopGrid.tsx(18,10): error TS2300: Duplicate identifier 'format'.
src/features/meal-planning/components/DesktopGrid.tsx(18,18): error TS2300: Duplicate identifier 'addDays'.
src/features/meal-planning/components/DesktopGrid.tsx(18,27): error TS2300: Duplicate identifier 'startOfWeek'.
src/features/meal-planning/components/DesktopGrid.tsx(19,10): error TS2300: Duplicate identifier 'format'.
src/features/meal-planning/components/DesktopGrid.tsx(19,18): error TS2300: Duplicate identifier 'addDays'.
src/features/meal-planning/components/DesktopGrid.tsx(19,27): error TS2300: Duplicate identifier 'startOfWeek'.
src/features/meal-planning/components/DesktopGrid.tsx(57,3): error TS2300: Duplicate identifier 'rangeDays'.
src/features/meal-planning/components/DesktopGrid.tsx(58,3): error TS2300: Duplicate identifier 'rangeDays'.
src/features/meal-planning/components/DesktopGrid.tsx(72,3): error TS2300: Duplicate identifier 'isLoading'.
src/features/meal-planning/components/DesktopGrid.tsx(73,3): error TS2300: Duplicate identifier 'rangeDays'.
src/features/meal-planning/components/DesktopGrid.tsx(74,3): error TS2300: Duplicate identifier 'isLoading'.
src/features/meal-planning/components/DesktopGrid.tsx(75,3): error TS2300: Duplicate identifier 'rangeDays'.
src/features/meal-planning/components/DesktopGrid.tsx(318,59): error TS2304: Cannot find name 'onAddToShoppingList'.
src/features/meal-planning/components/ExportPlanPDF.tsx(9,45): error TS2305: Module '"../types"' has no exported member 'NutritionInfo'.
src/features/meal-planning/components/MealCard.tsx(290,28): error TS2304: Cannot find name 'ShoppingCart'.
src/features/meal-planning/components/MealCard.tsx(332,28): error TS2304: Cannot find name 'ShoppingCart'.
src/features/meal-planning/components/MealPlannerError.tsx(26,9): error TS2339: Property 'iOS26EnhancedCard' does not exist on type 'JSX.IntrinsicElements'.
src/features/meal-planning/components/MealPlannerError.tsx(71,9): error TS2339: Property 'iOS26EnhancedCard' does not exist on type 'JSX.IntrinsicElements'.
src/features/meal-planning/components/MealPlannerGrid.tsx(101,9): error TS1117: An object literal cannot have multiple properties with the same name.
src/features/meal-planning/components/MealPlannerGrid.tsx(141,5): error TS2339: Property 'updateMealSlot' does not exist on type '{ currentWeekPlan: WeekPlan | null; preferences: UserPreferences; mode: ModeType; weekKey: string; isDirty: boolean; isLoading: boolean; isSaving: boolean; ... 32 more ...; downloadWeekPlan: (format: "json" | ... 1 more ... | "pdf") => void; }'.
src/features/meal-planning/components/MealPlannerGrid.tsx(197,31): error TS2339: Property 'error' does not exist on type 'MealPlanningResult<WeeklyPlan>'.
  Property 'error' does not exist on type '{ readonly success: true; readonly data: WeeklyPlan; }'.
src/features/meal-planning/components/MealPlannerGrid.tsx(228,24): error TS2345: Argument of type '"recipe-select"' is not assignable to parameter of type '"add-recipe" | "edit-slot" | null'.
src/features/meal-planning/components/MealPlannerGrid.tsx(465,11): error TS2322: Type '((slot: { dayOfWeek: number; mealType: MealType; }) => void) | undefined' is not assignable to type '(slot: { dayOfWeek: number; mealType: any; }) => void'.
  Type 'undefined' is not assignable to type '(slot: { dayOfWeek: number; mealType: any; }) => void'.
src/features/meal-planning/components/MealPlannerGrid.tsx(469,32): error TS2304: Cannot find name 'handleAddToShoppingList'.
src/features/meal-planning/components/MealPlannerGrid.tsx(476,11): error TS2322: Type '((slot: { dayOfWeek: number; mealType: MealType; }) => void) | undefined' is not assignable to type '(slot: { dayOfWeek: number; mealType: any; }) => void'.
  Type 'undefined' is not assignable to type '(slot: { dayOfWeek: number; mealType: any; }) => void'.
src/features/meal-planning/components/MealPlannerGrid.tsx(482,32): error TS2304: Cannot find name 'handleAddToShoppingList'.
src/features/meal-planning/components/MealPlannerPage.tsx(42,11): error TS2339: Property 'user' does not exist on type '{ profile: UserProfile | null; preferences: UserPreferences; isAuthenticated: boolean; isLoading: boolean; }'.
src/features/meal-planning/components/MealPlannerPage.tsx(48,5): error TS2339: Property 'userPreferences' does not exist on type '{ currentWeekPlan: WeekPlan | null; preferences: UserPreferences; mode: ModeType; weekKey: string; isDirty: boolean; isLoading: boolean; isSaving: boolean; ... 32 more ...; downloadWeekPlan: (format: "json" | ... 1 more ... | "pdf") => void; }'.
src/features/meal-planning/components/MealPlannerPage.tsx(85,26): error TS2345: Argument of type 'string' is not assignable to parameter of type 'number | Date'.
src/features/meal-planning/components/MealPlannerPage.tsx(87,26): error TS2345: Argument of type 'string' is not assignable to parameter of type 'number | Date'.
src/features/meal-planning/components/MealPlannerPage.tsx(90,20): error TS2345: Argument of type 'Date' is not assignable to parameter of type 'string'.
src/features/meal-planning/components/MealPlannerPage.tsx(97,20): error TS2345: Argument of type '"recipe-select"' is not assignable to parameter of type '"add-recipe" | "edit-slot" | null'.
src/features/meal-planning/components/MealPlannerPage.tsx(101,20): error TS2345: Argument of type '"shopping-list"' is not assignable to parameter of type '"add-recipe" | "edit-slot" | null'.
src/features/meal-planning/components/MealPlannerPage.tsx(106,48): error TS2345: Argument of type 'string' is not assignable to parameter of type 'Date'.
src/features/meal-planning/components/MealPlannerPage.tsx(179,47): error TS2345: Argument of type '"preferences"' is not assignable to parameter of type '"add-recipe" | "edit-slot" | null'.
src/features/meal-planning/components/MealPlannerPage.tsx(216,50): error TS2345: Argument of type 'string' is not assignable to parameter of type 'number | Date'.
src/features/meal-planning/components/MealPlannerPage.tsx(219,27): error TS2345: Argument of type 'string' is not assignable to parameter of type 'number | Date'.
src/features/meal-planning/components/MealPlannerPage.tsx(293,15): error TS2339: Property 'iOS26EnhancedCard' does not exist on type 'JSX.IntrinsicElements'.
src/features/meal-planning/components/MealPlannerPage.tsx(311,15): error TS2339: Property 'iOS26EnhancedCard' does not exist on type 'JSX.IntrinsicElements'.
src/features/meal-planning/components/MealPlannerPage.tsx(322,15): error TS2339: Property 'iOS26EnhancedCard' does not exist on type 'JSX.IntrinsicElements'.
src/features/meal-planning/components/MealPlannerPage.tsx(337,15): error TS2339: Property 'iOS26EnhancedCard' does not exist on type 'JSX.IntrinsicElements'.
src/features/meal-planning/components/MealPlannerPage.tsx(345,10): error TS2367: This comparison appears to be unintentional because the types '"add-recipe" | "edit-slot" | null' and '"recipe-select"' have no overlap.
src/features/meal-planning/components/MealPlannerPage.tsx(347,13): error TS2322: Type '{ dayOfWeek: number; mealType: MealType; }' is not assignable to type 'MealSlot | { dayOfWeek: number; mealType: MealType; date: string; }'.
  Property 'date' is missing in type '{ dayOfWeek: number; mealType: MealType; }' but required in type '{ dayOfWeek: number; mealType: MealType; date: string; }'.
src/features/meal-planning/components/MealPlannerPage.tsx(355,10): error TS2367: This comparison appears to be unintentional because the types '"add-recipe" | "edit-slot" | null' and '"preferences"' have no overlap.
src/features/meal-planning/components/MealPlannerPage.tsx(361,10): error TS2367: This comparison appears to be unintentional because the types '"add-recipe" | "edit-slot" | null' and '"shopping-list"' have no overlap.
src/features/meal-planning/components/MealPlannerSkeleton.tsx(12,5): error TS2339: Property 'iOS26EnhancedCard' does not exist on type 'JSX.IntrinsicElements'.
src/features/meal-planning/components/MealPlannerSkeleton.tsx(85,21): error TS2339: Property 'iOS26EnhancedCard' does not exist on type 'JSX.IntrinsicElements'.
src/features/meal-planning/components/MealPlannerSkeleton.tsx(92,21): error TS2339: Property 'iOS26EnhancedCard' does not exist on type 'JSX.IntrinsicElements'.
src/features/meal-planning/components/MealPlannerSkeleton.tsx(138,15): error TS2339: Property 'iOS26EnhancedCard' does not exist on type 'JSX.IntrinsicElements'.
src/features/meal-planning/components/MealPlannerSkeleton.tsx(145,15): error TS2339: Property 'iOS26EnhancedCard' does not exist on type 'JSX.IntrinsicElements'.
src/features/meal-planning/components/MealPlannerSkeleton.tsx(162,5): error TS2339: Property 'iOS26EnhancedCard' does not exist on type 'JSX.IntrinsicElements'.
src/features/meal-planning/components/MealPlannerWizard.tsx(6,22): error TS7016: Could not find a declaration file for module 'canvas-confetti'. '/Users/santiagobalosky/Documents/kecarajocomo/node_modules/canvas-confetti/src/confetti.js' implicitly has an 'any' type.
  Try `npm i --save-dev @types/canvas-confetti` if it exists or add a new declaration (.d.ts) file containing `declare module 'canvas-confetti';`
src/features/meal-planning/components/MealPlannerWizard.tsx(802,20): error TS2304: Cannot find name 'PremiumSpinner'.
src/features/meal-planning/components/MealPlannerWizardComplete.tsx(11,22): error TS7016: Could not find a declaration file for module 'canvas-confetti'. '/Users/santiagobalosky/Documents/kecarajocomo/node_modules/canvas-confetti/src/confetti.js' implicitly has an 'any' type.
  Try `npm i --save-dev @types/canvas-confetti` if it exists or add a new declaration (.d.ts) file containing `declare module 'canvas-confetti';`
src/features/meal-planning/components/MealPlannerWizardComplete.tsx(110,51): error TS2345: Argument of type 'unknown' is not assignable to parameter of type 'string | undefined'.
src/features/meal-planning/components/MealPlannerWizardModal.tsx(7,22): error TS7016: Could not find a declaration file for module 'canvas-confetti'. '/Users/santiagobalosky/Documents/kecarajocomo/node_modules/canvas-confetti/src/confetti.js' implicitly has an 'any' type.
  Try `npm i --save-dev @types/canvas-confetti` if it exists or add a new declaration (.d.ts) file containing `declare module 'canvas-confetti';`
src/features/meal-planning/components/MealPlannerWizardModal.tsx(98,53): error TS2345: Argument of type 'unknown' is not assignable to parameter of type 'string | undefined'.
src/features/meal-planning/components/MealSlot.tsx(125,9): error TS2339: Property 'iOS26EnhancedCard' does not exist on type 'JSX.IntrinsicElements'.
src/features/meal-planning/components/MealSlot.tsx(240,30): error TS2304: Cannot find name 'Flame'.
src/features/meal-planning/components/MealSlot.tsx(391,9): error TS2339: Property 'iOS26EnhancedCard' does not exist on type 'JSX.IntrinsicElements'.
src/features/meal-planning/components/OptimizedMealPlannerPage.tsx(222,11): error TS2339: Property 'user' does not exist on type '{ profile: UserProfile | null; preferences: UserPreferences; isAuthenticated: boolean; isLoading: boolean; }'.
src/features/meal-planning/components/OptimizedMealPlannerPage.tsx(226,5): error TS2339: Property 'userPreferences' does not exist on type '{ currentWeekPlan: WeekPlan | null; preferences: UserPreferences; mode: ModeType; weekKey: string; isDirty: boolean; isLoading: boolean; isSaving: boolean; ... 32 more ...; downloadWeekPlan: (format: "json" | ... 1 more ... | "pdf") => void; }'.
src/features/meal-planning/components/OptimizedMealPlannerPage.tsx(262,26): error TS2345: Argument of type 'string' is not assignable to parameter of type 'number | Date'.
src/features/meal-planning/components/OptimizedMealPlannerPage.tsx(264,26): error TS2345: Argument of type 'string' is not assignable to parameter of type 'number | Date'.
src/features/meal-planning/components/OptimizedMealPlannerPage.tsx(267,20): error TS2345: Argument of type 'Date' is not assignable to parameter of type 'string'.
src/features/meal-planning/components/OptimizedMealPlannerPage.tsx(274,20): error TS2345: Argument of type '"recipe-select"' is not assignable to parameter of type '"add-recipe" | "edit-slot" | null'.
src/features/meal-planning/components/OptimizedMealPlannerPage.tsx(278,20): error TS2345: Argument of type '"shopping-list"' is not assignable to parameter of type '"add-recipe" | "edit-slot" | null'.
src/features/meal-planning/components/OptimizedMealPlannerPage.tsx(325,49): error TS2345: Argument of type '"preferences"' is not assignable to parameter of type '"add-recipe" | "edit-slot" | null'.
src/features/meal-planning/components/OptimizedMealPlannerPage.tsx(328,11): error TS2322: Type 'string' is not assignable to type 'Date'.
src/features/meal-planning/components/OptimizedMealPlannerPage.tsx(417,10): error TS2367: This comparison appears to be unintentional because the types '"add-recipe" | "edit-slot" | null' and '"recipe-select"' have no overlap.
src/features/meal-planning/components/OptimizedMealPlannerPage.tsx(420,15): error TS2322: Type '{ dayOfWeek: number; mealType: MealType; }' is not assignable to type 'MealSlot | { dayOfWeek: number; mealType: MealType; date: string; }'.
  Property 'date' is missing in type '{ dayOfWeek: number; mealType: MealType; }' but required in type '{ dayOfWeek: number; mealType: MealType; date: string; }'.
src/features/meal-planning/components/OptimizedMealPlannerPage.tsx(426,10): error TS2367: This comparison appears to be unintentional because the types '"add-recipe" | "edit-slot" | null' and '"preferences"' have no overlap.
src/features/meal-planning/components/OptimizedMealPlannerPage.tsx(434,10): error TS2367: This comparison appears to be unintentional because the types '"add-recipe" | "edit-slot" | null' and '"shopping-list"' have no overlap.
src/features/meal-planning/components/PantrySelectionModal.tsx(61,21): error TS2339: Property 'iOS26EnhancedCard' does not exist on type 'JSX.IntrinsicElements'.
src/features/meal-planning/components/PantrySelectionModal.tsx(168,29): error TS2339: Property 'iOS26LiquidButton' does not exist on type 'JSX.IntrinsicElements'.
src/features/meal-planning/components/PantrySelectionModal.tsx(174,29): error TS2339: Property 'iOS26LiquidButton' does not exist on type 'JSX.IntrinsicElements'.
src/features/meal-planning/components/PantrySelectionModal.tsx(176,21): error TS2339: Property 'iOS26EnhancedCard' does not exist on type 'JSX.IntrinsicElements'.
src/features/meal-planning/components/RecipeQuickViewModal.tsx(67,21): error TS2339: Property 'iOS26EnhancedCard' does not exist on type 'JSX.IntrinsicElements'.
src/features/meal-planning/components/RecipeQuickViewModal.tsx(194,33): error TS2339: Property 'iOS26LiquidButton' does not exist on type 'JSX.IntrinsicElements'.
src/features/meal-planning/components/RecipeQuickViewModal.tsx(203,33): error TS2339: Property 'iOS26LiquidButton' does not exist on type 'JSX.IntrinsicElements'.
src/features/meal-planning/components/RecipeQuickViewModal.tsx(206,33): error TS2339: Property 'iOS26LiquidButton' does not exist on type 'JSX.IntrinsicElements'.
src/features/meal-planning/components/RecipeQuickViewModal.tsx(215,33): error TS2339: Property 'iOS26LiquidButton' does not exist on type 'JSX.IntrinsicElements'.
src/features/meal-planning/components/RecipeQuickViewModal.tsx(217,29): error TS2339: Property 'iOS26LiquidButton' does not exist on type 'JSX.IntrinsicElements'.
src/features/meal-planning/components/RecipeQuickViewModal.tsx(223,29): error TS2339: Property 'iOS26LiquidButton' does not exist on type 'JSX.IntrinsicElements'.
src/features/meal-planning/components/RecipeQuickViewModal.tsx(225,21): error TS2339: Property 'iOS26EnhancedCard' does not exist on type 'JSX.IntrinsicElements'.
src/features/meal-planning/components/RecipeSelectionModal.tsx(50,56): error TS2304: Cannot find name 'PrepTimeFilter'.
src/features/meal-planning/components/RecipeSelectionModal.tsx(51,40): error TS2304: Cannot find name 'SortOption'.
src/features/meal-planning/components/RecipeSelectionModal.tsx(52,44): error TS2304: Cannot find name 'ViewMode'.
src/features/meal-planning/components/RecipeSelectionModal.tsx(55,11): error TS2339: Property 'recipes' does not exist on type '{ currentWeekPlan: WeekPlan | null; preferences: UserPreferences; mode: ModeType; weekKey: string; isDirty: boolean; isLoading: boolean; isSaving: boolean; ... 32 more ...; downloadWeekPlan: (format: "json" | ... 1 more ... | "pdf") => void; }'.
src/features/meal-planning/components/RecipeSelectionModal.tsx(71,23): error TS18046: 'recipe' is of type 'unknown'.
src/features/meal-planning/components/RecipeSelectionModal.tsx(71,34): error TS2345: Argument of type 'unknown' is not assignable to parameter of type 'Recipe'.
src/features/meal-planning/components/RecipeSelectionModal.tsx(148,27): error TS2304: Cannot find name 'DAILY_GOALS'.
src/features/meal-planning/components/RecipeSelectionModal.tsx(149,26): error TS2304: Cannot find name 'DAILY_GOALS'.
src/features/meal-planning/components/RecipeSelectionModal.tsx(150,24): error TS2304: Cannot find name 'DAILY_GOALS'.
src/features/meal-planning/components/RecipeSelectionModal.tsx(151,22): error TS2304: Cannot find name 'DAILY_GOALS'.
src/features/meal-planning/components/RecipeSelectionModal.tsx(179,41): error TS18048: 'recipe.dietaryLabels' is possibly 'undefined'.
src/features/meal-planning/components/RecipeSelectionModal.tsx(185,22): error TS2304: Cannot find name 'prepTimeOptions'.
src/features/meal-planning/components/RecipeSelectionModal.tsx(185,43): error TS7006: Parameter 'o' implicitly has an 'any' type.
src/features/meal-planning/components/RecipeSelectionModal.tsx(353,85): error TS2304: Cannot find name 'DAILY_GOALS'.
src/features/meal-planning/components/RecipeSelectionModal.tsx(355,170): error TS2304: Cannot find name 'DAILY_GOALS'.
src/features/meal-planning/components/RecipeSelectionModal.tsx(360,79): error TS2304: Cannot find name 'DAILY_GOALS'.
src/features/meal-planning/components/RecipeSelectionModal.tsx(362,163): error TS2304: Cannot find name 'DAILY_GOALS'.
src/features/meal-planning/components/RecipeSelectionModal.tsx(367,81): error TS2304: Cannot find name 'DAILY_GOALS'.
src/features/meal-planning/components/RecipeSelectionModal.tsx(369,163): error TS2304: Cannot find name 'DAILY_GOALS'.
src/features/meal-planning/components/RecipeSelectionModal.tsx(374,79): error TS2304: Cannot find name 'DAILY_GOALS'.
src/features/meal-planning/components/RecipeSelectionModal.tsx(376,159): error TS2304: Cannot find name 'DAILY_GOALS'.
src/features/meal-planning/components/RecipeSelectionModal.tsx(424,79): error TS2304: Cannot find name 'sortOptions'.
src/features/meal-planning/components/RecipeSelectionModal.tsx(424,96): error TS7006: Parameter 'o' implicitly has an 'any' type.
src/features/meal-planning/components/RecipeSelectionModal.tsx(428,22): error TS2304: Cannot find name 'sortOptions'.
src/features/meal-planning/components/RecipeSelectionModal.tsx(428,38): error TS7006: Parameter 'option' implicitly has an 'any' type.
src/features/meal-planning/components/RecipeSelectionModal.tsx(463,16): error TS2304: Cannot find name 'prepTimeOptions'.
src/features/meal-planning/components/RecipeSelectionModal.tsx(463,36): error TS7006: Parameter 'option' implicitly has an 'any' type.
src/features/meal-planning/components/RecipeSelectionModal.tsx(486,30): error TS2304: Cannot find name 'dietaryIcons'.
src/features/meal-planning/components/RecipeSelectionModal.tsx(636,28): error TS18048: 'recipe.dietaryLabels' is possibly 'undefined'.
src/features/meal-planning/components/RecipeSelectionModal.tsx(637,42): error TS2304: Cannot find name 'dietaryIcons'.
src/features/meal-planning/components/ShoppingListModal.tsx(150,11): error TS2339: Property 'iOS26EnhancedCard' does not exist on type 'JSX.IntrinsicElements'.
src/features/meal-planning/components/ShoppingListModal.tsx(263,17): error TS2339: Property 'iOS26LiquidButton' does not exist on type 'JSX.IntrinsicElements'.
src/features/meal-planning/components/ShoppingListModal.tsx(272,17): error TS2339: Property 'iOS26LiquidButton' does not exist on type 'JSX.IntrinsicElements'.
src/features/meal-planning/components/ShoppingListModal.tsx(273,17): error TS2339: Property 'iOS26LiquidButton' does not exist on type 'JSX.IntrinsicElements'.
src/features/meal-planning/components/ShoppingListModal.tsx(283,17): error TS2339: Property 'iOS26LiquidButton' does not exist on type 'JSX.IntrinsicElements'.
src/features/meal-planning/components/ShoppingListModal.tsx(285,15): error TS2339: Property 'iOS26LiquidButton' does not exist on type 'JSX.IntrinsicElements'.
src/features/meal-planning/components/ShoppingListModal.tsx(291,15): error TS2339: Property 'iOS26LiquidButton' does not exist on type 'JSX.IntrinsicElements'.
src/features/meal-planning/components/ShoppingListModal.tsx(293,11): error TS2339: Property 'iOS26EnhancedCard' does not exist on type 'JSX.IntrinsicElements'.
src/features/meal-planning/components/UserPreferencesModal.tsx(37,11): error TS2339: Property 'iOS26EnhancedCard' does not exist on type 'JSX.IntrinsicElements'.
src/features/meal-planning/components/UserPreferencesModal.tsx(70,15): error TS2339: Property 'iOS26LiquidButton' does not exist on type 'JSX.IntrinsicElements'.
src/features/meal-planning/components/UserPreferencesModal.tsx(75,15): error TS2339: Property 'iOS26LiquidButton' does not exist on type 'JSX.IntrinsicElements'.
src/features/meal-planning/components/UserPreferencesModal.tsx(76,15): error TS2339: Property 'iOS26LiquidButton' does not exist on type 'JSX.IntrinsicElements'.
src/features/meal-planning/components/UserPreferencesModal.tsx(84,15): error TS2339: Property 'iOS26LiquidButton' does not exist on type 'JSX.IntrinsicElements'.
src/features/meal-planning/components/UserPreferencesModal.tsx(86,11): error TS2339: Property 'iOS26EnhancedCard' does not exist on type 'JSX.IntrinsicElements'.
src/features/meal-planning/hooks/__tests__/useGeminiMealPlanner.test.ts(7,63): error TS2307: Cannot find module '@/tests/utils/meal-planning-test-utils' or its corresponding type declarations.
src/features/meal-planning/hooks/__tests__/useGeminiMealPlanner.test.ts(128,9): error TS2353: Object literal may only specify known properties, and 'availableTime' does not exist in type 'Partial<{ startDate: Date; endDate: Date; maxPrepTime: number; pantryItems: string[]; excludeRecipes: string[]; mealTypes: ("breakfast" | "lunch" | "dinner" | "snack")[]; servings: number; preferredShoppingDays: number[]; maxShoppingTrips: number; budgetLimit?: number | undefined; }>'.
src/features/meal-planning/hooks/__tests__/useGeminiMealPlanner.test.ts(136,49): error TS2559: Type 'Partial<{ startDate: Date; endDate: Date; maxPrepTime: number; pantryItems: string[]; excludeRecipes: string[]; mealTypes: ("breakfast" | "lunch" | "dinner" | "snack")[]; servings: number; preferredShoppingDays: number[]; maxShoppingTrips: number; budgetLimit?: number | undefined; }>' has no properties in common with type 'Partial<{ userId: string; dietaryRestrictions: ("mediterranean" | "vegetarian" | "vegan" | "gluten-free" | "dairy-free" | "low-carb" | "keto" | "paleo" | "low-sodium" | "diabetic-friendly" | "heart-healthy")[]; ... 11 more ...; weeklyBudget?: number | undefined; }>'.
src/features/meal-planning/hooks/__tests__/useGeminiMealPlanner.test.ts(360,29): error TS2339: Property 'generateSpecificMeal' does not exist on type '{ generateHolisticPlan: (preferences: { userId: string; dietaryRestrictions: ("mediterranean" | "vegetarian" | "vegan" | "gluten-free" | "dairy-free" | "low-carb" | "keto" | "paleo" | "low-sodium" | "diabetic-friendly" | "heart-healthy")[]; ... 11 more ...; weeklyBudget?: number | undefined; }, constraints: { ...; }...'.
src/features/meal-planning/hooks/__tests__/useGeminiMealPlanner.test.ts(369,30): error TS2339: Property 'regenerateSpecificMeal' does not exist on type 'UseGeminiMealPlannerResult'.
src/features/meal-planning/hooks/__tests__/useGeminiMealPlanner.test.ts(375,35): error TS2339: Property 'generateSpecificMeal' does not exist on type '{ generateHolisticPlan: (preferences: { userId: string; dietaryRestrictions: ("mediterranean" | "vegetarian" | "vegan" | "gluten-free" | "dairy-free" | "low-carb" | "keto" | "paleo" | "low-sodium" | "diabetic-friendly" | "heart-healthy")[]; ... 11 more ...; weeklyBudget?: number | undefined; }, constraints: { ...; }...'.
src/features/meal-planning/hooks/__tests__/useGeminiMealPlanner.test.ts(413,29): error TS2339: Property 'optimizeDailyNutrition' does not exist on type '{ generateHolisticPlan: (preferences: { userId: string; dietaryRestrictions: ("mediterranean" | "vegetarian" | "vegan" | "gluten-free" | "dairy-free" | "low-carb" | "keto" | "paleo" | "low-sodium" | "diabetic-friendly" | "heart-healthy")[]; ... 11 more ...; weeklyBudget?: number | undefined; }, constraints: { ...; }...'.
src/features/meal-planning/hooks/__tests__/useGeminiMealPlanner.test.ts(418,30): error TS2339: Property 'optimizeDailyNutrition' does not exist on type 'UseGeminiMealPlannerResult'.
src/features/meal-planning/hooks/__tests__/useGeminiMealPlanner.test.ts(424,35): error TS2339: Property 'optimizeDailyNutrition' does not exist on type '{ generateHolisticPlan: (preferences: { userId: string; dietaryRestrictions: ("mediterranean" | "vegetarian" | "vegan" | "gluten-free" | "dairy-free" | "low-carb" | "keto" | "paleo" | "low-sodium" | "diabetic-friendly" | "heart-healthy")[]; ... 11 more ...; weeklyBudget?: number | undefined; }, constraints: { ...; }...'.
src/features/meal-planning/hooks/useGeminiMealPlanner.ts(76,5): error TS2339: Property 'userPreferences' does not exist on type '{ currentWeekPlan: WeekPlan | null; preferences: UserPreferences; mode: ModeType; weekKey: string; isDirty: boolean; isLoading: boolean; isSaving: boolean; ... 32 more ...; downloadWeekPlan: (format: "json" | ... 1 more ... | "pdf") => void; }'.
src/features/meal-planning/hooks/useGeminiMealPlanner.ts(159,39): error TS2339: Property 'getDate' does not exist on type 'string'.
src/features/meal-planning/hooks/useGeminiMealPlanner.ts(159,63): error TS2339: Property 'getDay' does not exist on type 'string'.
src/features/meal-planning/hooks/useGeminiMealPlanner.ts(163,13): error TS2322: Type '{ startDate: Date; endDate: Date; maxPrepTime: number; pantryItems?: string[] | undefined; excludeRecipes?: string[] | undefined; mealTypes: ("breakfast" | "lunch" | "dinner" | "snack")[]; servings: number; preferredShoppingDays?: number[] | undefined; maxShoppingTrips?: number | undefined; budgetLimit?: number | un...' is not assignable to type '{ startDate: Date; endDate: Date; maxPrepTime: number; pantryItems: string[]; excludeRecipes: string[]; mealTypes: ("breakfast" | "lunch" | "dinner" | "snack")[]; servings: number; preferredShoppingDays: number[]; maxShoppingTrips: number; budgetLimit?: number | undefined; }'.
  Types of property 'pantryItems' are incompatible.
    Type 'string[] | undefined' is not assignable to type 'string[]'.
      Type 'undefined' is not assignable to type 'string[]'.
src/features/meal-planning/hooks/useGeminiMealPlanner.ts(213,28): error TS2339: Property 'metadata' does not exist on type 'GeminiPlanResult'.
src/features/meal-planning/hooks/useGeminiMealPlanner.ts(219,54): error TS2339: Property 'metadata' does not exist on type 'GeminiPlanResult'.
src/features/meal-planning/hooks/useGeminiMealPlanner.ts(286,28): error TS2339: Property 'metadata' does not exist on type 'GeminiPlanResult'.
src/features/meal-planning/hooks/useGeminiMealPlanner.ts(345,28): error TS2339: Property 'metadata' does not exist on type 'GeminiPlanResult'.
src/features/meal-planning/hooks/useGeminiMealPlanner.ts(398,72): error TS2339: Property 'getState' does not exist on type '() => { currentWeekPlan: WeekPlan | null; preferences: UserPreferences; mode: ModeType; weekKey: string; isDirty: boolean; isLoading: boolean; isSaving: boolean; ... 32 more ...; downloadWeekPlan: (format: "json" | ... 1 more ... | "pdf") => void; }'.
src/features/meal-planning/hooks/useGeminiMealPlanner.ts(405,55): error TS7006: Parameter 'slot' implicitly has an 'any' type.
src/features/meal-planning/hooks/useGeminiMealPlanner.ts(467,50): error TS7006: Parameter 's' implicitly has an 'any' type.
src/features/meal-planning/hooks/useGeminiMealPlanner.ts(472,44): error TS7006: Parameter 's' implicitly has an 'any' type.
src/features/meal-planning/hooks/useGeminiMealPlanner.ts(472,75): error TS7006: Parameter 's' implicitly has an 'any' type.
src/features/meal-planning/hooks/useGeminiMealPlanner.ts(492,19): error TS7006: Parameter 's' implicitly has an 'any' type.
src/features/meal-planning/hooks/useGeminiMealPlanner.ts(494,16): error TS7006: Parameter 's' implicitly has an 'any' type.
src/features/meal-planning/hooks/useGeminiMealPlanner.ts(565,38): error TS2339: Property 'getDate' does not exist on type 'string'.
src/features/meal-planning/hooks/useGeminiMealPlanner.ts(565,62): error TS2339: Property 'getDay' does not exist on type 'string'.
src/features/meal-planning/hooks/useGeminiMealPlanner.ts(567,13): error TS2739: Type '{ startDate: Date; endDate: Date; mealTypes: any[]; servings: number; maxPrepTime: number; }' is missing the following properties from type '{ startDate: Date; endDate: Date; maxPrepTime: number; pantryItems: string[]; excludeRecipes: string[]; mealTypes: ("breakfast" | "lunch" | "dinner" | "snack")[]; servings: number; preferredShoppingDays: number[]; maxShoppingTrips: number; budgetLimit?: number | undefined; }': pantryItems, excludeRecipes, preferredShoppingDays, maxShoppingTrips
src/features/meal-planning/hooks/useGeminiMealPlanner.ts(583,38): error TS2339: Property 'split' does not exist on type 'Date'.
src/features/meal-planning/hooks/useGeminiMealPlanner.ts(592,28): error TS2339: Property 'recipe' does not exist on type 'Date | Percentage | MealSuggestion | readonly MealSuggestion[] | Calories | Dollars | Minutes'.
  Property 'recipe' does not exist on type 'Date'.
src/features/meal-planning/hooks/useGeminiMealPlanner.ts(594,63): error TS2339: Property 'recipe' does not exist on type 'Date | Percentage | MealSuggestion | readonly MealSuggestion[] | Calories | Dollars | Minutes'.
  Property 'recipe' does not exist on type 'Date'.
src/features/meal-planning/hooks/useGeminiMealPlanner.ts(594,76): error TS2339: Property 'confidence' does not exist on type 'Date | Percentage | MealSuggestion | readonly MealSuggestion[] | Calories | Dollars | Minutes'.
  Property 'confidence' does not exist on type 'Date'.
src/features/meal-planning/hooks/useGeminiMealPlanner.ts(616,36): error TS2339: Property 'recipe' does not exist on type 'Date | Percentage | MealSuggestion | readonly MealSuggestion[] | Calories | Dollars | Minutes'.
  Property 'recipe' does not exist on type 'Date'.
src/features/meal-planning/hooks/useMealPlanning.ts(25,23): error TS2339: Property 'setupRealtimeSync' does not exist on type '{ currentWeekPlan: WeekPlan | null; preferences: UserPreferences; mode: ModeType; weekKey: string; isDirty: boolean; isLoading: boolean; isSaving: boolean; ... 32 more ...; downloadWeekPlan: (format: "json" | ... 1 more ... | "pdf") => void; }'.
src/features/meal-planning/hooks/useMealPlanning.ts(40,13): error TS2339: Property 'cleanupRealtimeSync' does not exist on type '{ currentWeekPlan: WeekPlan | null; preferences: UserPreferences; mode: ModeType; weekKey: string; isDirty: boolean; isLoading: boolean; isSaving: boolean; ... 32 more ...; downloadWeekPlan: (format: "json" | ... 1 more ... | "pdf") => void; }'.
src/features/meal-planning/hooks/useMealPlanning.ts(51,28): error TS2345: Argument of type 'string' is not assignable to parameter of type 'number | Date'.
src/features/meal-planning/hooks/useMealPlanning.ts(54,28): error TS2345: Argument of type 'string' is not assignable to parameter of type 'number | Date'.
src/features/meal-planning/hooks/useMealPlanning.ts(61,26): error TS2345: Argument of type 'Date' is not assignable to parameter of type 'string'.
src/features/meal-planning/hooks/useMealPlanning.ts(67,26): error TS2345: Argument of type '"recipe-select"' is not assignable to parameter of type '"add-recipe" | "edit-slot" | null'.
src/features/meal-planning/hooks/useMealPlanning.ts(97,37): error TS2345: Argument of type 'string' is not assignable to parameter of type 'number | Date'.
src/features/meal-planning/hooks/useMealPlanning.ts(98,7): error TS2353: Object literal may only specify known properties, and 'numberOfDays' does not exist in type 'AIPlannerConfig'.
src/features/meal-planning/hooks/useMealPlanning.ts(100,26): error TS2551: Property 'userPreferences' does not exist on type '{ currentWeekPlan: WeekPlan | null; preferences: UserPreferences; mode: ModeType; weekKey: string; isDirty: boolean; isLoading: boolean; isSaving: boolean; ... 32 more ...; downloadWeekPlan: (format: "json" | ... 1 more ... | "pdf") => void; }'. Did you mean 'setPreferences'?
src/features/meal-planning/hooks/useMealPlanning.ts(123,28): error TS2345: Argument of type '"ai-planner"' is not assignable to parameter of type '"add-recipe" | "edit-slot" | null'.
src/features/meal-planning/hooks/useMealPlanning.ts(129,32): error TS2551: Property 'userPreferences' does not exist on type '{ currentWeekPlan: WeekPlan | null; preferences: UserPreferences; mode: ModeType; weekKey: string; isDirty: boolean; isLoading: boolean; isSaving: boolean; ... 32 more ...; downloadWeekPlan: (format: "json" | ... 1 more ... | "pdf") => void; }'. Did you mean 'setPreferences'?
src/features/meal-planning/hooks/useMealPlanning.ts(140,42): error TS2345: Argument of type 'string' is not assignable to parameter of type 'number | Date'.
src/features/meal-planning/hooks/useMealPlanning.ts(154,20): error TS2339: Property 'recipes' does not exist on type '{ currentWeekPlan: WeekPlan | null; preferences: UserPreferences; mode: ModeType; weekKey: string; isDirty: boolean; isLoading: boolean; isSaving: boolean; ... 32 more ...; downloadWeekPlan: (format: "json" | ... 1 more ... | "pdf") => void; }'.
src/features/meal-planning/hooks/useMealPlanning.ts(155,28): error TS2551: Property 'userPreferences' does not exist on type '{ currentWeekPlan: WeekPlan | null; preferences: UserPreferences; mode: ModeType; weekKey: string; isDirty: boolean; isLoading: boolean; isSaving: boolean; ... 32 more ...; downloadWeekPlan: (format: "json" | ... 1 more ... | "pdf") => void; }'. Did you mean 'setPreferences'?
src/features/meal-planning/hooks/useMealPlanning.ts(159,26): error TS2339: Property 'selectedSlots' does not exist on type '{ currentWeekPlan: WeekPlan | null; preferences: UserPreferences; mode: ModeType; weekKey: string; isDirty: boolean; isLoading: boolean; isSaving: boolean; ... 32 more ...; downloadWeekPlan: (format: "json" | ... 1 more ... | "pdf") => void; }'.
src/features/meal-planning/hooks/useMealPlanning.ts(162,21): error TS2339: Property 'isOnline' does not exist on type '{ currentWeekPlan: WeekPlan | null; preferences: UserPreferences; mode: ModeType; weekKey: string; isDirty: boolean; isLoading: boolean; isSaving: boolean; ... 32 more ...; downloadWeekPlan: (format: "json" | ... 1 more ... | "pdf") => void; }'.
src/features/meal-planning/hooks/useMealPlanning.ts(163,22): error TS2339: Property 'isSyncing' does not exist on type '{ currentWeekPlan: WeekPlan | null; preferences: UserPreferences; mode: ModeType; weekKey: string; isDirty: boolean; isLoading: boolean; isSaving: boolean; ... 32 more ...; downloadWeekPlan: (format: "json" | ... 1 more ... | "pdf") => void; }'.
src/features/meal-planning/hooks/useMealPlanning.ts(165,27): error TS2339: Property 'realtimeStatus' does not exist on type '{ currentWeekPlan: WeekPlan | null; preferences: UserPreferences; mode: ModeType; weekKey: string; isDirty: boolean; isLoading: boolean; isSaving: boolean; ... 32 more ...; downloadWeekPlan: (format: "json" | ... 1 more ... | "pdf") => void; }'.
src/features/meal-planning/hooks/useMealPlanning.ts(176,32): error TS2339: Property 'toggleSlotSelection' does not exist on type '{ currentWeekPlan: WeekPlan | null; preferences: UserPreferences; mode: ModeType; weekKey: string; isDirty: boolean; isLoading: boolean; isSaving: boolean; ... 32 more ...; downloadWeekPlan: (format: "json" | ... 1 more ... | "pdf") => void; }'.
src/features/meal-planning/hooks/useMealPlanning.ts(209,19): error TS2339: Property 'updateMealSlot' does not exist on type '{ currentWeekPlan: WeekPlan | null; preferences: UserPreferences; mode: ModeType; weekKey: string; isDirty: boolean; isLoading: boolean; isSaving: boolean; ... 32 more ...; downloadWeekPlan: (format: "json" | ... 1 more ... | "pdf") => void; }'.
src/features/meal-planning/hooks/useMealPlanning.ts(235,30): error TS2339: Property 'selectedSlots' does not exist on type '{ currentWeekPlan: WeekPlan | null; preferences: UserPreferences; mode: ModeType; weekKey: string; isDirty: boolean; isLoading: boolean; isSaving: boolean; ... 32 more ...; downloadWeekPlan: (format: "json" | ... 1 more ... | "pdf") => void; }'.
src/features/meal-planning/hooks/useMealPlanning.ts(279,26): error TS2339: Property 'selectedSlots' does not exist on type '{ currentWeekPlan: WeekPlan | null; preferences: UserPreferences; mode: ModeType; weekKey: string; isDirty: boolean; isLoading: boolean; isSaving: boolean; ... 32 more ...; downloadWeekPlan: (format: "json" | ... 1 more ... | "pdf") => void; }'.
src/features/meal-planning/hooks/useMealPlanning.ts(284,33): error TS2339: Property 'toggleSlotSelection' does not exist on type '{ currentWeekPlan: WeekPlan | null; preferences: UserPreferences; mode: ModeType; weekKey: string; isDirty: boolean; isLoading: boolean; isSaving: boolean; ... 32 more ...; downloadWeekPlan: (format: "json" | ... 1 more ... | "pdf") => void; }'.
src/features/meal-planning/hooks/useRequiredIngredients.ts(4,20): error TS2305: Module '"../types"' has no exported member 'Ingredient'.
src/features/meal-planning/store/__tests__/useMealPlanningStore.test.ts(96,13): error TS2339: Property 'setState' does not exist on type '() => { currentWeekPlan: WeekPlan | null; preferences: UserPreferences; mode: ModeType; weekKey: string; isDirty: boolean; isLoading: boolean; isSaving: boolean; ... 32 more ...; downloadWeekPlan: (format: "json" | ... 1 more ... | "pdf") => void; }'.
src/features/meal-planning/store/__tests__/useMealPlanningStore.test.ts(217,28): error TS2339: Property 'setState' does not exist on type '() => { currentWeekPlan: WeekPlan | null; preferences: UserPreferences; mode: ModeType; weekKey: string; isDirty: boolean; isLoading: boolean; isSaving: boolean; ... 32 more ...; downloadWeekPlan: (format: "json" | ... 1 more ... | "pdf") => void; }'.
src/features/meal-planning/store/__tests__/useMealPlanningStore.test.ts(296,28): error TS2339: Property 'setState' does not exist on type '() => { currentWeekPlan: WeekPlan | null; preferences: UserPreferences; mode: ModeType; weekKey: string; isDirty: boolean; isLoading: boolean; isSaving: boolean; ... 32 more ...; downloadWeekPlan: (format: "json" | ... 1 more ... | "pdf") => void; }'.
src/features/meal-planning/store/__tests__/useMealPlanningStore.test.ts(320,28): error TS2339: Property 'setState' does not exist on type '() => { currentWeekPlan: WeekPlan | null; preferences: UserPreferences; mode: ModeType; weekKey: string; isDirty: boolean; isLoading: boolean; isSaving: boolean; ... 32 more ...; downloadWeekPlan: (format: "json" | ... 1 more ... | "pdf") => void; }'.
src/features/meal-planning/store/__tests__/useMealPlanningStore.test.ts(341,28): error TS2339: Property 'setState' does not exist on type '() => { currentWeekPlan: WeekPlan | null; preferences: UserPreferences; mode: ModeType; weekKey: string; isDirty: boolean; isLoading: boolean; isSaving: boolean; ... 32 more ...; downloadWeekPlan: (format: "json" | ... 1 more ... | "pdf") => void; }'.
src/features/meal-planning/store/__tests__/useMealPlanningStore.test.ts(372,28): error TS2339: Property 'setState' does not exist on type '() => { currentWeekPlan: WeekPlan | null; preferences: UserPreferences; mode: ModeType; weekKey: string; isDirty: boolean; isLoading: boolean; isSaving: boolean; ... 32 more ...; downloadWeekPlan: (format: "json" | ... 1 more ... | "pdf") => void; }'.
src/features/meal-planning/store/__tests__/useMealPlanningStore.test.ts(398,28): error TS2339: Property 'setState' does not exist on type '() => { currentWeekPlan: WeekPlan | null; preferences: UserPreferences; mode: ModeType; weekKey: string; isDirty: boolean; isLoading: boolean; isSaving: boolean; ... 32 more ...; downloadWeekPlan: (format: "json" | ... 1 more ... | "pdf") => void; }'.
src/features/meal-planning/store/__tests__/useMealPlanningStore.test.ts(430,28): error TS2339: Property 'setState' does not exist on type '() => { currentWeekPlan: WeekPlan | null; preferences: UserPreferences; mode: ModeType; weekKey: string; isDirty: boolean; isLoading: boolean; isSaving: boolean; ... 32 more ...; downloadWeekPlan: (format: "json" | ... 1 more ... | "pdf") => void; }'.
src/features/meal-planning/store/__tests__/useMealPlanningStore.test.ts(471,28): error TS2339: Property 'setState' does not exist on type '() => { currentWeekPlan: WeekPlan | null; preferences: UserPreferences; mode: ModeType; weekKey: string; isDirty: boolean; isLoading: boolean; isSaving: boolean; ... 32 more ...; downloadWeekPlan: (format: "json" | ... 1 more ... | "pdf") => void; }'.
src/features/meal-planning/store/__tests__/useMealPlanningStore.test.ts(550,28): error TS2339: Property 'setState' does not exist on type '() => { currentWeekPlan: WeekPlan | null; preferences: UserPreferences; mode: ModeType; weekKey: string; isDirty: boolean; isLoading: boolean; isSaving: boolean; ... 32 more ...; downloadWeekPlan: (format: "json" | ... 1 more ... | "pdf") => void; }'.
src/features/meal-planning/store/__tests__/useMealPlanningStore.test.ts(570,28): error TS2339: Property 'setState' does not exist on type '() => { currentWeekPlan: WeekPlan | null; preferences: UserPreferences; mode: ModeType; weekKey: string; isDirty: boolean; isLoading: boolean; isSaving: boolean; ... 32 more ...; downloadWeekPlan: (format: "json" | ... 1 more ... | "pdf") => void; }'.
src/features/meal-planning/store/__tests__/useMealPlanningStore.test.ts(602,28): error TS2339: Property 'setState' does not exist on type '() => { currentWeekPlan: WeekPlan | null; preferences: UserPreferences; mode: ModeType; weekKey: string; isDirty: boolean; isLoading: boolean; isSaving: boolean; ... 32 more ...; downloadWeekPlan: (format: "json" | ... 1 more ... | "pdf") => void; }'.
src/features/meal-planning/store/__tests__/useMealPlanningStore.test.ts(612,34): error TS2551: Property 'exportWeekPlanAsCSV' does not exist on type '{ currentWeekPlan: WeekPlan | null; preferences: UserPreferences; mode: ModeType; weekKey: string; isDirty: boolean; isLoading: boolean; isSaving: boolean; ... 32 more ...; downloadWeekPlan: (format: "json" | ... 1 more ... | "pdf") => void; }'. Did you mean 'exportWeekPlanAsJSON'?
src/features/meal-planning/store/__tests__/useMealPlanningStore.test.ts(631,28): error TS2339: Property 'setState' does not exist on type '() => { currentWeekPlan: WeekPlan | null; preferences: UserPreferences; mode: ModeType; weekKey: string; isDirty: boolean; isLoading: boolean; isSaving: boolean; ... 32 more ...; downloadWeekPlan: (format: "json" | ... 1 more ... | "pdf") => void; }'.
src/features/meal-planning/store/__tests__/useMealPlanningStore.test.ts(639,34): error TS2551: Property 'exportWeekPlanAsCSV' does not exist on type '{ currentWeekPlan: WeekPlan | null; preferences: UserPreferences; mode: ModeType; weekKey: string; isDirty: boolean; isLoading: boolean; isSaving: boolean; ... 32 more ...; downloadWeekPlan: (format: "json" | ... 1 more ... | "pdf") => void; }'. Did you mean 'exportWeekPlanAsJSON'?
src/features/meal-planning/store/__tests__/useMealPlanningStore.test.ts(650,24): error TS2339: Property 'setOnlineStatus' does not exist on type '{ currentWeekPlan: WeekPlan | null; preferences: UserPreferences; mode: ModeType; weekKey: string; isDirty: boolean; isLoading: boolean; isSaving: boolean; ... 32 more ...; downloadWeekPlan: (format: "json" | ... 1 more ... | "pdf") => void; }'.
src/features/meal-planning/store/__tests__/useMealPlanningStore.test.ts(653,29): error TS2339: Property 'isOnline' does not exist on type '{ currentWeekPlan: WeekPlan | null; preferences: UserPreferences; mode: ModeType; weekKey: string; isDirty: boolean; isLoading: boolean; isSaving: boolean; ... 32 more ...; downloadWeekPlan: (format: "json" | ... 1 more ... | "pdf") => void; }'.
src/features/meal-planning/store/__tests__/useMealPlanningStore.test.ts(663,30): error TS2339: Property 'setState' does not exist on type '() => { currentWeekPlan: WeekPlan | null; preferences: UserPreferences; mode: ModeType; weekKey: string; isDirty: boolean; isLoading: boolean; isSaving: boolean; ... 32 more ...; downloadWeekPlan: (format: "json" | ... 1 more ... | "pdf") => void; }'.
src/features/meal-planning/store/__tests__/useMealPlanningStore.test.ts(671,24): error TS2339: Property 'setOnlineStatus' does not exist on type '{ currentWeekPlan: WeekPlan | null; preferences: UserPreferences; mode: ModeType; weekKey: string; isDirty: boolean; isLoading: boolean; isSaving: boolean; ... 32 more ...; downloadWeekPlan: (format: "json" | ... 1 more ... | "pdf") => void; }'.
src/features/meal-planning/store/__tests__/useMealPlanningStore.test.ts(675,29): error TS2339: Property 'offlineQueue' does not exist on type '{ currentWeekPlan: WeekPlan | null; preferences: UserPreferences; mode: ModeType; weekKey: string; isDirty: boolean; isLoading: boolean; isSaving: boolean; ... 32 more ...; downloadWeekPlan: (format: "json" | ... 1 more ... | "pdf") => void; }'.
src/features/meal-planning/store/__tests__/useMealPlanningStore.test.ts(691,30): error TS2339: Property 'setupRealtimeSync' does not exist on type '{ currentWeekPlan: WeekPlan | null; preferences: UserPreferences; mode: ModeType; weekKey: string; isDirty: boolean; isLoading: boolean; isSaving: boolean; ... 32 more ...; downloadWeekPlan: (format: "json" | ... 1 more ... | "pdf") => void; }'.
src/features/meal-planning/store/__tests__/useMealPlanningStore.test.ts(705,30): error TS2339: Property 'cleanupRealtimeSync' does not exist on type '{ currentWeekPlan: WeekPlan | null; preferences: UserPreferences; mode: ModeType; weekKey: string; isDirty: boolean; isLoading: boolean; isSaving: boolean; ... 32 more ...; downloadWeekPlan: (format: "json" | ... 1 more ... | "pdf") => void; }'.
src/features/meal-planning/store/__tests__/useMealPlanningStore.test.ts(708,29): error TS2339: Property 'realtimeStatus' does not exist on type '{ currentWeekPlan: WeekPlan | null; preferences: UserPreferences; mode: ModeType; weekKey: string; isDirty: boolean; isLoading: boolean; isSaving: boolean; ... 32 more ...; downloadWeekPlan: (format: "json" | ... 1 more ... | "pdf") => void; }'.
src/features/meal-planning/types/index.ts(36,16): error TS2304: Cannot find name 'Ingredient'.
src/features/meal-planning/types/index.ts(38,15): error TS2304: Cannot find name 'NutritionInfo'.
src/features/meal-planning/types/index.ts(39,22): error TS2304: Cannot find name 'NutritionInfo'.
src/features/meal-planning/types/index.ts(105,20): error TS2304: Cannot find name 'NutritionInfo'.
src/features/meal-planning/types/index.ts(121,21): error TS2304: Cannot find name 'NutritionInfo'.
src/features/meal-planning/types/index.ts(137,10): error TS2304: Cannot find name 'NutritionInfo'.
src/features/meal-planning/types/index.ts(138,11): error TS2304: Cannot find name 'NutritionInfo'.
src/features/meal-planning/types/index.ts(170,22): error TS2304: Cannot find name 'NutritionInfo'.
src/features/meal-planning/types/index.ts(179,22): error TS2304: Cannot find name 'NutritionInfo'.
src/features/meal-planning/types/index.ts(190,22): error TS2304: Cannot find name 'IngredientCategory'.
src/features/meal-planning/types/index.ts(283,13): error TS2304: Cannot find name 'IngredientCategory'.
src/features/meal-planning/types/index.ts(303,9): error TS2304: Cannot find name 'IngredientCategory'.
src/features/meal-planning/utils/nutritionCalculator.ts(1,35): error TS2305: Module '"../types"' has no exported member 'NutritionInfo'.
src/features/meal-planning/utils/nutritionCalculator.ts(225,5): error TS2322: Type '{ protein: string; carbs: string; fat: string; }' is not assignable to type '{ protein: "balanced" | "low" | "high"; carbs: "balanced" | "low" | "high"; fat: "balanced" | "low" | "high"; }'.
  Types of property 'protein' are incompatible.
    Type 'string' is not assignable to type '"balanced" | "low" | "high"'.
src/features/meal-planning/utils/performanceOptimizer.ts(164,5): error TS18048: 'recipe.dietaryLabels' is possibly 'undefined'.
src/features/meal-planning/utils/shoppingListGenerator.ts(6,3): error TS2305: Module '"../types"' has no exported member 'IngredientCategory'.
src/features/meal-planning/utils/shoppingListGenerator.ts(7,3): error TS2305: Module '"../types"' has no exported member 'Ingredient'.
src/features/pantry/__tests__/integration/aiPantryAnalysis.test.tsx(8,37): error TS2307: Cannot find module '../../hooks/usePantryAIAnalysis' or its corresponding type declarations.
src/features/pantry/__tests__/integration/aiPantryAnalysis.test.tsx(9,62): error TS2307: Cannot find module '@/__tests__/mocks/fixtures/pantryData' or its corresponding type declarations.
src/features/pantry/__tests__/integration/aiPantryAnalysis.test.tsx(85,11): error TS2322: Type '{ recipe: any; pantryItems: any; }' is not assignable to type 'IntrinsicAttributes & RecipeAvailabilityCheckProps'.
  Property 'recipe' does not exist on type 'IntrinsicAttributes & RecipeAvailabilityCheckProps'. Did you mean 'recipeId'?
src/features/pantry/__tests__/integration/aiPantryAnalysis.test.tsx(112,54): error TS2551: Property 'toContainText' does not exist on type 'JestMatchers<HTMLElement>'. Did you mean 'toContain'?
src/features/pantry/__tests__/integration/aiPantryAnalysis.test.tsx(137,11): error TS2322: Type '{ recipe: any; pantryItems: any; }' is not assignable to type 'IntrinsicAttributes & RecipeAvailabilityCheckProps'.
  Property 'recipe' does not exist on type 'IntrinsicAttributes & RecipeAvailabilityCheckProps'. Did you mean 'recipeId'?
src/features/pantry/__tests__/integration/aiPantryAnalysis.test.tsx(183,11): error TS2322: Type '{ recipe: any; pantryItems: any; }' is not assignable to type 'IntrinsicAttributes & RecipeAvailabilityCheckProps'.
  Property 'recipe' does not exist on type 'IntrinsicAttributes & RecipeAvailabilityCheckProps'. Did you mean 'recipeId'?
src/features/pantry/__tests__/integration/aiPantryAnalysis.test.tsx(197,11): error TS2322: Type '{ recipe: any; pantryItems: any; }' is not assignable to type 'IntrinsicAttributes & RecipeAvailabilityCheckProps'.
  Property 'recipe' does not exist on type 'IntrinsicAttributes & RecipeAvailabilityCheckProps'. Did you mean 'recipeId'?
src/features/pantry/__tests__/integration/aiPantryAnalysis.test.tsx(208,58): error TS2551: Property 'toContainText' does not exist on type 'JestMatchers<HTMLElement>'. Did you mean 'toContain'?
src/features/pantry/__tests__/integration/aiPantryAnalysis.test.tsx(270,32): error TS2551: Property 'toContainText' does not exist on type 'JestMatchers<HTMLElement>'. Did you mean 'toContain'?
src/features/pantry/__tests__/integration/aiPantryAnalysis.test.tsx(271,32): error TS2551: Property 'toContainText' does not exist on type 'JestMatchers<HTMLElement>'. Did you mean 'toContain'?
src/features/pantry/__tests__/integration/aiPantryAnalysis.test.tsx(274,32): error TS2551: Property 'toContainText' does not exist on type 'JestMatchers<HTMLElement>'. Did you mean 'toContain'?
src/features/pantry/__tests__/integration/aiPantryAnalysis.test.tsx(275,32): error TS2551: Property 'toContainText' does not exist on type 'JestMatchers<HTMLElement>'. Did you mean 'toContain'?
src/features/pantry/__tests__/integration/aiPantryAnalysis.test.tsx(338,53): error TS2551: Property 'toContainText' does not exist on type 'JestMatchers<HTMLElement>'. Did you mean 'toContain'?
src/features/pantry/__tests__/integration/aiPantryAnalysis.test.tsx(339,55): error TS2551: Property 'toContainText' does not exist on type 'JestMatchers<HTMLElement>'. Did you mean 'toContain'?
src/features/pantry/__tests__/integration/aiPantryAnalysis.test.tsx(507,32): error TS2551: Property 'toContainText' does not exist on type 'JestMatchers<HTMLElement>'. Did you mean 'toContain'?
src/features/pantry/__tests__/integration/aiPantryAnalysis.test.tsx(509,32): error TS2551: Property 'toContainText' does not exist on type 'JestMatchers<HTMLElement>'. Did you mean 'toContain'?
src/features/pantry/__tests__/integration/aiPantryAnalysis.test.tsx(511,32): error TS2551: Property 'toContainText' does not exist on type 'JestMatchers<HTMLElement>'. Did you mean 'toContain'?
src/features/pantry/__tests__/integration/aiPantryAnalysis.test.tsx(513,32): error TS2551: Property 'toContainText' does not exist on type 'JestMatchers<HTMLElement>'. Did you mean 'toContain'?
src/features/pantry/__tests__/integration/aiPantryAnalysis.test.tsx(536,11): error TS2322: Type '{ recipe: any; pantryItems: any; }' is not assignable to type 'IntrinsicAttributes & RecipeAvailabilityCheckProps'.
  Property 'recipe' does not exist on type 'IntrinsicAttributes & RecipeAvailabilityCheckProps'. Did you mean 'recipeId'?
src/features/pantry/__tests__/integration/aiPantryAnalysis.test.tsx(583,11): error TS2322: Type '{ recipe: any; pantryItems: { id: string; name: string; quantity: number; unit: string; category: string; expiryDate: Date; }[]; }' is not assignable to type 'IntrinsicAttributes & RecipeAvailabilityCheckProps'.
  Property 'recipe' does not exist on type 'IntrinsicAttributes & RecipeAvailabilityCheckProps'. Did you mean 'recipeId'?
src/features/pantry/__tests__/integration/aiPantryAnalysis.test.tsx(618,11): error TS2322: Type '{ recipe: any; pantryItems: any; }' is not assignable to type 'IntrinsicAttributes & RecipeAvailabilityCheckProps'.
  Property 'recipe' does not exist on type 'IntrinsicAttributes & RecipeAvailabilityCheckProps'. Did you mean 'recipeId'?
src/features/pantry/components/AddPantryItemModal.tsx(17,7): error TS2322: Type '{ onClose: () => void; onItemsAdded: (items: any) => void; }' is not assignable to type 'IntrinsicAttributes & PantryItemFormWithVoiceProps'.
  Property 'onItemsAdded' does not exist on type 'IntrinsicAttributes & PantryItemFormWithVoiceProps'.
src/features/pantry/components/AddPantryItemModal.tsx(17,22): error TS7006: Parameter 'items' implicitly has an 'any' type.
src/features/pantry/components/AddPantryItemModal.tsx(19,23): error TS7006: Parameter 'item' implicitly has an 'any' type.
src/features/pantry/components/PantryItemCard.tsx(26,27): error TS2551: Property 'min_quantity' does not exist on type 'PantryItem'. Did you mean 'quantity'?
src/features/pantry/components/PantryItemCard.tsx(26,65): error TS2551: Property 'min_quantity' does not exist on type 'PantryItem'. Did you mean 'quantity'?
src/features/pantry/components/PantryItemCard.tsx(121,19): error TS2551: Property 'min_quantity' does not exist on type 'PantryItem'. Did you mean 'quantity'?
src/features/pantry/components/PantryItemCard.tsx(123,29): error TS2551: Property 'min_quantity' does not exist on type 'PantryItem'. Did you mean 'quantity'?
src/features/pantry/components/PantryItemFormWithVoice.tsx(142,17): error TS2345: Argument of type '(prev: AddPantryItemForm) => { ingredient_name: string | undefined; quantity: number; unit: string; category: string; expiration_date?: string | undefined; location?: string | undefined; cost?: number | undefined; notes?: string | undefined; }' is not assignable to parameter of type 'SetStateAction<AddPantryItemForm>'.
  Type '(prev: AddPantryItemForm) => { ingredient_name: string | undefined; quantity: number; unit: string; category: string; expiration_date?: string | undefined; location?: string | undefined; cost?: number | undefined; notes?: string | undefined; }' is not assignable to type '(prevState: AddPantryItemForm) => AddPantryItemForm'.
    Call signature return types '{ ingredient_name: string | undefined; quantity: number; unit: string; category: string; expiration_date?: string | undefined; location?: string | undefined; cost?: number | undefined; notes?: string | undefined; }' and 'AddPantryItemForm' are incompatible.
      The types of 'ingredient_name' are incompatible between these types.
        Type 'string | undefined' is not assignable to type 'string'.
          Type 'undefined' is not assignable to type 'string'.
src/features/pantry/components/PantryItemFormWithVoice.tsx(147,35): error TS2345: Argument of type 'string | undefined' is not assignable to parameter of type 'string'.
  Type 'undefined' is not assignable to type 'string'.
src/features/pantry/components/PantryItemFormWithVoice.tsx(151,56): error TS2345: Argument of type 'string | undefined' is not assignable to parameter of type 'string'.
  Type 'undefined' is not assignable to type 'string'.
src/features/pantry/components/PantryItemFormWithVoice.tsx(269,9): error TS2322: Type 'string | undefined' is not assignable to type 'string'.
  Type 'undefined' is not assignable to type 'string'.
src/features/pantry/components/PantryItemFormWithVoice.tsx(272,37): error TS2345: Argument of type 'string | undefined' is not assignable to parameter of type 'string'.
  Type 'undefined' is not assignable to type 'string'.
src/features/pantry/components/PantryItemFormWithVoice.tsx(273,45): error TS2345: Argument of type 'string | undefined' is not assignable to parameter of type 'string'.
  Type 'undefined' is not assignable to type 'string'.
src/features/pantry/components/PantryItemFormWithVoice.tsx(281,25): error TS2345: Argument of type 'string | undefined' is not assignable to parameter of type 'string'.
  Type 'undefined' is not assignable to type 'string'.
src/features/pantry/components/PantryItemFormWithVoice.tsx(283,98): error TS2554: Expected 1-3 arguments, but got 4.
src/features/pantry/store/pantryStore.ts(116,7): error TS2322: Type 'import("/Users/santiagobalosky/Documents/kecarajocomo/src/types/pantry").PantryItem[]' is not assignable to type 'import("/Users/santiagobalosky/Documents/kecarajocomo/src/features/pantry/types/index").PantryItem[]'.
  Property 'ingredient_name' is missing in type 'import("/Users/santiagobalosky/Documents/kecarajocomo/src/types/pantry").PantryItem' but required in type 'import("/Users/santiagobalosky/Documents/kecarajocomo/src/features/pantry/types/index").PantryItem'.
src/features/pantry/store/pantryStore.ts(139,13): error TS2322: Type 'PantryItem[]' is not assignable to type 'WritableDraft<PantryItem>[]'.
  Property 'ingredient_name' is missing in type 'PantryItem' but required in type 'WritableDraft<PantryItem>'.
src/features/recipes/api/generate/gemini/route.ts(9,38): error TS2345: Argument of type 'string | undefined' is not assignable to parameter of type 'string'.
  Type 'undefined' is not assignable to type 'string'.
src/features/recipes/components/CustomRecipeGenerator.tsx(19,23): error TS2305: Module '"@/features/meal-planning/types"' has no exported member 'Ingredient'.
src/features/recipes/components/CustomRecipeGenerator.tsx(19,35): error TS2305: Module '"@/features/meal-planning/types"' has no exported member 'NutritionInfo'.
src/features/recipes/components/EnhancedRecipeCreationModal.tsx(201,9): error TS2353: Object literal may only specify known properties, and 'message' does not exist in type 'NotificationOptions'.
src/features/recipes/components/EnhancedRecipeCreationModal.tsx(211,16): error TS18046: 'error' is of type 'unknown'.
src/features/recipes/components/EnhancedRecipeCreationModal.tsx(216,9): error TS2353: Object literal may only specify known properties, and 'message' does not exist in type 'NotificationOptions'.
src/features/recipes/components/EnhancedRecipeCreationModal.tsx(266,11): error TS2353: Object literal may only specify known properties, and 'message' does not exist in type 'NotificationOptions'.
src/features/recipes/components/EnhancedRecipeCreationModal.tsx(276,16): error TS18046: 'error' is of type 'unknown'.
src/features/recipes/components/EnhancedRecipeCreationModal.tsx(282,9): error TS2353: Object literal may only specify known properties, and 'message' does not exist in type 'NotificationOptions'.
src/features/recipes/components/EnhancedRecipeCreationModal.tsx(335,9): error TS2353: Object literal may only specify known properties, and 'message' does not exist in type 'NotificationOptions'.
src/features/recipes/components/EnhancedRecipeCreationModal.tsx(347,16): error TS18046: 'error' is of type 'unknown'.
src/features/recipes/components/EnhancedRecipeCreationModal.tsx(352,9): error TS2353: Object literal may only specify known properties, and 'message' does not exist in type 'NotificationOptions'.
src/features/recipes/components/EnhancedRecipeCreationModal.tsx(366,9): error TS2353: Object literal may only specify known properties, and 'message' does not exist in type 'NotificationOptions'.
src/features/recipes/components/EnhancedRecipeCreationModal.tsx(405,9): error TS2353: Object literal may only specify known properties, and 'message' does not exist in type 'NotificationOptions'.
src/features/recipes/components/EnhancedRecipeCreationModal.tsx(416,16): error TS18046: 'error' is of type 'unknown'.
src/features/recipes/components/EnhancedRecipeCreationModal.tsx(421,9): error TS2353: Object literal may only specify known properties, and 'message' does not exist in type 'NotificationOptions'.
src/features/recipes/components/EnhancedRecipeCreationModal.tsx(432,11): error TS2353: Object literal may only specify known properties, and 'message' does not exist in type 'NotificationOptions'.
src/features/recipes/components/EnhancedRecipeCreationModal.tsx(440,9): error TS2353: Object literal may only specify known properties, and 'message' does not exist in type 'NotificationOptions'.
src/features/recipes/components/EnhancedRecipeCreationModal.tsx(450,27): error TS2551: Property 'ingredient' does not exist on type 'RecipeIngredient'. Did you mean 'ingredient_id'?
src/features/recipes/components/EnhancedRecipeCreationModal.tsx(451,23): error TS2339: Property 'amount' does not exist on type 'RecipeIngredient'.
src/features/recipes/components/EnhancedRecipeCreationModal.tsx(560,9): error TS2353: Object literal may only specify known properties, and 'message' does not exist in type 'NotificationOptions'.
src/features/recipes/components/EnhancedRecipeCreationModal.tsx(568,11): error TS18046: 'error' is of type 'unknown'.
src/features/recipes/components/EnhancedRecipeCreationModal.tsx(569,41): error TS18046: 'error' is of type 'unknown'.
src/features/recipes/components/EnhancedRecipeCreationModal.tsx(570,17): error TS18046: 'error' is of type 'unknown'.
src/features/recipes/components/EnhancedRecipeCreationModal.tsx(571,20): error TS18046: 'error' is of type 'unknown'.
src/features/recipes/components/EnhancedRecipeCreationModal.tsx(572,17): error TS18046: 'error' is of type 'unknown'.
src/features/recipes/components/EnhancedRecipeCreationModal.tsx(577,11): error TS18046: 'error' is of type 'unknown'.
src/features/recipes/components/EnhancedRecipeCreationModal.tsx(580,11): error TS2353: Object literal may only specify known properties, and 'message' does not exist in type 'NotificationOptions'.
src/features/recipes/components/EnhancedRecipeCreationModal.tsx(590,11): error TS2353: Object literal may only specify known properties, and 'message' does not exist in type 'NotificationOptions'.
src/features/recipes/components/EnhancedRecipeCreationModal.tsx(590,20): error TS18046: 'error' is of type 'unknown'.
src/features/recipes/components/EnhancedRecipeCreationModal.tsx(911,41): error TS2322: Type 'Instruction' is not assignable to type 'ReactNode'.
src/features/recipes/components/EnhancedRecipeCreationModal.tsx(1156,27): error TS2345: Argument of type '(prev: Partial<Recipe>) => { ingredients: (RecipeIngredient | { notes: string; name: string; quantity: string; unit: string; })[]; id?: string | undefined; ... 22 more ...; updated_at?: string | undefined; }' is not assignable to parameter of type 'SetStateAction<Partial<Recipe>>'.
  Type '(prev: Partial<Recipe>) => { ingredients: (RecipeIngredient | { notes: string; name: string; quantity: string; unit: string; })[]; id?: string | undefined; ... 22 more ...; updated_at?: string | undefined; }' is not assignable to type '(prevState: Partial<Recipe>) => Partial<Recipe>'.
    Call signature return types '{ ingredients: (RecipeIngredient | { notes: string; name: string; quantity: string; unit: string; })[]; id?: string | undefined; user_id?: string | undefined; title?: string | undefined; ... 20 more ...; updated_at?: string | undefined; }' and 'Partial<Recipe>' are incompatible.
      The types of 'ingredients' are incompatible between these types.
        Type '(RecipeIngredient | { notes: string; name: string; quantity: string; unit: string; })[]' is not assignable to type 'RecipeIngredient[]'.
          Type 'RecipeIngredient | { notes: string; name: string; quantity: string; unit: string; }' is not assignable to type 'RecipeIngredient'.
            Type '{ notes: string; name: string; quantity: string; unit: string; }' is missing the following properties from type 'RecipeIngredient': ingredient_id, optional
src/features/recipes/components/EnhancedRecipeCreationModal.tsx(1169,27): error TS2345: Argument of type '(prev: Partial<Recipe>) => { instructions: (string | Instruction)[]; id?: string | undefined; user_id?: string | undefined; title?: string | undefined; ... 20 more ...; updated_at?: string | undefined; }' is not assignable to parameter of type 'SetStateAction<Partial<Recipe>>'.
  Type '(prev: Partial<Recipe>) => { instructions: (string | Instruction)[]; id?: string | undefined; user_id?: string | undefined; title?: string | undefined; ... 20 more ...; updated_at?: string | undefined; }' is not assignable to type '(prevState: Partial<Recipe>) => Partial<Recipe>'.
    Call signature return types '{ instructions: (string | Instruction)[]; id?: string | undefined; user_id?: string | undefined; title?: string | undefined; description?: string | undefined; ingredients?: RecipeIngredient[] | undefined; ... 18 more ...; updated_at?: string | undefined; }' and 'Partial<Recipe>' are incompatible.
      The types of 'instructions' are incompatible between these types.
        Type '(string | Instruction)[]' is not assignable to type 'Instruction[]'.
          Type 'string | Instruction' is not assignable to type 'Instruction'.
            Type 'string' is not assignable to type 'Instruction'.
src/features/recipes/components/EnhancedRecipeCreationModal.tsx(1178,7): error TS2552: Cannot find name 'setFormData'. Did you mean 'FormData'?
src/features/recipes/components/EnhancedRecipeCreationModal.tsx(1178,19): error TS7006: Parameter 'prev' implicitly has an 'any' type.
src/features/recipes/components/EnhancedRecipeCreationModal.tsx(1180,55): error TS7006: Parameter '_' implicitly has an 'any' type.
src/features/recipes/components/EnhancedRecipeCreationModal.tsx(1180,58): error TS7006: Parameter 'i' implicitly has an 'any' type.
src/features/recipes/components/EnhancedRecipeCreationModal.tsx(1185,7): error TS2552: Cannot find name 'setFormData'. Did you mean 'FormData'?
src/features/recipes/components/EnhancedRecipeCreationModal.tsx(1185,19): error TS7006: Parameter 'prev' implicitly has an 'any' type.
src/features/recipes/components/EnhancedRecipeCreationModal.tsx(1187,57): error TS7006: Parameter '_' implicitly has an 'any' type.
src/features/recipes/components/EnhancedRecipeCreationModal.tsx(1187,60): error TS7006: Parameter 'i' implicitly has an 'any' type.
src/features/recipes/components/EnhancedRecipeCreationModal.tsx(1193,16): error TS2345: Argument of type '{ type: string; title: string; message: string; }' is not assignable to parameter of type 'string'.
src/features/recipes/components/EnhancedRecipeCreationModal.tsx(1214,9): error TS2561: Object literal may only specify known properties, but 'meal_type' does not exist in type 'Recipe'. Did you mean to write 'meal_types'?
src/features/recipes/components/EnhancedRecipeCreationModal.tsx(1486,73): error TS2322: Type 'Instruction' is not assignable to type 'ReactNode'.
src/features/recipes/components/RecipeFilters.tsx(53,48): error TS2345: Argument of type 'import("/Users/santiagobalosky/Documents/kecarajocomo/src/features/recipes/types/index").Recipe[]' is not assignable to parameter of type 'Recipe[]'.
  Property 'name' is missing in type 'import("/Users/santiagobalosky/Documents/kecarajocomo/src/features/recipes/types/index").Recipe' but required in type 'Recipe'.
src/features/recipes/components/RecipeFilters.tsx(65,31): error TS2345: Argument of type 'Recipe[] | RecipeAvailability[]' is not assignable to parameter of type 'Recipe[]'.
  Type 'RecipeAvailability[]' is not assignable to type 'Recipe[]'.
    Type 'RecipeAvailability' is missing the following properties from type 'Recipe': id, user_id, title, description, and 15 more.
src/features/recipes/components/RecipeGrid.tsx(62,11): error TS2740: Type '{ id: string; name: string; slug: string; description: string | null; image_url: string | null; video_url: string | null; prep_time: number; cook_time: number; total_time: number; difficulty: string | null; ... 24 more ...; published_at: string | null; } & { ...; }' is missing the following properties from type 'Recipe': prepTime, cookTime, rating, reviewCount, and 5 more.
src/features/recipes/hooks/useRecipeAvailability.ts(37,22): error TS2339: Property 'name' does not exist on type 'PantryItem'.
src/features/recipes/hooks/useRecipeAvailability.ts(39,32): error TS2339: Property 'name' does not exist on type 'PantryItem'.
src/features/recipes/hooks/useRecipeAvailability.ts(42,41): error TS2339: Property 'name' does not exist on type 'PantryItem'.
src/features/recipes/services/EnhancedAIRecipeService.ts(66,27): error TS2673: Constructor of class 'UnifiedStorageService' is private and only accessible within the class declaration.
src/features/recipes/services/EnhancedAIRecipeService.ts(82,11): error TS2353: Object literal may only specify known properties, and 'message' does not exist in type 'NotificationOptions'.
src/features/recipes/services/EnhancedAIRecipeService.ts(92,11): error TS2353: Object literal may only specify known properties, and 'cuisine' does not exist in type 'UserPreferences'.
src/features/recipes/services/EnhancedAIRecipeService.ts(117,9): error TS2353: Object literal may only specify known properties, and 'message' does not exist in type 'NotificationOptions'.
src/features/recipes/services/EnhancedAIRecipeService.ts(312,7): error TS2322: Type '"openai" | "anthropic" | "gemini"' is not assignable to type '"gemini" | "claude" | undefined'.
  Type '"openai"' is not assignable to type '"gemini" | "claude" | undefined'.
src/features/recipes/services/EnhancedAIRecipeService.ts(366,7): error TS2353: Object literal may only specify known properties, and 'message' does not exist in type 'NotificationOptions'.
src/features/recipes/services/EnhancedAIRecipeService.ts(412,12): error TS2353: Object literal may only specify known properties, and 'ttl' does not exist in type 'Partial<StorageMetadata>'.
src/features/recipes/services/RecipeImportService.ts(14,18): error TS2304: Cannot find name 'Database'.
src/features/recipes/services/RecipeImportService.ts(15,21): error TS2304: Cannot find name 'Database'.
src/features/recipes/services/RecipeImportService.ts(136,9): error TS2353: Object literal may only specify known properties, and 'message' does not exist in type 'NotificationOptions'.
src/features/recipes/services/RecipeImportService.ts(181,9): error TS2353: Object literal may only specify known properties, and 'message' does not exist in type 'NotificationOptions'.
src/features/recipes/services/RecipeImportService.ts(704,9): error TS2353: Object literal may only specify known properties, and 'message' does not exist in type 'NotificationOptions'.
src/features/recipes/services/RecipeImportService.ts(720,50): error TS2353: Object literal may only specify known properties, and 'lang' does not exist in type 'TTSOptions'.
src/features/recipes/services/RecipeImportService.ts(757,31): error TS2339: Property 'validateImages' does not exist on type 'ImportOptions'.
src/features/recipes/services/RecipeImportService.ts(776,9): error TS2353: Object literal may only specify known properties, and 'cuisine' does not exist in type 'Recipe'.
src/features/recipes/services/RecipeImportService.ts(883,42): error TS2339: Property 'storageService' does not exist on type 'RecipeImportService'.
src/features/recipes/services/RecipeImportService.ts(889,18): error TS2339: Property 'storageService' does not exist on type 'RecipeImportService'.
src/features/recipes/services/RecipeImportService.ts(892,18): error TS2339: Property 'storageService' does not exist on type 'RecipeImportService'.
src/features/recipes/services/RecipePhotoScanService.ts(50,9): error TS2353: Object literal may only specify known properties, and 'message' does not exist in type 'NotificationOptions'.
src/features/recipes/services/RecipePhotoScanService.ts(80,9): error TS2353: Object literal may only specify known properties, and 'message' does not exist in type 'NotificationOptions'.
src/features/recipes/services/RecipePhotoScanService.ts(91,9): error TS2353: Object literal may only specify known properties, and 'message' does not exist in type 'NotificationOptions'.
src/features/recipes/services/RecipePhotoScanService.ts(157,9): error TS2353: Object literal may only specify known properties, and 'message' does not exist in type 'NotificationOptions'.
src/features/recipes/services/RecipePhotoScanService.ts(266,63): error TS2345: Argument of type 'string' is not assignable to parameter of type 'AIImageRequest'.
src/features/recipes/services/RecipePhotoScanService.ts(272,43): error TS2339: Property 'trim' does not exist on type 'AITextResponse'.
src/features/recipes/services/RecipePhotoScanService.ts(276,7): error TS2322: Type 'AITextResponse' is not assignable to type 'string'.
src/features/recipes/services/RecipePhotoScanService.ts(337,47): error TS2339: Property 'generateCompletion' does not exist on type 'UnifiedAIService'.
src/features/recipes/services/RecipePhotoScanService.ts(376,9): error TS2353: Object literal may only specify known properties, and 'cuisine' does not exist in type 'Recipe'.
src/features/recipes/types/index.ts(6,8): error TS2307: Cannot find module '../../planner/types' or its corresponding type declarations.
src/features/shopping/components/AddShoppingItemModal.tsx(10,32): error TS2339: Property 'shopping_list_items' does not exist on type '{ user_profiles: { Row: { id: string; username: string; full_name: string; avatar_url: string | null; bio: string | null; created_at: string; updated_at: string; }; Insert: { id: string; username: string; ... 4 more ...; updated_at?: string | undefined; }; Update: { ...; }; }; ... 11 more ...; stores: { ...; }; }'.
src/features/shopping/components/ShoppingListItem.tsx(9,54): error TS2339: Property 'shopping_list_items' does not exist on type '{ user_profiles: { Row: { id: string; username: string; full_name: string; avatar_url: string | null; bio: string | null; created_at: string; updated_at: string; }; Insert: { id: string; username: string; ... 4 more ...; updated_at?: string | undefined; }; Update: { ...; }; }; ... 11 more ...; stores: { ...; }; }'.
src/hooks/__tests__/useAutoSave.test.ts(10,61): error TS2307: Cannot find module '@/__tests__/utils/profileTestUtils' or its corresponding type declarations.
src/hooks/meal-planning/__tests__/useMealPlanning.test.tsx(5,33): error TS2307: Cannot find module '../useMealPlanning' or its corresponding type declarations.
src/hooks/meal-planning/__tests__/useMealPlanning.test.tsx(394,19): error TS2698: Spread types may only be created from object types.
src/hooks/meal-planning/__tests__/useMealPlanning.test.tsx(470,16): error TS18046: 'error' is of type 'unknown'.
src/hooks/use-api.ts(30,18): error TS18046: 'err' is of type 'unknown'.
src/hooks/use-api.ts(30,31): error TS18046: 'err' is of type 'unknown'.
src/hooks/use-api.ts(31,19): error TS18046: 'err' is of type 'unknown'.
src/hooks/useAdvancedVoiceRecognition.ts(9,47): error TS2307: Cannot find module '@/services/voice/smartParser' or its corresponding type declarations.
src/hooks/useAdvancedVoiceRecognition.ts(10,31): error TS2307: Cannot find module '@/services/voice/voiceFeedback' or its corresponding type declarations.
src/hooks/useAdvancedVoiceRecognition.ts(11,37): error TS2307: Cannot find module '@/services/voice/conversationContext' or its corresponding type declarations.
src/hooks/useAdvancedVoiceRecognition.ts(12,34): error TS2307: Cannot find module '@/services/voice/wakeWordDetector' or its corresponding type declarations.
src/hooks/useAdvancedVoiceRecognition.ts(17,5): error TS2687: All declarations of 'SpeechRecognition' must have identical modifiers.
src/hooks/useAdvancedVoiceRecognition.ts(17,31): error TS2693: 'SpeechRecognition' only refers to a type, but is being used as a value here.
src/hooks/useAdvancedVoiceRecognition.ts(18,5): error TS2687: All declarations of 'webkitSpeechRecognition' must have identical modifiers.
src/hooks/useAdvancedVoiceRecognition.ts(18,37): error TS2693: 'SpeechRecognition' only refers to a type, but is being used as a value here.
src/hooks/useAdvancedVoiceRecognition.ts(167,29): error TS18048: 'SpeechRecognition' is possibly 'undefined'.
src/hooks/useAdvancedVoiceRecognition.ts(400,9): error TS2353: Object literal may only specify known properties, and 'add' does not exist in type 'string[]'.
src/hooks/useAdvancedVoiceRecognition.ts(439,9): error TS2353: Object literal may only specify known properties, and 'add' does not exist in type 'string[]'.
src/hooks/useAdvancedVoiceRecognition.ts(478,9): error TS2353: Object literal may only specify known properties, and 'add' does not exist in type 'string[]'.
src/hooks/useAdvancedVoiceRecognition.ts(520,41): error TS7015: Element implicitly has an 'any' type because index expression is not of type 'number'.
src/hooks/useAdvancedVoiceRecognition.ts(829,10): error TS7053: Element implicitly has an 'any' type because expression of type 'string' can't be used to index type '{ 'es-ES': { name: string; region: string; }; 'es-MX': { name: string; region: string; }; 'es-AR': { name: string; region: string; }; 'en-US': { name: string; region: string; }; 'en-GB': { name: string; region: string; }; 'pt-BR': { ...; }; 'pt-PT': { ...; }; }'.
  No index signature with a parameter of type 'string' was found on type '{ 'es-ES': { name: string; region: string; }; 'es-MX': { name: string; region: string; }; 'es-AR': { name: string; region: string; }; 'en-US': { name: string; region: string; }; 'en-GB': { name: string; region: string; }; 'pt-BR': { ...; }; 'pt-PT': { ...; }; }'.
src/hooks/useAdvancedVoiceRecognition.ts(845,13): error TS7053: Element implicitly has an 'any' type because expression of type 'string' can't be used to index type '{ es: string; en: string; pt: string; }'.
  No index signature with a parameter of type 'string' was found on type '{ es: string; en: string; pt: string; }'.
src/hooks/useAutoSave.ts(272,5): error TS2322: Type '(localData: T, serverData: T) => Promise<void>' is not assignable to type '(localData: T, serverData: T) => Promise<T>'.
  Type 'Promise<void>' is not assignable to type 'Promise<T>'.
    Type 'void' is not assignable to type 'T'.
      'T' could be instantiated with an arbitrary type which could be unrelated to 'void'.
src/hooks/useDashboardData.ts(94,11): error TS2339: Property 'user' does not exist on type '{ profile: UserProfile | null; preferences: UserPreferences; isAuthenticated: boolean; isLoading: boolean; }'.
src/hooks/useDashboardData.ts(276,54): error TS7006: Parameter 'list' implicitly has an 'any' type.
src/hooks/useDashboardData.ts(297,56): error TS7006: Parameter 'sum' implicitly has an 'any' type.
src/hooks/useDashboardData.ts(297,61): error TS7006: Parameter 'item' implicitly has an 'any' type.
src/hooks/useDashboardData.ts(318,54): error TS7006: Parameter 'recipe' implicitly has an 'any' type.
src/hooks/useDashboardData.ts(363,66): error TS7006: Parameter 'meal' implicitly has an 'any' type.
src/hooks/useDashboardData.ts(397,18): error TS18046: 'err' is of type 'unknown'.
src/hooks/useDashboardData.ts(398,15): error TS18046: 'err' is of type 'unknown'.
src/hooks/useEnhancedPriceScraper.ts(4,46): error TS2459: Module '"@/lib/services/enhancedStoreScraper"' declares 'ProductGroup' locally, but it is not exported.
src/hooks/useEnhancedPriceScraper.ts(112,25): error TS2304: Cannot find name 'prev'.
src/hooks/useEnhancedShoppingList.ts(191,13): error TS2353: Object literal may only specify known properties, and 'purchase_date' does not exist in type 'AddPantryItemForm'.
src/hooks/useEnhancedShoppingList.ts(193,28): error TS2339: Property 'store' does not exist on type 'ReceiptData'.
src/hooks/useEnhancedShoppingList.ts(203,24): error TS2339: Property 'store' does not exist on type 'ReceiptData'.
src/hooks/useErrorRecovery.ts(368,12): error TS2678: Type '"VALIDATION_FAILED"' is not comparable to type 'ProfileErrorCode'.
src/hooks/useErrorRecovery.ts(405,29): error TS2345: Argument of type 'UserProfileError | null' is not assignable to parameter of type 'UserProfileError | undefined'.
  Type 'null' is not assignable to type 'UserProfileError | undefined'.
src/hooks/useMealPlanHistory.ts(7,25): error TS2305: Module '"@/features/meal-planning/types"' has no exported member 'NutritionInfo'.
src/hooks/usePantry.ts(158,47): error TS2345: Argument of type 'string | undefined' is not assignable to parameter of type 'string'.
  Type 'undefined' is not assignable to type 'string'.
src/hooks/usePantry.ts(159,56): error TS2345: Argument of type 'string | undefined' is not assignable to parameter of type 'string'.
  Type 'undefined' is not assignable to type 'string'.
src/hooks/usePantry.ts(286,5): error TS2339: Property 'uiState' does not exist on type '{ items: PantryItem[]; alerts: StockAlert[]; categories: string[]; locations: string[]; isLoading: boolean; lastSync?: Date | undefined; }'.
src/hooks/usePantry.ts(287,5): error TS2339: Property 'setUIState' does not exist on type '{ items: PantryItem[]; alerts: StockAlert[]; categories: string[]; locations: string[]; isLoading: boolean; lastSync?: Date | undefined; }'.
src/hooks/usePantry.ts(288,5): error TS2339: Property 'resetFilters' does not exist on type '{ items: PantryItem[]; alerts: StockAlert[]; categories: string[]; locations: string[]; isLoading: boolean; lastSync?: Date | undefined; }'.
src/hooks/usePantry.ts(331,25): error TS2554: Expected 0 arguments, but got 1.
src/hooks/usePantry.ts(331,26): error TS7006: Parameter 'state' implicitly has an 'any' type.
src/hooks/usePantry.ts(337,34): error TS7006: Parameter 'item' implicitly has an 'any' type.
src/hooks/usePantry.ts(345,34): error TS7006: Parameter 'item' implicitly has an 'any' type.
src/hooks/usePantry.ts(352,34): error TS7006: Parameter 'item' implicitly has an 'any' type.
src/hooks/usePantry.ts(357,34): error TS7006: Parameter 'item' implicitly has an 'any' type.
src/hooks/usePantry.ts(365,34): error TS7006: Parameter 'item' implicitly has an 'any' type.
src/hooks/usePantry.ts(372,20): error TS7006: Parameter 'a' implicitly has an 'any' type.
src/hooks/usePantry.ts(372,23): error TS7006: Parameter 'b' implicitly has an 'any' type.
src/hooks/useProfileCache.ts(3,31): error TS2307: Cannot find module '@/types/supabase' or its corresponding type declarations.
src/hooks/useShoppingList.ts(17,50): error TS2339: Property 'shopping_items' does not exist on type '{ ingredients: { Row: { id: string; name: string; category: string | null; default_unit: string | null; nutritional_info: Json; common_names: string[] | null; created_at: string; }; Insert: { ...; }; Update: { ...; }; Relationships: []; }; ... 9 more ...; users: { ...; }; }'.
src/hooks/useShoppingVoice.ts(221,32): error TS2345: Argument of type '{ type: string; item: string | undefined; quantity: number | undefined; unit: string | undefined; action: "unknown" | "add" | "remove" | "complete" | "update_quantity" | "clear_list"; }' is not assignable to parameter of type 'ShoppingVoiceCommand'.
  Types of property 'type' are incompatible.
    Type 'string' is not assignable to type '"quantity" | "add" | "remove" | "complete"'.
src/hooks/useVoiceRecognition.ts(14,5): error TS2687: All declarations of 'SpeechRecognition' must have identical modifiers.
src/hooks/useVoiceRecognition.ts(14,31): error TS2693: 'SpeechRecognition' only refers to a type, but is being used as a value here.
src/hooks/useVoiceRecognition.ts(15,5): error TS2687: All declarations of 'webkitSpeechRecognition' must have identical modifiers.
src/hooks/useVoiceRecognition.ts(15,37): error TS2693: 'SpeechRecognition' only refers to a type, but is being used as a value here.
src/hooks/useVoiceRecognition.ts(73,41): error TS2554: Expected 0 arguments, but got 1.
src/hooks/useVoiceRecognition.ts(87,29): error TS18048: 'SpeechRecognition' is possibly 'undefined'.
src/hooks/useVoiceRecognition.ts(115,52): error TS2339: Property 'parseIngredients' does not exist on type 'SmartParser'.
src/hooks/useVoiceService.ts(4,41): error TS2724: '"@/services/voice"' has no exported member named 'VoiceServiceOptions'. Did you mean 'VoiceParserOptions'?
src/hooks/useVoiceService.ts(104,20): error TS2339: Property 'continuous' does not exist on type 'UseVoiceServiceOptions'.
src/lib/ai/AIProxyClient.ts(75,39): error TS2345: Argument of type 'unknown' is not assignable to parameter of type 'string | undefined'.
src/lib/ai/AIProxyClient.ts(100,48): error TS2345: Argument of type 'unknown' is not assignable to parameter of type 'string | undefined'.
src/lib/ai/AIProxyClient.ts(146,53): error TS2345: Argument of type 'unknown' is not assignable to parameter of type 'string | undefined'.
src/lib/ai/AIProxyClient.ts(305,15): error TS2484: Export declaration conflicts with exported declaration of 'AIProxyRequest'.
src/lib/ai/AIProxyClient.ts(305,31): error TS2484: Export declaration conflicts with exported declaration of 'AIProxyResponse'.
src/lib/ai/AIProxyClient.ts(305,48): error TS2484: Export declaration conflicts with exported declaration of 'RecipeRequest'.
src/lib/ai/cache.ts(7,27): error TS2307: Cannot find module '@upstash/ratelimit' or its corresponding type declarations.
src/lib/ai/cache.ts(112,40): error TS2345: Argument of type '{ requestId: string; endpoint: string; model: string; tokens: number; duration: number; success: true; cacheHit: true; }' is not assignable to parameter of type 'AIPerformanceMetrics'.
  Property 'timestamp' is missing in type '{ requestId: string; endpoint: string; model: string; tokens: number; duration: number; success: true; cacheHit: true; }' but required in type 'AIPerformanceMetrics'.
src/lib/ai/cache.ts(137,42): error TS2345: Argument of type '{ requestId: string; endpoint: string; model: string; tokens: number; duration: number; success: true; cacheHit: true; }' is not assignable to parameter of type 'AIPerformanceMetrics'.
  Property 'timestamp' is missing in type '{ requestId: string; endpoint: string; model: string; tokens: number; duration: number; success: true; cacheHit: true; }' but required in type 'AIPerformanceMetrics'.
src/lib/ai/cache.ts(299,48): error TS2341: Property 'ratelimit' is private and only accessible within class 'AICache'.
src/lib/ai/cache.ts(331,40): error TS2345: Argument of type '{ requestId: string; endpoint: string; model: string; tokens: number; duration: number; success: true; cacheHit: false; }' is not assignable to parameter of type 'AIPerformanceMetrics'.
  Property 'timestamp' is missing in type '{ requestId: string; endpoint: string; model: string; tokens: number; duration: number; success: true; cacheHit: false; }' but required in type 'AIPerformanceMetrics'.
src/lib/ai/cache.ts(346,40): error TS2345: Argument of type '{ requestId: string; endpoint: string; model: string; tokens: number; duration: number; success: false; error: string; cacheHit: false; }' is not assignable to parameter of type 'AIPerformanceMetrics'.
  Property 'timestamp' is missing in type '{ requestId: string; endpoint: string; model: string; tokens: number; duration: number; success: false; error: string; cacheHit: false; }' but required in type 'AIPerformanceMetrics'.
src/lib/api/auth.ts(33,7): error TS2322: Type 'SupabaseClient<any, "public", any>' is not assignable to type 'SupabaseClient<unknown, never, GenericSchema>'.
  Type '"public"' is not assignable to type 'never'.
src/lib/api/client.ts(65,11): error TS18046: 'error' is of type 'unknown'.
src/lib/api/client.ts(69,16): error TS18046: 'error' is of type 'unknown'.
src/lib/api/middleware.ts(24,12): error TS2304: Cannot find name 'user'.
src/lib/api/middleware.ts(73,24): error TS2339: Property 'ip' does not exist on type 'NextRequest'.
src/lib/api/response.ts(116,55): error TS2339: Property 'errors' does not exist on type 'ZodError<unknown>'.
src/lib/api/response.ts(175,5): error TS2322: Type 'NextResponse<T>' is not assignable to type 'NextResponse<ApiErrorResponse | ApiSuccessResponse<T>>'.
  Type 'T' is not assignable to type 'ApiErrorResponse | ApiSuccessResponse<T>'.
    Type 'T' is not assignable to type 'ApiSuccessResponse<T>'.
src/lib/api/utils.ts(21,10): error TS2304: Cannot find name 'user'.
src/lib/api/utils.ts(37,16): error TS18046: 'error' is of type 'unknown'.
src/lib/api/validation.ts(141,9): error TS2322: Type '{ code: "custom"; message: string; path: never[]; }' is not assignable to type '$ZodIssue'.
  Property 'input' is missing in type '{ code: "custom"; message: string; path: never[]; }' but required in type '$ZodIssueCustom'.
src/lib/auth.ts(37,22): error TS2304: Cannot find name 'getUser'.
src/lib/auth.ts(39,8): error TS2304: Cannot find name 'session'.
src/lib/auth.ts(43,10): error TS2304: Cannot find name 'session'.
src/lib/cache/OptimizedCache.ts(152,9): error TS2322: Type 'string' is not assignable to type 'T'.
  'T' could be instantiated with an arbitrary type which could be unrelated to 'string'.
src/lib/cache/OptimizedCache.ts(629,46): error TS2341: Property 'instances' is private and only accessible within class 'OptimizedCache'.
src/lib/error/ApiErrorHandler.ts(236,26): error TS2693: 'ApiError' only refers to a type, but is being used as a value here.
src/lib/error/ApiErrorHandler.ts(247,9): error TS2322: Type 'unknown' is not assignable to type 'number'.
src/lib/error/ApiErrorHandler.ts(250,9): error TS2322: Type 'unknown' is not assignable to type 'string'.
src/lib/error/ErrorReporting.ts(125,22): error TS2339: Property 'BrowserTracing' does not exist on type '{ default: typeof import("/Users/santiagobalosky/Documents/kecarajocomo/node_modules/@sentry/browser/build/npm/types/index"); logger: typeof import("/Users/santiagobalosky/Documents/kecarajocomo/node_modules/@sentry/browser/build/npm/types/log"); ... 124 more ...; lazyLoadIntegration: (name: "replayIntegration" | .....'.
src/lib/errors/MealPlanningError.ts(32,7): error TS2322: Type 'string' is not assignable to type 'MealPlanningErrorCode'.
src/lib/learning/__tests__/bandit.test.ts(1,10): error TS2305: Module '"../bandit"' has no exported member 'rankAlternatives'.
src/lib/learning/__tests__/bandit.test.ts(1,28): error TS2305: Module '"../bandit"' has no exported member 'recordTasteEvent'.
src/lib/learning/__tests__/bandit.test.ts(4,3): error TS2724: '"@/__tests__/mocks/fixtures/argentineMealData"' has no exported member named 'mockMilanesas'. Did you mean 'mockMilanesasMeal'?
src/lib/learning/__tests__/bandit.test.ts(5,3): error TS2305: Module '"@/__tests__/mocks/fixtures/argentineMealData"' has no exported member 'mockEmpanadas'.
src/lib/learning/__tests__/bandit.test.ts(78,47): error TS7006: Parameter 'r' implicitly has an 'any' type.
src/lib/learning/__tests__/bandit.test.ts(79,43): error TS7006: Parameter 'r' implicitly has an 'any' type.
src/lib/learning/__tests__/bandit.test.ts(110,43): error TS7006: Parameter 'r' implicitly has an 'any' type.
src/lib/learning/__tests__/bandit.test.ts(111,47): error TS7006: Parameter 'r' implicitly has an 'any' type.
src/lib/learning/__tests__/bandit.test.ts(138,47): error TS7006: Parameter 'r' implicitly has an 'any' type.
src/lib/learning/__tests__/bandit.test.ts(139,43): error TS7006: Parameter 'r' implicitly has an 'any' type.
src/lib/learning/__tests__/bandit.test.ts(164,47): error TS7006: Parameter 'r' implicitly has an 'any' type.
src/lib/learning/__tests__/bandit.test.ts(165,43): error TS7006: Parameter 'r' implicitly has an 'any' type.
src/lib/learning/__tests__/bandit.test.ts(184,47): error TS7006: Parameter 'r' implicitly has an 'any' type.
src/lib/learning/__tests__/bandit.test.ts(185,43): error TS7006: Parameter 'r' implicitly has an 'any' type.
src/lib/learning/__tests__/bandit.test.ts(207,43): error TS7006: Parameter 'ranking' implicitly has an 'any' type.
src/lib/learning/__tests__/bandit.test.ts(374,25): error TS2352: Conversion of type '{ id: string; name: string; ingredients: never[]; instructions: never[]; prepTime: number; cookTime: number; servings: number; nutrition: { calories: number; protein: number; carbs: number; fat: number; }; }[]' to type 'Recipe[]' may be a mistake because neither type sufficiently overlaps with the other. If this was intentional, convert the expression to 'unknown' first.
  Type '{ id: string; name: string; ingredients: never[]; instructions: never[]; prepTime: number; cookTime: number; servings: number; nutrition: { calories: number; protein: number; carbs: number; fat: number; }; }' is missing the following properties from type 'Recipe': difficulty, tags
src/lib/learning/__tests__/bandit.test.ts(423,47): error TS7006: Parameter 'r' implicitly has an 'any' type.
src/lib/learning/__tests__/bandit.test.ts(424,47): error TS7006: Parameter 'r' implicitly has an 'any' type.
src/lib/learning/__tests__/bandit.test.ts(430,47): error TS7006: Parameter 'r' implicitly has an 'any' type.
src/lib/learning/__tests__/bandit.test.ts(491,23): error TS2352: Conversion of type '{ id: string; name: string; ingredients: never[]; instructions: never[]; prepTime: number; cookTime: number; servings: number; nutrition: { calories: number; protein: number; carbs: number; fat: number; }; }[]' to type 'Recipe[]' may be a mistake because neither type sufficiently overlaps with the other. If this was intentional, convert the expression to 'unknown' first.
  Type '{ id: string; name: string; ingredients: never[]; instructions: never[]; prepTime: number; cookTime: number; servings: number; nutrition: { calories: number; protein: number; carbs: number; fat: number; }; }' is missing the following properties from type 'Recipe': difficulty, tags
src/lib/learning/bandit.ts(115,55): error TS2345: Argument of type '{ userId: string; candidateCount: number; selectedCount: number; duration: number; topSample: number; }' is not assignable to parameter of type 'string'.
src/lib/learning/bandit.ts(144,58): error TS2345: Argument of type '{ userId: string; recipeId: string; }' is not assignable to parameter of type 'string'.
src/lib/learning/bandit.ts(172,47): error TS2345: Argument of type '{ userId: string; recipeId: string; recipeName: string; accepted: boolean; success: boolean; newAlpha: number; newBeta: number; pulls: number; successRate: number; }' is not assignable to parameter of type 'string'.
src/lib/learning/bandit.ts(260,36): error TS2339: Property 'time' does not exist on type 'Recipe'.
src/lib/learning/bandit.ts(260,57): error TS2339: Property 'time' does not exist on type 'Recipe'.
src/lib/learning/bandit.ts(261,17): error TS2339: Property 'time' does not exist on type 'Recipe'.
src/lib/learning/bandit.ts(261,36): error TS2339: Property 'time' does not exist on type 'Recipe'.
src/lib/learning/bandit.ts(265,35): error TS2339: Property 'estimatedCost' does not exist on type 'Recipe'.
src/lib/learning/bandit.ts(266,16): error TS2339: Property 'estimatedCost' does not exist on type 'Recipe'.
src/lib/learning/bandit.ts(284,23): error TS2339: Property 'cuisine' does not exist on type 'Recipe'.
src/lib/learning/bandit.ts(286,29): error TS2339: Property 'cookingMethod' does not exist on type 'Recipe'.
src/lib/learning/bandit.ts(296,24): error TS2339: Property 'time' does not exist on type 'Recipe'.
src/lib/learning/bandit.ts(444,40): error TS2339: Property 'split' does not exist on type 'string[]'.
src/lib/learning/bandit.ts(446,25): error TS2339: Property 'time' does not exist on type 'Recipe'.
src/lib/learning/bandit.ts(487,49): error TS2345: Argument of type 'Map<unknown, unknown>' is not assignable to parameter of type 'Map<string, BanditArm>'.
  Type 'unknown' is not assignable to type 'string'.
src/lib/learning/bandit.ts(490,57): error TS2345: Argument of type 'unknown' is not assignable to parameter of type 'string | undefined'.
src/lib/optimizer/__tests__/mealOptimizer.test.ts(8,3): error TS2724: '"@/__tests__/mocks/fixtures/argentineMealData"' has no exported member named 'mockMilanesas'. Did you mean 'mockMilanesasMeal'?
src/lib/optimizer/__tests__/mealOptimizer.test.ts(39,27): error TS7006: Parameter 'day' implicitly has an 'any' type.
src/lib/optimizer/__tests__/mealOptimizer.test.ts(70,5): error TS2353: Object literal may only specify known properties, and 'days' does not exist in type 'WeekPlan'.
src/lib/optimizer/__tests__/mealOptimizer.test.ts(100,44): error TS2345: Argument of type 'WeekPlan' is not assignable to parameter of type 'ArgentineWeeklyPlan'.
  Type 'WeekPlan' is missing the following properties from type 'ArgentineWeeklyPlan': planId, weekStart, weekEnd, days, and 5 more.
src/lib/optimizer/__tests__/mealOptimizer.test.ts(109,24): error TS2339: Property 'days' does not exist on type 'Promise<ArgentineWeeklyPlan>'.
src/lib/optimizer/__tests__/mealOptimizer.test.ts(110,24): error TS2339: Property 'days' does not exist on type 'Promise<ArgentineWeeklyPlan>'.
src/lib/optimizer/__tests__/mealOptimizer.test.ts(116,52): error TS2345: Argument of type 'WeekPlan' is not assignable to parameter of type 'ArgentineWeeklyPlan'.
  Type 'WeekPlan' is missing the following properties from type 'ArgentineWeeklyPlan': planId, weekStart, weekEnd, days, and 5 more.
src/lib/optimizer/__tests__/mealOptimizer.test.ts(121,50): error TS2345: Argument of type 'WeekPlan' is not assignable to parameter of type 'ArgentineWeeklyPlan'.
  Type 'WeekPlan' is missing the following properties from type 'ArgentineWeeklyPlan': planId, weekStart, weekEnd, days, and 5 more.
src/lib/optimizer/__tests__/mealOptimizer.test.ts(127,32): error TS2339: Property 'days' does not exist on type 'Promise<ArgentineWeeklyPlan>'.
src/lib/optimizer/__tests__/mealOptimizer.test.ts(128,30): error TS2339: Property 'days' does not exist on type 'Promise<ArgentineWeeklyPlan>'.
src/lib/optimizer/__tests__/mealOptimizer.test.ts(156,44): error TS2345: Argument of type 'WeekPlan' is not assignable to parameter of type 'ArgentineWeeklyPlan'.
  Type 'WeekPlan' is missing the following properties from type 'ArgentineWeeklyPlan': planId, weekStart, weekEnd, days, and 5 more.
src/lib/optimizer/__tests__/mealOptimizer.test.ts(161,24): error TS2339: Property 'days' does not exist on type 'Promise<ArgentineWeeklyPlan>'.
src/lib/optimizer/__tests__/mealOptimizer.test.ts(162,24): error TS2339: Property 'days' does not exist on type 'Promise<ArgentineWeeklyPlan>'.
src/lib/optimizer/__tests__/mealOptimizer.test.ts(187,50): error TS2345: Argument of type 'WeekPlan' is not assignable to parameter of type 'ArgentineWeeklyPlan'.
  Type 'WeekPlan' is missing the following properties from type 'ArgentineWeeklyPlan': planId, weekStart, weekEnd, days, and 5 more.
src/lib/optimizer/__tests__/mealOptimizer.test.ts(193,30): error TS2339: Property 'days' does not exist on type 'Promise<ArgentineWeeklyPlan>'.
src/lib/optimizer/__tests__/mealOptimizer.test.ts(201,9): error TS2353: Object literal may only specify known properties, and 'days' does not exist in type 'WeekPlan'.
src/lib/optimizer/__tests__/mealOptimizer.test.ts(225,44): error TS2345: Argument of type 'WeekPlan' is not assignable to parameter of type 'ArgentineWeeklyPlan'.
  Type 'WeekPlan' is missing the following properties from type 'ArgentineWeeklyPlan': planId, weekStart, weekEnd, days, and 5 more.
src/lib/optimizer/__tests__/mealOptimizer.test.ts(228,36): error TS2339: Property 'days' does not exist on type 'Promise<ArgentineWeeklyPlan>'.
src/lib/optimizer/__tests__/mealOptimizer.test.ts(229,37): error TS2339: Property 'days' does not exist on type 'Promise<ArgentineWeeklyPlan>'.
src/lib/optimizer/__tests__/mealOptimizer.test.ts(230,36): error TS2339: Property 'days' does not exist on type 'Promise<ArgentineWeeklyPlan>'.
src/lib/optimizer/__tests__/mealOptimizer.test.ts(238,44): error TS2345: Argument of type 'WeekPlan' is not assignable to parameter of type 'ArgentineWeeklyPlan'.
  Type 'WeekPlan' is missing the following properties from type 'ArgentineWeeklyPlan': planId, weekStart, weekEnd, days, and 5 more.
src/lib/optimizer/__tests__/mealOptimizer.test.ts(241,24): error TS2339: Property 'days' does not exist on type 'Promise<ArgentineWeeklyPlan>'.
src/lib/optimizer/__tests__/mealOptimizer.test.ts(242,24): error TS2339: Property 'days' does not exist on type 'Promise<ArgentineWeeklyPlan>'.
src/lib/optimizer/__tests__/mealOptimizer.test.ts(243,24): error TS2339: Property 'days' does not exist on type 'Promise<ArgentineWeeklyPlan>'.
src/lib/optimizer/__tests__/mealOptimizer.test.ts(244,24): error TS2339: Property 'days' does not exist on type 'Promise<ArgentineWeeklyPlan>'.
src/lib/optimizer/__tests__/mealOptimizer.test.ts(252,9): error TS2353: Object literal may only specify known properties, and 'targetCalories' does not exist in type 'UserPreferences'.
src/lib/optimizer/__tests__/mealOptimizer.test.ts(260,48): error TS2345: Argument of type 'WeekPlan' is not assignable to parameter of type 'ArgentineWeeklyPlan'.
  Type 'WeekPlan' is missing the following properties from type 'ArgentineWeeklyPlan': planId, weekStart, weekEnd, days, and 5 more.
src/lib/optimizer/__tests__/mealOptimizer.test.ts(266,50): error TS2345: Argument of type 'WeekPlan' is not assignable to parameter of type 'ArgentineWeeklyPlan'.
  Type 'WeekPlan' is missing the following properties from type 'ArgentineWeeklyPlan': planId, weekStart, weekEnd, days, and 5 more.
src/lib/optimizer/__tests__/mealOptimizer.test.ts(274,28): error TS2339: Property 'days' does not exist on type 'Promise<ArgentineWeeklyPlan>'.
src/lib/optimizer/__tests__/mealOptimizer.test.ts(275,30): error TS2339: Property 'days' does not exist on type 'Promise<ArgentineWeeklyPlan>'.
src/lib/optimizer/__tests__/mealOptimizer.test.ts(281,9): error TS2353: Object literal may only specify known properties, and 'targetProtein' does not exist in type 'UserPreferences'.
src/lib/optimizer/__tests__/mealOptimizer.test.ts(306,44): error TS2345: Argument of type 'WeekPlan' is not assignable to parameter of type 'ArgentineWeeklyPlan'.
  Type 'WeekPlan' is missing the following properties from type 'ArgentineWeeklyPlan': planId, weekStart, weekEnd, days, and 5 more.
src/lib/optimizer/__tests__/mealOptimizer.test.ts(313,24): error TS2339: Property 'days' does not exist on type 'Promise<ArgentineWeeklyPlan>'.
src/lib/optimizer/__tests__/mealOptimizer.test.ts(321,52): error TS2345: Argument of type 'WeekPlan' is not assignable to parameter of type 'ArgentineWeeklyPlan'.
  Type 'WeekPlan' is missing the following properties from type 'ArgentineWeeklyPlan': planId, weekStart, weekEnd, days, and 5 more.
src/lib/optimizer/__tests__/mealOptimizer.test.ts(326,48): error TS2345: Argument of type 'WeekPlan' is not assignable to parameter of type 'ArgentineWeeklyPlan'.
  Type 'WeekPlan' is missing the following properties from type 'ArgentineWeeklyPlan': planId, weekStart, weekEnd, days, and 5 more.
src/lib/optimizer/__tests__/mealOptimizer.test.ts(331,50): error TS2345: Argument of type 'WeekPlan' is not assignable to parameter of type 'ArgentineWeeklyPlan'.
  Type 'WeekPlan' is missing the following properties from type 'ArgentineWeeklyPlan': planId, weekStart, weekEnd, days, and 5 more.
src/lib/optimizer/__tests__/mealOptimizer.test.ts(337,32): error TS2339: Property 'days' does not exist on type 'Promise<ArgentineWeeklyPlan>'.
src/lib/optimizer/__tests__/mealOptimizer.test.ts(338,28): error TS2339: Property 'days' does not exist on type 'Promise<ArgentineWeeklyPlan>'.
src/lib/optimizer/__tests__/mealOptimizer.test.ts(339,30): error TS2339: Property 'days' does not exist on type 'Promise<ArgentineWeeklyPlan>'.
src/lib/optimizer/__tests__/mealOptimizer.test.ts(350,9): error TS2353: Object literal may only specify known properties, and 'days' does not exist in type 'WeekPlan'.
src/lib/optimizer/__tests__/mealOptimizer.test.ts(378,44): error TS2345: Argument of type 'WeekPlan' is not assignable to parameter of type 'ArgentineWeeklyPlan'.
  Type 'WeekPlan' is missing the following properties from type 'ArgentineWeeklyPlan': planId, weekStart, weekEnd, days, and 5 more.
src/lib/optimizer/__tests__/mealOptimizer.test.ts(384,24): error TS2339: Property 'days' does not exist on type 'Promise<ArgentineWeeklyPlan>'.
src/lib/optimizer/__tests__/mealOptimizer.test.ts(385,24): error TS2339: Property 'days' does not exist on type 'Promise<ArgentineWeeklyPlan>'.
src/lib/optimizer/__tests__/mealOptimizer.test.ts(391,9): error TS2353: Object literal may only specify known properties, and 'days' does not exist in type 'WeekPlan'.
src/lib/optimizer/__tests__/mealOptimizer.test.ts(428,44): error TS2345: Argument of type 'WeekPlan' is not assignable to parameter of type 'ArgentineWeeklyPlan'.
  Type 'WeekPlan' is missing the following properties from type 'ArgentineWeeklyPlan': planId, weekStart, weekEnd, days, and 5 more.
src/lib/optimizer/__tests__/mealOptimizer.test.ts(431,24): error TS2339: Property 'days' does not exist on type 'Promise<ArgentineWeeklyPlan>'.
src/lib/optimizer/__tests__/mealOptimizer.test.ts(432,24): error TS2339: Property 'days' does not exist on type 'Promise<ArgentineWeeklyPlan>'.
src/lib/optimizer/__tests__/mealOptimizer.test.ts(440,9): error TS2353: Object literal may only specify known properties, and 'weekStart' does not exist in type 'WeekPlan'.
src/lib/optimizer/__tests__/mealOptimizer.test.ts(445,44): error TS2345: Argument of type 'WeekPlan' is not assignable to parameter of type 'ArgentineWeeklyPlan'.
  Type 'WeekPlan' is missing the following properties from type 'ArgentineWeeklyPlan': planId, weekStart, weekEnd, days, and 5 more.
src/lib/optimizer/__tests__/mealOptimizer.test.ts(447,24): error TS2339: Property 'days' does not exist on type 'Promise<ArgentineWeeklyPlan>'.
src/lib/optimizer/__tests__/mealOptimizer.test.ts(454,9): error TS2353: Object literal may only specify known properties, and 'days' does not exist in type 'WeekPlan'.
src/lib/optimizer/__tests__/mealOptimizer.test.ts(466,44): error TS2345: Argument of type 'WeekPlan' is not assignable to parameter of type 'ArgentineWeeklyPlan'.
  Type 'WeekPlan' is missing the following properties from type 'ArgentineWeeklyPlan': planId, weekStart, weekEnd, days, and 5 more.
src/lib/optimizer/__tests__/mealOptimizer.test.ts(469,24): error TS2339: Property 'days' does not exist on type 'Promise<ArgentineWeeklyPlan>'.
src/lib/optimizer/__tests__/mealOptimizer.test.ts(470,24): error TS2339: Property 'days' does not exist on type 'Promise<ArgentineWeeklyPlan>'.
src/lib/optimizer/__tests__/mealOptimizer.test.ts(475,13): error TS2740: Type '{}' is missing the following properties from type 'UserPreferences': dietaryPreferences, dietProfile, cuisinePreferences, excludedIngredients, and 10 more.
src/lib/optimizer/__tests__/mealOptimizer.test.ts(477,44): error TS2345: Argument of type 'WeekPlan' is not assignable to parameter of type 'ArgentineWeeklyPlan'.
  Type 'WeekPlan' is missing the following properties from type 'ArgentineWeeklyPlan': planId, weekStart, weekEnd, days, and 5 more.
src/lib/optimizer/__tests__/mealOptimizer.test.ts(483,24): error TS2339: Property 'days' does not exist on type 'Promise<ArgentineWeeklyPlan>'.
src/lib/optimizer/__tests__/mealOptimizer.test.ts(489,44): error TS2345: Argument of type 'WeekPlan' is not assignable to parameter of type 'ArgentineWeeklyPlan'.
  Type 'WeekPlan' is missing the following properties from type 'ArgentineWeeklyPlan': planId, weekStart, weekEnd, days, and 5 more.
src/lib/optimizer/__tests__/mealOptimizer.test.ts(495,24): error TS2339: Property 'days' does not exist on type 'Promise<ArgentineWeeklyPlan>'.
src/lib/optimizer/__tests__/mealOptimizer.test.ts(517,44): error TS2345: Argument of type 'WeekPlan' is not assignable to parameter of type 'ArgentineWeeklyPlan'.
  Type 'WeekPlan' is missing the following properties from type 'ArgentineWeeklyPlan': planId, weekStart, weekEnd, days, and 5 more.
src/lib/optimizer/__tests__/mealOptimizer.test.ts(520,24): error TS2339: Property 'days' does not exist on type 'Promise<ArgentineWeeklyPlan>'.
src/lib/optimizer/__tests__/mealOptimizer.test.ts(521,24): error TS2339: Property 'days' does not exist on type 'Promise<ArgentineWeeklyPlan>'.
src/lib/optimizer/__tests__/mealOptimizer.test.ts(529,44): error TS2345: Argument of type 'WeekPlan' is not assignable to parameter of type 'ArgentineWeeklyPlan'.
  Type 'WeekPlan' is missing the following properties from type 'ArgentineWeeklyPlan': planId, weekStart, weekEnd, days, and 5 more.
src/lib/optimizer/__tests__/mealOptimizer.test.ts(535,24): error TS2339: Property 'days' does not exist on type 'Promise<ArgentineWeeklyPlan>'.
src/lib/optimizer/__tests__/mealOptimizer.test.ts(536,24): error TS2339: Property 'days' does not exist on type 'Promise<ArgentineWeeklyPlan>'.
src/lib/optimizer/__tests__/mealOptimizer.test.ts(542,50): error TS2345: Argument of type 'WeekPlan' is not assignable to parameter of type 'ArgentineWeeklyPlan'.
  Type 'WeekPlan' is missing the following properties from type 'ArgentineWeeklyPlan': planId, weekStart, weekEnd, days, and 5 more.
src/lib/optimizer/__tests__/mealOptimizer.test.ts(547,48): error TS2345: Argument of type 'WeekPlan' is not assignable to parameter of type 'ArgentineWeeklyPlan'.
  Type 'WeekPlan' is missing the following properties from type 'ArgentineWeeklyPlan': planId, weekStart, weekEnd, days, and 5 more.
src/lib/optimizer/__tests__/mealOptimizer.test.ts(553,30): error TS2339: Property 'days' does not exist on type 'Promise<ArgentineWeeklyPlan>'.
src/lib/optimizer/__tests__/mealOptimizer.test.ts(554,28): error TS2339: Property 'days' does not exist on type 'Promise<ArgentineWeeklyPlan>'.
src/lib/optimizer/__tests__/mealOptimizer.test.ts(562,9): error TS2353: Object literal may only specify known properties, and 'days' does not exist in type 'WeekPlan'.
src/lib/optimizer/__tests__/mealOptimizer.test.ts(575,44): error TS2345: Argument of type 'WeekPlan' is not assignable to parameter of type 'ArgentineWeeklyPlan'.
  Type 'WeekPlan' is missing the following properties from type 'ArgentineWeeklyPlan': planId, weekStart, weekEnd, days, and 5 more.
src/lib/optimizer/__tests__/mealOptimizer.test.ts(580,24): error TS2339: Property 'days' does not exist on type 'Promise<ArgentineWeeklyPlan>'.
src/lib/optimizer/__tests__/mealOptimizer.test.ts(581,24): error TS2339: Property 'days' does not exist on type 'Promise<ArgentineWeeklyPlan>'.
src/lib/optimizer/mealOptimizer.ts(81,52): error TS2345: Argument of type '{ mode: ModeType; season: string; pantryItems: number; }' is not assignable to parameter of type 'string'.
src/lib/optimizer/mealOptimizer.ts(106,31): error TS2339: Property 'meals' does not exist on type 'ArgentineDayPlan'.
src/lib/optimizer/mealOptimizer.ts(130,58): error TS2345: Argument of type '{ dayIndex: number; mealType: MealType; oldRecipe: any; newRecipe: string; oldScore: number; newScore: number; }' is not assignable to parameter of type 'string'.
src/lib/optimizer/mealOptimizer.ts(146,40): error TS2339: Property 'meals' does not exist on type 'ArgentineDayPlan'.
src/lib/optimizer/mealOptimizer.ts(157,52): error TS2345: Argument of type '{ duration: number; mode: ModeType; }' is not assignable to parameter of type 'string'.
src/lib/optimizer/mealOptimizer.ts(223,33): error TS2339: Property 'quantity' does not exist on type 'Ingredient'.
src/lib/optimizer/mealOptimizer.ts(326,42): error TS2339: Property 'meals' does not exist on type 'ArgentineDayPlan'.
src/lib/optimizer/mealOptimizer.ts(327,11): error TS18046: 'meal' is of type 'unknown'.
src/lib/optimizer/mealOptimizer.ts(327,52): error TS18046: 'meal' is of type 'unknown'.
src/lib/pantry/parser.ts(91,5): error TS2741: Property 'name' is missing in type '{ raw_text: string; extracted_name: string; normalized_name: string; quantity: number | undefined; unit: string | undefined; confidence: number; suggestions: string[]; }' but required in type 'ParsedIngredientInput'.
src/lib/pantry/parser.ts(112,25): error TS18048: 'parsed.extracted_name' is possibly 'undefined'.
src/lib/performance/PerformanceMonitor.ts(90,29): error TS2339: Property 'onFID' does not exist on type 'typeof import("/Users/santiagobalosky/Documents/kecarajocomo/node_modules/web-vitals/dist/modules/index")'.
src/lib/performance/PerformanceMonitor.ts(135,89): error TS2551: Property 'navigationStart' does not exist on type 'PerformanceNavigationTiming'. Did you mean 'activationStart'?
src/lib/performance/PerformanceMonitor.ts(430,43): error TS2686: 'React' refers to a UMD global, but the current file is a module. Consider adding an import instead.
src/lib/performance/PerformanceMonitor.ts(432,5): error TS2686: 'React' refers to a UMD global, but the current file is a module. Consider adding an import instead.
src/lib/performance/PerformanceMonitor.ts(446,12): error TS2686: 'React' refers to a UMD global, but the current file is a module. Consider adding an import instead.
src/lib/profile/ProfileSystemIntegrator.ts(22,3): error TS2305: Module '"@/services/profile/ProfileManager"' has no exported member 'UserPreferences'.
src/lib/profile/ProfileSystemIntegrator.ts(24,3): error TS2305: Module '"@/services/profile/ProfileManager"' has no exported member 'ProfileCompletionMetrics'.
src/lib/profile/ProfileSystemIntegrator.ts(25,3): error TS2305: Module '"@/services/profile/ProfileManager"' has no exported member 'ProfileAnalytics'.
src/lib/profile/ProfileSystemIntegrator.ts(26,3): error TS2305: Module '"@/services/profile/ProfileManager"' has no exported member 'SystemHealth'.
src/lib/profile/ProfileSystemIntegrator.ts(133,33): error TS2339: Property 'initialize' does not exist on type 'HolisticFoodSystem'.
src/lib/profile/ProfileSystemIntegrator.ts(151,81): error TS2554: Expected 0-1 arguments, but got 2.
src/lib/profile/ProfileSystemIntegrator.ts(174,29): error TS2339: Property 'getUserPreferences' does not exist on type 'ProfileManager'.
src/lib/profile/ProfileSystemIntegrator.ts(175,29): error TS2339: Property 'getHouseholdMembers' does not exist on type 'ProfileManager'.
src/lib/profile/ProfileSystemIntegrator.ts(176,29): error TS2339: Property 'getProfileCompletionMetrics' does not exist on type 'ProfileManager'.
src/lib/profile/ProfileSystemIntegrator.ts(526,105): error TS2554: Expected 1-3 arguments, but got 4.
src/lib/scalability/optimization.ts(432,5): error TS2322: Type '{ recommendation: string; priority: string; impact: string; }[]' is not assignable to type '{ recommendation: string; priority: "low" | "medium" | "high"; impact: string; }[]'.
  Type '{ recommendation: string; priority: string; impact: string; }' is not assignable to type '{ recommendation: string; priority: "low" | "medium" | "high"; impact: string; }'.
    Types of property 'priority' are incompatible.
      Type 'string' is not assignable to type '"low" | "medium" | "high"'.
src/lib/services/__tests__/aiCaching.test.ts(8,8): error TS2307: Cannot find module '../aiCaching' or its corresponding type declarations.
src/lib/services/__tests__/aiCaching.test.ts(14,60): error TS2307: Cannot find module '@/lib/services/types' or its corresponding type declarations.
src/lib/services/__tests__/aiCaching.test.ts(199,29): error TS2339: Property 'days' does not exist on type 'WeekPlan'.
src/lib/services/__tests__/enhancedStoreScraper.test.ts(1,65): error TS2307: Cannot find module 'vitest' or its corresponding type declarations.
src/lib/services/__tests__/enhancedStoreScraper.test.ts(327,43): error TS7006: Parameter 'url' implicitly has an 'any' type.
src/lib/services/__tests__/geminiService.test.ts(14,22): error TS2820: Type '"italian"' is not assignable to type '"italiana" | "española" | "mexicana" | "asiática" | "mediterránea" | "argentina" | "francesa" | "tailandesa" | "india" | "japonesa" | "china" | "peruana" | "brasileña"'. Did you mean '"italiana"'?
src/lib/services/__tests__/geminiService.test.ts(14,33): error TS2820: Type '"mexican"' is not assignable to type '"italiana" | "española" | "mexicana" | "asiática" | "mediterránea" | "argentina" | "francesa" | "tailandesa" | "india" | "japonesa" | "china" | "peruana" | "brasileña"'. Did you mean '"mexicana"'?
src/lib/services/ai-recipe.service.ts(74,53): error TS18046: 'error' is of type 'unknown'.
src/lib/services/ai-recipe.service.ts(121,53): error TS18046: 'error' is of type 'unknown'.
src/lib/services/ai-recipe.service.ts(158,53): error TS18046: 'error' is of type 'unknown'.
src/lib/services/ai-recipe.service.ts(199,56): error TS18046: 'error' is of type 'unknown'.
src/lib/services/ai-recipe.service.ts(240,56): error TS18046: 'error' is of type 'unknown'.
src/lib/services/ai-recipe.service.ts(287,9): error TS18048: 'constraints.required_ingredients.length' is possibly 'undefined'.
src/lib/services/ai-recipe.service.ts(288,47): error TS18048: 'constraints.required_ingredients' is possibly 'undefined'.
src/lib/services/ai-recipe.service.ts(291,9): error TS18048: 'constraints.available_ingredients.length' is possibly 'undefined'.
src/lib/services/ai-recipe.service.ts(292,48): error TS18048: 'constraints.available_ingredients' is possibly 'undefined'.
src/lib/services/ai-recipe.service.ts(514,34): error TS2339: Property 'difficulty' does not exist on type 'ParsedRecipe'.
src/lib/services/ai-recipe.service.ts(515,36): error TS2339: Property 'cuisine_type' does not exist on type 'ParsedRecipe'.
src/lib/services/ai-recipe.service.ts(516,32): error TS2339: Property 'category' does not exist on type 'ParsedRecipe'.
src/lib/services/ai-recipe.service.ts(517,28): error TS2339: Property 'tags' does not exist on type 'ParsedRecipe'.
src/lib/services/ai-recipe.service.ts(530,64): error TS18046: 'error' is of type 'unknown'.
src/lib/services/ai-recipe.service.ts(610,57): error TS18046: 'error' is of type 'unknown'.
src/lib/services/ai-recipe.service.ts(636,62): error TS18046: 'error' is of type 'unknown'.
src/lib/services/ai-recipe.service.ts(673,63): error TS18046: 'error' is of type 'unknown'.
src/lib/services/ai-recipe.service.ts(710,59): error TS18046: 'error' is of type 'unknown'.
src/lib/services/enhancedCacheService.ts(88,26): error TS2769: No overload matches this call.
  Overload 1 of 8, '(options: RedisOptions): Redis', gave the following error.
    Object literal may only specify known properties, and 'retryDelayOnFailover' does not exist in type 'RedisOptions'.
  Overload 2 of 8, '(port: number): Redis', gave the following error.
    Argument of type '{ maxRetriesPerRequest: number; retryDelayOnFailover: number; enableReadyCheck: boolean; lazyConnect: boolean; url: string; }' is not assignable to parameter of type 'number'.
  Overload 3 of 8, '(path: string): Redis', gave the following error.
    Argument of type '{ maxRetriesPerRequest: number; retryDelayOnFailover: number; enableReadyCheck: boolean; lazyConnect: boolean; url: string; }' is not assignable to parameter of type 'string'.
src/lib/services/enhancedCacheService.ts(98,24): error TS2540: Cannot assign to 'errors' because it is a read-only property.
src/lib/services/enhancedCacheService.ts(149,24): error TS2540: Cannot assign to 'hits' because it is a read-only property.
src/lib/services/enhancedCacheService.ts(169,24): error TS2540: Cannot assign to 'hits' because it is a read-only property.
src/lib/services/enhancedCacheService.ts(175,20): error TS2540: Cannot assign to 'misses' because it is a read-only property.
src/lib/services/enhancedCacheService.ts(180,20): error TS2540: Cannot assign to 'errors' because it is a read-only property.
src/lib/services/enhancedCacheService.ts(204,20): error TS2540: Cannot assign to 'sets' because it is a read-only property.
src/lib/services/enhancedCacheService.ts(208,20): error TS2540: Cannot assign to 'errors' because it is a read-only property.
src/lib/services/enhancedCacheService.ts(228,20): error TS2540: Cannot assign to 'deletes' because it is a read-only property.
src/lib/services/enhancedCacheService.ts(232,20): error TS2540: Cannot assign to 'errors' because it is a read-only property.
src/lib/services/enhancedCacheService.ts(328,3): error TS2393: Duplicate function implementation.
src/lib/services/enhancedCacheService.ts(339,9): error TS2393: Duplicate function implementation.
src/lib/services/enhancedCacheService.ts(514,18): error TS2540: Cannot assign to 'avgResponseTime' because it is a read-only property.
src/lib/services/enhancedCacheService.ts(528,20): error TS2540: Cannot assign to 'hits' because it is a read-only property.
src/lib/services/enhancedCacheService.ts(529,20): error TS2540: Cannot assign to 'misses' because it is a read-only property.
src/lib/services/enhancedCacheService.ts(530,20): error TS2540: Cannot assign to 'sets' because it is a read-only property.
src/lib/services/enhancedCacheService.ts(531,20): error TS2540: Cannot assign to 'deletes' because it is a read-only property.
src/lib/services/enhancedCacheService.ts(532,20): error TS2540: Cannot assign to 'errors' because it is a read-only property.
src/lib/services/enhancedCacheService.ts(540,3): error TS2393: Duplicate function implementation.
src/lib/services/enhancedCacheService.ts(551,9): error TS2393: Duplicate function implementation.
src/lib/services/enhancedStoreScraper.ts(272,36): error TS2304: Cannot find name 'normalizedProducts'.
src/lib/services/geminiApiClient.ts(62,67): error TS2345: Argument of type '{ weekStart: string; mode: ModeType; pantryItems: number; }' is not assignable to parameter of type 'string'.
src/lib/services/geminiApiClient.ts(96,69): error TS2345: Argument of type '{ source: string | undefined; cacheHit: boolean | undefined; coalescerHit: boolean | undefined; processingTime: number | undefined; }' is not assignable to parameter of type 'string'.
src/lib/services/geminiApiClient.ts(106,7): error TS2353: Object literal may only specify known properties, and 'retries' does not exist in type 'RetryOptions'.
src/lib/services/geminiApiClient.ts(108,17): error TS7006: Parameter 'attempt' implicitly has an 'any' type.
src/lib/services/geminiApiClient.ts(133,73): error TS2345: Argument of type '{ dayIndex: number; mealType: MealType; mode: ModeType; }' is not assignable to parameter of type 'string'.
src/lib/services/geminiApiClient.ts(167,64): error TS2345: Argument of type '{ meta: any; }' is not assignable to parameter of type 'string'.
src/lib/services/geminiApiClient.ts(174,7): error TS2353: Object literal may only specify known properties, and 'retries' does not exist in type 'RetryOptions'.
src/lib/services/geminiApiClient.ts(176,17): error TS7006: Parameter 'attempt' implicitly has an 'any' type.
src/lib/services/geminiApiClient.ts(202,68): error TS2345: Argument of type '{ dayIndex: number; mealType: MealType; count: number; }' is not assignable to parameter of type 'string'.
src/lib/services/geminiApiClient.ts(237,70): error TS2345: Argument of type '{ count: number; meta: any; }' is not assignable to parameter of type 'string'.
src/lib/services/geminiApiClient.ts(245,7): error TS2353: Object literal may only specify known properties, and 'retries' does not exist in type 'RetryOptions'.
src/lib/services/geminiApiClient.ts(247,17): error TS7006: Parameter 'attempt' implicitly has an 'any' type.
src/lib/services/geminiApiClient.ts(274,54): error TS2345: Argument of type 'unknown' is not assignable to parameter of type 'string | undefined'.
src/lib/services/geminiMealPlannerClient.ts(20,10): error TS2503: Cannot find namespace 'geminiConfig'.
src/lib/services/geminiMealPlannerClient.ts(20,39): error TS2503: Cannot find namespace 'geminiConfig'.
src/lib/services/geminiMealPlannerClient.ts(41,12): error TS1355: A 'const' assertions can only be applied to references to enum members, or string, number, boolean, array, or object literals.
src/lib/services/geminiMealPlannerClient.ts(51,12): error TS1355: A 'const' assertions can only be applied to references to enum members, or string, number, boolean, array, or object literals.
src/lib/services/geminiMealPlannerClient.ts(61,12): error TS1355: A 'const' assertions can only be applied to references to enum members, or string, number, boolean, array, or object literals.
src/lib/services/geminiMealPlannerClient.ts(242,43): error TS2345: Argument of type 'string | undefined' is not assignable to parameter of type 'string'.
  Type 'undefined' is not assignable to type 'string'.
src/lib/services/geminiMealPlannerClient.ts(387,25): error TS2339: Property 'errors' does not exist on type 'ZodError<unknown>'.
src/lib/services/geminiMealPlannerClient.ts(390,59): error TS2339: Property 'errors' does not exist on type 'ZodError<unknown>'.
src/lib/services/geminiMealPlannerClient.ts(390,70): error TS7006: Parameter 'e' implicitly has an 'any' type.
src/lib/services/geminiMealService.ts(5,43): error TS2305: Module '"@/lib/prompts/argentineMealPrompts"' has no exported member 'generateDailyMealPrompt'.
src/lib/services/geminiMealService.ts(32,26): error TS2554: Expected 2-3 arguments, but got 1.
src/lib/services/geminiMealService.ts(32,35): error TS2554: Expected 2-3 arguments, but got 1.
src/lib/services/geminiMealService.ts(84,43): error TS2345: Argument of type 'unknown' is not assignable to parameter of type 'string | undefined'.
src/lib/services/geminiPlannerService.ts(9,3): error TS2305: Module '"@/lib/prompts/argentineMealPrompts"' has no exported member 'generateDailyMealPrompt'.
src/lib/services/geminiPlannerService.ts(412,9): error TS2739: Type '{ startDate: Date; endDate: Date; mealTypes: ("breakfast" | "lunch" | "dinner")[]; servings: number; maxPrepTime: number; budgetLimit: undefined; }' is missing the following properties from type '{ startDate: Date; endDate: Date; maxPrepTime: number; pantryItems: string[]; excludeRecipes: string[]; mealTypes: ("breakfast" | "lunch" | "snack" | "dinner")[]; servings: number; preferredShoppingDays: number[]; maxShoppingTrips: number; budgetLimit?: number | undefined; }': pantryItems, excludeRecipes, preferredShoppingDays, maxShoppingTrips
src/lib/services/geminiPlannerService.ts(545,7): error TS2353: Object literal may only specify known properties, and 'meta' does not exist in type 'WeeklyPlan'.
src/lib/services/geminiPlannerService.ts(560,7): error TS2741: Property 'popularity' is missing in type '{ id: string; title: any; description: string; prepTimeMinutes: any; cookTimeMinutes: any; servings: any; difficulty: any; ingredients: any; instructions: any; nutrition: any; tags: never[]; allergens: never[]; dietaryRestrictions: never[]; }' but required in type '{ id: string; title: string; prepTimeMinutes: number; cookTimeMinutes: number; servings: number; difficulty: "beginner" | "intermediate" | "advanced"; ingredients: { name: string; quantity: number; ... 4 more ...; brandPreference?: string | undefined; }[]; ... 10 more ...; lastMadeDate?: Date | undefined; }'.
src/lib/services/geminiPlannerService.ts(983,96): error TS2554: Expected 3 arguments, but got 4.
src/lib/services/geminiPlannerService.ts(994,73): error TS2554: Expected 2 arguments, but got 3.
src/lib/services/geminiPromptTemplates.ts(8,3): error TS2305: Module '"@/lib/prompts/argentineMealPrompts"' has no exported member 'generateDailyMealPrompt'.
src/lib/services/geminiPromptTemplates.ts(101,49): error TS18046: 'items' is of type 'unknown'.
src/lib/services/geminiPromptTemplates.ts(197,7): error TS2345: Argument of type '"normal" | "rápido"' is not assignable to parameter of type '"normal" | "rapido" | "elaborado"'.
  Type '"rápido"' is not assignable to type '"normal" | "rapido" | "elaborado"'. Did you mean '"rapido"'?
src/lib/services/geminiServer.ts(27,66): error TS2345: Argument of type 'unknown' is not assignable to parameter of type 'string | undefined'.
src/lib/services/geminiServer.ts(84,68): error TS2345: Argument of type '{ duration: number; cacheKey: string; }' is not assignable to parameter of type 'string'.
src/lib/services/geminiServer.ts(103,75): error TS2345: Argument of type '{ model: string | undefined; promptLength: number; metadata: Record<string, any> | undefined; }' is not assignable to parameter of type 'string'.
src/lib/services/geminiServer.ts(119,15): error TS2353: Object literal may only specify known properties, and 'responseMimeType' does not exist in type 'GenerationConfig'.
src/lib/services/geminiServer.ts(130,11): error TS2353: Object literal may only specify known properties, and 'retries' does not exist in type 'RetryOptions'.
src/lib/services/geminiServer.ts(132,21): error TS7006: Parameter 'attempt' implicitly has an 'any' type.
src/lib/services/geminiServer.ts(132,30): error TS7006: Parameter 'error' implicitly has an 'any' type.
src/lib/services/geminiServer.ts(144,87): error TS2345: Argument of type '{ duration: number; cached: boolean; }' is not assignable to parameter of type 'string'.
src/lib/services/geminiServer.ts(199,65): error TS2345: Argument of type '{ text: string; }' is not assignable to parameter of type 'string'.
src/lib/services/geminiServer.ts(235,48): error TS2345: Argument of type 'unknown' is not assignable to parameter of type 'string | undefined'.
src/lib/services/geminiServer.ts(264,48): error TS2345: Argument of type 'unknown' is not assignable to parameter of type 'string | undefined'.
src/lib/services/geminiService.ts(63,10): error TS2503: Cannot find namespace 'geminiConfig'.
src/lib/services/geminiService.ts(63,39): error TS2503: Cannot find namespace 'geminiConfig'.
src/lib/services/geminiService.ts(253,25): error TS2339: Property 'errors' does not exist on type 'ZodError<unknown>'.
src/lib/services/geminiService.ts(256,59): error TS2339: Property 'errors' does not exist on type 'ZodError<unknown>'.
src/lib/services/geminiService.ts(256,70): error TS7006: Parameter 'e' implicitly has an 'any' type.
src/lib/services/geminiService.ts(418,33): error TS2554: Expected 2-3 arguments, but got 1.
src/lib/services/geminiService.ts(452,25): error TS2554: Expected 2-3 arguments, but got 1.
src/lib/services/mealPlanningAI.ts(53,43): error TS2345: Argument of type 'string | undefined' is not assignable to parameter of type 'string'.
  Type 'undefined' is not assignable to type 'string'.
src/lib/services/mealPlanningAI.ts(157,40): error TS2345: Argument of type 'readonly DailyMeals[]' is not assignable to parameter of type 'any[]'.
  The type 'readonly DailyMeals[]' is 'readonly' and cannot be assigned to the mutable type 'any[]'.
src/lib/services/mealPlanningAI.ts(158,37): error TS2345: Argument of type 'readonly DailyMeals[]' is not assignable to parameter of type 'any[]'.
  The type 'readonly DailyMeals[]' is 'readonly' and cannot be assigned to the mutable type 'any[]'.
src/lib/services/mealPlanningAI.ts(159,31): error TS2345: Argument of type 'readonly DailyMeals[]' is not assignable to parameter of type 'any[]'.
  The type 'readonly DailyMeals[]' is 'readonly' and cannot be assigned to the mutable type 'any[]'.
src/lib/services/mealPlanningAI.ts(160,35): error TS2345: Argument of type 'readonly DailyMeals[]' is not assignable to parameter of type 'any[]'.
  The type 'readonly DailyMeals[]' is 'readonly' and cannot be assigned to the mutable type 'any[]'.
src/lib/services/mealPlanningAI.ts(170,9): error TS2322: Type 'number' is not assignable to type 'Percentage'.
  Type 'number' is not assignable to type '{ __brand: "Percentage"; }'.
src/lib/services/mealPlanningAI.ts(316,13): error TS2739: Type '{ id: string; title: any; description: any; prepTimeMinutes: any; cookTimeMinutes: any; servings: any; difficulty: any; ingredients: any; }' is missing the following properties from type '{ id: string; title: string; prepTimeMinutes: number; cookTimeMinutes: number; servings: number; difficulty: "beginner" | "intermediate" | "advanced"; ingredients: { name: string; quantity: number; ... 4 more ...; brandPreference?: string | undefined; }[]; ... 10 more ...; lastMadeDate?: Date | undefined; }': instructions, tags, allergens, dietaryRestrictions, popularity
src/lib/services/mealPlanningAI.ts(330,13): error TS2322: Type 'number' is not assignable to type 'Percentage'.
  Type 'number' is not assignable to type '{ __brand: "Percentage"; }'.
src/lib/services/mealPlanningAI.ts(350,34): error TS2339: Property 'recipe' does not exist on type 'DatabaseService'.
src/lib/services/mealPlanningAI.ts(361,24): error TS7006: Parameter 'recipe' implicitly has an 'any' type.
src/lib/services/mealPlanningAI.ts(372,45): error TS7006: Parameter 'ri' implicitly has an 'any' type.
src/lib/services/mealPlanningAI.ts(393,27): error TS2551: Property 'pantryItem' does not exist on type 'DatabaseService'. Did you mean 'addPantryItem'?
src/lib/services/mealPlanningAI.ts(408,27): error TS2339: Property 'favoriteRecipe' does not exist on type 'DatabaseService'.
src/lib/services/mealPlanningAI.ts(431,7): error TS2322: Type 'number' is not assignable to type 'Percentage'.
  Type 'number' is not assignable to type '{ __brand: "Percentage"; }'.
src/lib/services/mealPlanningAI.ts(447,24): error TS2339: Property 'push' does not exist on type 'readonly DailyMeals[]'.
src/lib/services/pantry-compatibility.service.ts(71,50): error TS2551: Property 'ingredient_name' does not exist on type 'RecipeIngredient'. Did you mean 'ingredient'?
src/lib/services/pantry-compatibility.service.ts(99,30): error TS2551: Property 'ingredient_name' does not exist on type 'RecipeIngredient'. Did you mean 'ingredient'?
src/lib/services/pantry-compatibility.service.ts(102,49): error TS2551: Property 'ingredient_name' does not exist on type 'RecipeIngredient'. Did you mean 'ingredient'?
src/lib/services/pantry-compatibility.service.ts(103,49): error TS2551: Property 'ingredient_name' does not exist on type 'RecipeIngredient'. Did you mean 'ingredient'?
src/lib/services/pantry-compatibility.service.ts(114,7): error TS2322: Type 'number' is not assignable to type 'RecipeIngredient[]'.
src/lib/services/pantry-compatibility.service.ts(133,45): error TS2551: Property 'ingredient_name' does not exist on type 'RecipeIngredient'. Did you mean 'ingredient'?
src/lib/services/pantry-compatibility.service.ts(263,46): error TS2551: Property 'ingredient_name' does not exist on type 'RecipeIngredient'. Did you mean 'ingredient'?
src/lib/services/pantry-compatibility.service.ts(409,16): error TS2362: The left-hand side of an arithmetic operation must be of type 'any', 'number', 'bigint' or an enum type.
src/lib/services/pantry-compatibility.service.ts(409,54): error TS2363: The right-hand side of an arithmetic operation must be of type 'any', 'number', 'bigint' or an enum type.
src/lib/services/pantry-compatibility.service.ts(452,43): error TS2551: Property 'ingredient_name' does not exist on type 'RecipeIngredient'. Did you mean 'ingredient'?
src/lib/services/pantry-compatibility.service.ts(467,31): error TS2551: Property 'ingredient_name' does not exist on type 'RecipeIngredient'. Did you mean 'ingredient'?
src/lib/services/pantry-compatibility.service.ts(509,31): error TS2551: Property 'ingredient_name' does not exist on type 'RecipeIngredient'. Did you mean 'ingredient'?
src/lib/services/pantry-compatibility.service.ts(533,45): error TS2339: Property 'calories' does not exist on type 'never'.
src/lib/services/pantry-compatibility.service.ts(534,44): error TS2339: Property 'protein' does not exist on type 'never'.
src/lib/services/pantry-compatibility.service.ts(535,42): error TS2339: Property 'carbs' does not exist on type 'never'.
src/lib/services/pantry-compatibility.service.ts(536,40): error TS2339: Property 'fat' does not exist on type 'never'.
src/lib/services/pantryMealPlanningService.ts(9,10): error TS2305: Module '"../types/mealPlanning"' has no exported member 'WeeklyPantryPlan'.
src/lib/services/pantryMealPlanningService.ts(9,28): error TS2305: Module '"../types/mealPlanning"' has no exported member 'PantryAwareMealPlan'.
src/lib/services/pantryMealPlanningService.ts(89,67): error TS7006: Parameter 'item' implicitly has an 'any' type.
src/lib/services/pantryMealPlanningService.ts(95,18): error TS7006: Parameter 'item' implicitly has an 'any' type.
src/lib/services/pantryMealPlanningService.ts(151,48): error TS7006: Parameter 'item' implicitly has an 'any' type.
src/lib/services/pantryMealPlanningService.ts(161,53): error TS7006: Parameter 'item' implicitly has an 'any' type.
src/lib/services/pantryMealPlanningService.ts(168,18): error TS7006: Parameter 'item' implicitly has an 'any' type.
src/lib/services/pantryMealPlanningService.ts(174,27): error TS7006: Parameter 'ing' implicitly has an 'any' type.
src/lib/services/pantryMealPlanningService.ts(253,52): error TS7006: Parameter 'item' implicitly has an 'any' type.
src/lib/services/pantryMealPlanningService.ts(262,39): error TS7006: Parameter 'p' implicitly has an 'any' type.
src/lib/services/performanceCache.ts(55,7): error TS2322: Type 'string | T' is not assignable to type 'T'.
  'T' could be instantiated with an arbitrary type which could be unrelated to 'string | T'.
src/lib/services/priceTracker.ts(49,16): error TS2339: Property 'priceHistory' does not exist on type 'DatabaseService'.
src/lib/services/priceTracker.ts(70,16): error TS2339: Property 'priceHistory' does not exist on type 'DatabaseService'.
src/lib/services/priceTracker.ts(89,32): error TS2339: Property 'priceHistory' does not exist on type 'DatabaseService'.
src/lib/services/priceTracker.ts(129,32): error TS2339: Property 'priceHistory' does not exist on type 'DatabaseService'.
src/lib/services/promptEngineering.ts(308,27): error TS18004: No value exists in scope for the shorthand property 'weeklyBudget'. Either declare one or provide an initializer.
src/lib/services/promptEngineering.ts(326,29): error TS18004: No value exists in scope for the shorthand property 'budgetLimit'. Either declare one or provide an initializer.
src/lib/services/promptEngineering.ts(768,74): error TS1501: This regular expression flag is only available when targeting 'es2018' or later.
src/lib/services/recipe-parser.service.ts(60,50): error TS18046: 'error' is of type 'unknown'.
src/lib/services/recipe-parser.service.ts(75,59): error TS18046: 'error' is of type 'unknown'.
src/lib/services/recipe-parser.service.ts(124,18): error TS18046: 'error' is of type 'unknown'.
src/lib/services/recipe-parser.service.ts(165,47): error TS18047: 'preparationMatch' is possibly 'null'.
src/lib/services/recipe-parser.service.ts(207,28): error TS7006: Parameter 'ingredient' implicitly has an 'any' type.
src/lib/services/recipe-parser.service.ts(222,43): error TS7006: Parameter 'alias' implicitly has an 'any' type.
src/lib/services/recipe-parser.service.ts(229,51): error TS7006: Parameter 'keyword' implicitly has an 'any' type.
src/lib/services/recipe-parser.service.ts(434,59): error TS18046: 'error' is of type 'unknown'.
src/lib/services/recipe-parser.service.ts(563,5): error TS2322: Type '"otros"' is not assignable to type 'RecipeCategory'.
src/lib/services/recipe.service.ts(10,3): error TS2305: Module '"../../types/recipes"' has no exported member 'RecipeCollection'.
src/lib/services/recipe.service.ts(320,27): error TS7006: Parameter 'recipe' implicitly has an 'any' type.
src/lib/services/recipe.service.ts(343,27): error TS7006: Parameter 'recipe' implicitly has an 'any' type.
src/lib/services/recipe.service.ts(372,46): error TS7006: Parameter 'recipe' implicitly has an 'any' type.
src/lib/services/recipe.service.ts(373,70): error TS7006: Parameter 'ing' implicitly has an 'any' type.
src/lib/services/recipe.service.ts(374,42): error TS7006: Parameter 'ing' implicitly has an 'any' type.
src/lib/services/recipe.service.ts(379,33): error TS7006: Parameter 'recipe' implicitly has an 'any' type.
src/lib/services/recipe.service.ts(480,29): error TS7006: Parameter 'fav' implicitly has an 'any' type.
src/lib/services/recipe.service.ts(611,9): error TS2740: Type '{}' is missing the following properties from type 'Record<RecipeCategory, number>': desayuno, almuerzo, cena, pasta, and 12 more.
src/lib/services/recipe.service.ts(612,9): error TS2740: Type '{}' is missing the following properties from type 'Record<CuisineType, number>': italiana, mediterranea, mexicana, argentina, and 10 more.
src/lib/services/recipe.service.ts(613,9): error TS2739: Type '{}' is missing the following properties from type 'Record<DifficultyLevel, number>': facil, dificil, intermedio, experto
src/lib/services/recipe.service.ts(623,25): error TS7006: Parameter 'recipe' implicitly has an 'any' type.
src/lib/services/recipe.service.ts(626,13): error TS7053: Element implicitly has an 'any' type because expression of type 'any' can't be used to index type 'Record<RecipeCategory, number>'.
src/lib/services/recipe.service.ts(626,51): error TS7053: Element implicitly has an 'any' type because expression of type 'any' can't be used to index type 'Record<RecipeCategory, number>'.
src/lib/services/recipe.service.ts(631,13): error TS7053: Element implicitly has an 'any' type because expression of type 'any' can't be used to index type 'Record<CuisineType, number>'.
src/lib/services/recipe.service.ts(631,54): error TS7053: Element implicitly has an 'any' type because expression of type 'any' can't be used to index type 'Record<CuisineType, number>'.
src/lib/services/recipe.service.ts(636,13): error TS7053: Element implicitly has an 'any' type because expression of type 'any' can't be used to index type 'Record<DifficultyLevel, number>'.
src/lib/services/recipe.service.ts(636,55): error TS7053: Element implicitly has an 'any' type because expression of type 'any' can't be used to index type 'Record<DifficultyLevel, number>'.
src/lib/services/recipe.service.ts(641,43): error TS7006: Parameter 'sum' implicitly has an 'any' type.
src/lib/services/recipe.service.ts(641,48): error TS7006: Parameter 'recipe' implicitly has an 'any' type.
src/lib/services/recipe.service.ts(644,45): error TS7006: Parameter 'sum' implicitly has an 'any' type.
src/lib/services/recipe.service.ts(644,50): error TS7006: Parameter 'recipe' implicitly has an 'any' type.
src/lib/services/smartParser.ts(15,13): error TS2564: Property 'genAI' has no initializer and is not definitely assigned in the constructor.
src/lib/services/smartScanner.ts(35,25): error TS2673: Constructor of class 'StoreScraper' is private and only accessible within the class declaration.
src/lib/services/smartScanner.ts(94,7): error TS2322: Type '{ name: string; brand: string | null; }' is not assignable to type 'string'.
src/lib/services/storeScraper.ts(155,5): error TS2322: Type '{ id: string; name: string; price: number; store: string; url: string; image: null; }[]' is not assignable to type 'StoreProduct[]'.
  Type '{ id: string; name: string; price: number; store: string; url: string; image: null; }' is not assignable to type 'StoreProduct'.
    Types of property 'image' are incompatible.
      Type 'null' is not assignable to type 'string | undefined'.
src/lib/shopping/categorizer.ts(176,3): error TS1117: An object literal cannot have multiple properties with the same name.
src/lib/shopping/categorizer.ts(179,3): error TS1117: An object literal cannot have multiple properties with the same name.
src/lib/shopping/categorizer.ts(180,3): error TS1117: An object literal cannot have multiple properties with the same name.
src/lib/supabase/meal-plans.ts(409,42): error TS7006: Parameter 'meal' implicitly has an 'any' type.
src/lib/supabase/meal-plans.ts(496,47): error TS7006: Parameter 'meal' implicitly has an 'any' type.
src/lib/supabase/meal-plans.ts(643,13): error TS7006: Parameter 'pm' implicitly has an 'any' type.
src/lib/supabase/optimizedClient.ts(205,7): error TS2353: Object literal may only specify known properties, and 'maxRetries' does not exist in type 'Partial<RetryOptions>'.
src/lib/supabase/optimizedClient.ts(211,75): error TS2339: Property 'data' does not exist on type 'RetryResult<any>'.
src/lib/supabase/optimizedClient.ts(222,27): error TS2339: Property 'data' does not exist on type 'RetryResult<any>'.
src/lib/supabase/optimizedClient.ts(223,28): error TS2551: Property 'error' does not exist on type 'RetryResult<any>'. Did you mean 'errors'?
src/lib/supabase/optimizedClient.ts(227,5): error TS2322: Type 'RetryResult<any>' is not assignable to type 'T'.
  'T' could be instantiated with an arbitrary type which could be unrelated to 'RetryResult<any>'.
src/lib/supabase/optimizedClient.ts(236,13): error TS2739: Type 'PostgrestBuilder<any, false>' is missing the following properties from type 'Promise<any>': catch, finally, [Symbol.toStringTag]
src/lib/supabase/optimizedClient.ts(256,13): error TS2739: Type 'PostgrestTransformBuilder<any, any, any[], "meal_plans", unknown>' is missing the following properties from type 'Promise<any>': catch, finally, [Symbol.toStringTag]
src/lib/supabase/optimizedClient.ts(267,13): error TS2739: Type 'PostgrestFilterBuilder<any, any, { id: any; week_start: any; week_end: any; created_at: any; updated_at: any; }[], "meal_plans", unknown>' is missing the following properties from type 'Promise<any>': catch, finally, [Symbol.toStringTag]
src/lib/supabase/optimizedClient.ts(287,13): error TS2739: Type 'PostgrestBuilder<any, false>' is missing the following properties from type 'Promise<any>': catch, finally, [Symbol.toStringTag]
src/lib/supabase/optimizedClient.ts(306,13): error TS2739: Type 'PostgrestTransformBuilder<any, any, any[], "user_preferences", unknown>' is missing the following properties from type 'Promise<any>': catch, finally, [Symbol.toStringTag]
src/lib/supabase/optimizedClient.ts(320,13): error TS2739: Type 'PostgrestFilterBuilder<any, any, any[], "pantry_items", unknown>' is missing the following properties from type 'Promise<any>': catch, finally, [Symbol.toStringTag]
src/lib/supabase/optimizedClient.ts(339,13): error TS2739: Type 'PostgrestTransformBuilder<any, any, any[], "pantry_items", unknown>' is missing the following properties from type 'Promise<any>': catch, finally, [Symbol.toStringTag]
src/lib/supabase/optimizedClient.ts(353,13): error TS2739: Type 'PostgrestTransformBuilder<any, any, any[], string, unknown>' is missing the following properties from type 'Promise<any>': catch, finally, [Symbol.toStringTag]
src/lib/supabase/optimizedClient.ts(508,28): error TS2339: Property 'get' does not exist on type 'Promise<ReadonlyRequestCookies>'.
src/lib/supabase/optimizedClient.ts(513,23): error TS2339: Property 'set' does not exist on type 'Promise<ReadonlyRequestCookies>'.
src/lib/supabase/optimizedClient.ts(522,23): error TS2339: Property 'set' does not exist on type 'Promise<ReadonlyRequestCookies>'.
src/lib/supabase/optimizedClient.ts(607,3): error TS2322: Type 'Promise<unknown[]>' is not assignable to type 'Promise<void[]>'.
  Type 'unknown[]' is not assignable to type 'void[]'.
    Type 'unknown' is not assignable to type 'void'.
src/lib/supabase/server.ts(11,43): error TS2304: Cannot find name 'ReadonlyRequestCookies'.
src/lib/supabase/server.ts(11,76): error TS2304: Cannot find name 'ReadonlyRequestCookies'.
src/lib/supabase/shopping.ts(218,88): error TS2339: Property 'shopping_preferences' does not exist on type '{ ingredients: { Row: { id: string; name: string; category: string | null; default_unit: string | null; nutritional_info: Json; common_names: string[] | null; created_at: string; }; Insert: { ...; }; Update: { ...; }; Relationships: []; }; ... 9 more ...; users: { ...; }; }'.
src/lib/supabase/shopping.ts(229,81): error TS2339: Property 'shopping_preferences' does not exist on type '{ ingredients: { Row: { id: string; name: string; category: string | null; default_unit: string | null; nutritional_info: Json; common_names: string[] | null; created_at: string; }; Insert: { ...; }; Update: { ...; }; Relationships: []; }; ... 9 more ...; users: { ...; }; }'.
src/lib/utils/__tests__/argentineMealUtils.test.ts(20,3): error TS2305: Module '"../shoppingList"' has no exported member 'categorizeShoppingItems'.
src/lib/utils/__tests__/argentineMealUtils.test.ts(21,3): error TS2305: Module '"../shoppingList"' has no exported member 'calculateShoppingCost'.
src/lib/utils/__tests__/argentineMealUtils.test.ts(22,3): error TS2305: Module '"../shoppingList"' has no exported member 'optimizeShoppingList'.
src/lib/utils/__tests__/argentineMealUtils.test.ts(28,3): error TS2724: '"../nutrition"' has no exported member named 'validateNutritionBalance'. Did you mean 'analyzeNutritionBalance'?
src/lib/utils/__tests__/argentineMealUtils.test.ts(90,36): error TS2554: Expected 0 arguments, but got 1.
src/lib/utils/__tests__/argentineMealUtils.test.ts(91,36): error TS2554: Expected 0 arguments, but got 1.
src/lib/utils/__tests__/argentineMealUtils.test.ts(92,36): error TS2554: Expected 0 arguments, but got 1.
src/lib/utils/__tests__/argentineMealUtils.test.ts(93,36): error TS2554: Expected 0 arguments, but got 1.
src/lib/utils/__tests__/argentineMealUtils.test.ts(97,36): error TS2554: Expected 0 arguments, but got 1.
src/lib/utils/__tests__/argentineMealUtils.test.ts(98,36): error TS2554: Expected 0 arguments, but got 1.
src/lib/utils/__tests__/argentineMealUtils.test.ts(126,37): error TS2345: Argument of type 'import("/Users/santiagobalosky/Documents/kecarajocomo/src/features/meal-planning/types/index").Recipe[]' is not assignable to parameter of type 'import("/Users/santiagobalosky/Documents/kecarajocomo/src/types/meal-planning/argentine").Recipe[]'.
  Type 'Recipe' is missing the following properties from type 'Recipe': equipment, techniques
src/lib/utils/__tests__/argentineMealUtils.test.ts(138,37): error TS2345: Argument of type 'import("/Users/santiagobalosky/Documents/kecarajocomo/src/features/meal-planning/types/index").Recipe[]' is not assignable to parameter of type 'import("/Users/santiagobalosky/Documents/kecarajocomo/src/types/meal-planning/argentine").Recipe[]'.
  Type 'Recipe' is missing the following properties from type 'Recipe': equipment, techniques
src/lib/utils/__tests__/argentineMealUtils.test.ts(147,27): error TS2339: Property 'days' does not exist on type 'WeekPlan'.
src/lib/utils/__tests__/argentineMealUtils.test.ts(152,44): error TS2554: Expected 1 arguments, but got 2.
src/lib/utils/__tests__/argentineMealUtils.test.ts(154,23): error TS2339: Property 'desayuno' does not exist on type 'ArgentineWeeklyPlan'.
src/lib/utils/__tests__/argentineMealUtils.test.ts(155,23): error TS2339: Property 'merienda' does not exist on type 'ArgentineWeeklyPlan'.
src/lib/utils/__tests__/argentineMealUtils.test.ts(159,38): error TS2339: Property 'days' does not exist on type 'WeekPlan'.
src/lib/utils/__tests__/argentineMealUtils.test.ts(161,44): error TS2554: Expected 1 arguments, but got 2.
src/lib/utils/__tests__/argentineMealUtils.test.ts(163,23): error TS2339: Property 'desayuno' does not exist on type 'ArgentineWeeklyPlan'.
src/lib/utils/__tests__/argentineMealUtils.test.ts(164,23): error TS2339: Property 'merienda' does not exist on type 'ArgentineWeeklyPlan'.
src/lib/utils/__tests__/argentineMealUtils.test.ts(177,27): error TS2339: Property 'days' does not exist on type 'WeekPlan'.
src/lib/utils/__tests__/argentineMealUtils.test.ts(182,44): error TS2554: Expected 1 arguments, but got 2.
src/lib/utils/__tests__/argentineMealUtils.test.ts(184,23): error TS2339: Property 'desayuno' does not exist on type 'ArgentineWeeklyPlan'.
src/lib/utils/__tests__/argentineMealUtils.test.ts(185,23): error TS2339: Property 'merienda' does not exist on type 'ArgentineWeeklyPlan'.
src/lib/utils/__tests__/argentineMealUtils.test.ts(192,27): error TS2339: Property 'days' does not exist on type 'WeekPlan'.
src/lib/utils/__tests__/argentineMealUtils.test.ts(196,49): error TS2554: Expected 1 arguments, but got 2.
src/lib/utils/__tests__/argentineMealUtils.test.ts(198,24): error TS2339: Property 'almuerzo' does not exist on type 'ArgentineWeeklyPlan'.
src/lib/utils/__tests__/argentineMealUtils.test.ts(199,33): error TS2339: Property 'isSpecialDay' does not exist on type '{ hasAsado: boolean; hasMate: boolean; hasNoquis29: boolean; traditionalDishes: number; specialOccasions: string[]; varietyScore: number; balanceScore: number; }'.
src/lib/utils/__tests__/argentineMealUtils.test.ts(204,27): error TS2339: Property 'days' does not exist on type 'WeekPlan'.
src/lib/utils/__tests__/argentineMealUtils.test.ts(208,49): error TS2554: Expected 1 arguments, but got 2.
src/lib/utils/__tests__/argentineMealUtils.test.ts(210,24): error TS2339: Property 'almuerzo' does not exist on type 'ArgentineWeeklyPlan'.
src/lib/utils/__tests__/argentineMealUtils.test.ts(223,27): error TS2339: Property 'days' does not exist on type 'WeekPlan'.
src/lib/utils/__tests__/argentineMealUtils.test.ts(227,49): error TS2554: Expected 1 arguments, but got 2.
src/lib/utils/__tests__/argentineMealUtils.test.ts(229,24): error TS2339: Property 'almuerzo' does not exist on type 'ArgentineWeeklyPlan'.
src/lib/utils/__tests__/argentineMealUtils.test.ts(236,27): error TS2339: Property 'days' does not exist on type 'WeekPlan'.
src/lib/utils/__tests__/argentineMealUtils.test.ts(241,52): error TS2345: Argument of type 'UserPreferences' is not assignable to parameter of type 'string'.
src/lib/utils/__tests__/argentineMealUtils.test.ts(243,25): error TS2339: Property 'cena' does not exist on type 'ArgentineWeeklyPlan'.
src/lib/utils/__tests__/argentineMealUtils.test.ts(244,34): error TS2339: Property 'isSpecialDay' does not exist on type '{ hasAsado: boolean; hasMate: boolean; hasNoquis29: boolean; traditionalDishes: number; specialOccasions: string[]; varietyScore: number; balanceScore: number; }'.
src/lib/utils/__tests__/argentineMealUtils.test.ts(245,34): error TS2339: Property 'occasion' does not exist on type '{ hasAsado: boolean; hasMate: boolean; hasNoquis29: boolean; traditionalDishes: number; specialOccasions: string[]; varietyScore: number; balanceScore: number; }'.
src/lib/utils/__tests__/argentineMealUtils.test.ts(250,27): error TS2339: Property 'days' does not exist on type 'WeekPlan'.
src/lib/utils/__tests__/argentineMealUtils.test.ts(255,53): error TS2345: Argument of type 'UserPreferences' is not assignable to parameter of type 'string'.
src/lib/utils/__tests__/argentineMealUtils.test.ts(257,25): error TS2339: Property 'cena' does not exist on type 'ArgentineWeeklyPlan'.
src/lib/utils/__tests__/argentineMealUtils.test.ts(265,30): error TS2339: Property 'days' does not exist on type 'WeekPlan'.
src/lib/utils/__tests__/argentineMealUtils.test.ts(265,39): error TS7006: Parameter 'day' implicitly has an 'any' type.
src/lib/utils/__tests__/argentineMealUtils.test.ts(274,49): error TS2345: Argument of type '{ days: any; id: string; userId: string; startDate: string; endDate: string; slots: MealSlot[]; isActive?: boolean; createdAt: string; updatedAt: string; weeklyNutrition?: NutritionInfo; ... 4 more ...; cultural?: { hasAsado?: boolean; hasMate?: boolean; hasNoquis29?: boolean; specialOccasions?: string[]; }; }' is not assignable to parameter of type 'ArgentineWeeklyPlan'.
  Type '{ days: any; id: string; userId: string; startDate: string; endDate: string; slots: MealSlot[]; isActive?: boolean | undefined; createdAt: string; updatedAt: string; weeklyNutrition?: any; ... 4 more ...; cultural?: { ...; } | undefined; }' is missing the following properties from type 'ArgentineWeeklyPlan': planId, weekStart, weekEnd, totalPrepTime, and 4 more.
src/lib/utils/__tests__/argentineMealUtils.test.ts(292,68): error TS2345: Argument of type 'string' is not assignable to parameter of type 'UserPreferences'.
src/lib/utils/__tests__/argentineMealUtils.test.ts(312,68): error TS2345: Argument of type 'string' is not assignable to parameter of type 'UserPreferences'.
src/lib/utils/__tests__/argentineMealUtils.test.ts(320,62): error TS2345: Argument of type 'import("/Users/santiagobalosky/Documents/kecarajocomo/src/features/meal-planning/types/index").UserPreferences' is not assignable to parameter of type 'import("/Users/santiagobalosky/Documents/kecarajocomo/src/types/meal-planning/argentine").UserPreferences'.
  Property 'nutrition' is missing in type 'import("/Users/santiagobalosky/Documents/kecarajocomo/src/features/meal-planning/types/index").UserPreferences' but required in type 'import("/Users/santiagobalosky/Documents/kecarajocomo/src/types/meal-planning/argentine").UserPreferences'.
src/lib/utils/__tests__/argentineMealUtils.test.ts(323,58): error TS2345: Argument of type 'import("/Users/santiagobalosky/Documents/kecarajocomo/src/features/meal-planning/types/index").UserPreferences' is not assignable to parameter of type 'import("/Users/santiagobalosky/Documents/kecarajocomo/src/types/meal-planning/argentine").UserPreferences'.
  Property 'nutrition' is missing in type 'import("/Users/santiagobalosky/Documents/kecarajocomo/src/features/meal-planning/types/index").UserPreferences' but required in type 'import("/Users/santiagobalosky/Documents/kecarajocomo/src/types/meal-planning/argentine").UserPreferences'.
src/lib/utils/__tests__/argentineMealUtils.test.ts(326,58): error TS2345: Argument of type 'import("/Users/santiagobalosky/Documents/kecarajocomo/src/features/meal-planning/types/index").UserPreferences' is not assignable to parameter of type 'import("/Users/santiagobalosky/Documents/kecarajocomo/src/types/meal-planning/argentine").UserPreferences'.
  Property 'nutrition' is missing in type 'import("/Users/santiagobalosky/Documents/kecarajocomo/src/features/meal-planning/types/index").UserPreferences' but required in type 'import("/Users/santiagobalosky/Documents/kecarajocomo/src/types/meal-planning/argentine").UserPreferences'.
src/lib/utils/__tests__/argentineMealUtils.test.ts(329,55): error TS2345: Argument of type 'import("/Users/santiagobalosky/Documents/kecarajocomo/src/features/meal-planning/types/index").UserPreferences' is not assignable to parameter of type 'import("/Users/santiagobalosky/Documents/kecarajocomo/src/types/meal-planning/argentine").UserPreferences'.
  Property 'nutrition' is missing in type 'import("/Users/santiagobalosky/Documents/kecarajocomo/src/features/meal-planning/types/index").UserPreferences' but required in type 'import("/Users/santiagobalosky/Documents/kecarajocomo/src/types/meal-planning/argentine").UserPreferences'.
src/lib/utils/__tests__/argentineMealUtils.test.ts(342,36): error TS2345: Argument of type 'any[]' is not assignable to parameter of type 'ArgentineWeeklyPlan'.
  Type 'any[]' is missing the following properties from type 'ArgentineWeeklyPlan': planId, userId, weekStart, weekEnd, and 12 more.
src/lib/utils/__tests__/argentineMealUtils.test.ts(344,14): error TS7053: Element implicitly has an 'any' type because expression of type '0' can't be used to index type 'ArgentineWeeklyPlan'.
  Property '0' does not exist on type 'ArgentineWeeklyPlan'.
src/lib/utils/__tests__/argentineMealUtils.test.ts(345,14): error TS7053: Element implicitly has an 'any' type because expression of type '1' can't be used to index type 'ArgentineWeeklyPlan'.
  Property '1' does not exist on type 'ArgentineWeeklyPlan'.
src/lib/utils/__tests__/argentineMealUtils.test.ts(346,14): error TS7053: Element implicitly has an 'any' type because expression of type '2' can't be used to index type 'ArgentineWeeklyPlan'.
  Property '2' does not exist on type 'ArgentineWeeklyPlan'.
src/lib/utils/__tests__/argentineMealUtils.test.ts(356,36): error TS2345: Argument of type 'any[]' is not assignable to parameter of type 'ArgentineWeeklyPlan'.
  Type 'any[]' is missing the following properties from type 'ArgentineWeeklyPlan': planId, userId, weekStart, weekEnd, and 12 more.
src/lib/utils/__tests__/argentineMealUtils.test.ts(358,14): error TS7053: Element implicitly has an 'any' type because expression of type '0' can't be used to index type 'ArgentineWeeklyPlan'.
  Property '0' does not exist on type 'ArgentineWeeklyPlan'.
src/lib/utils/__tests__/argentineMealUtils.test.ts(359,14): error TS7053: Element implicitly has an 'any' type because expression of type '1' can't be used to index type 'ArgentineWeeklyPlan'.
  Property '1' does not exist on type 'ArgentineWeeklyPlan'.
src/lib/utils/__tests__/argentineMealUtils.test.ts(360,14): error TS7053: Element implicitly has an 'any' type because expression of type '2' can't be used to index type 'ArgentineWeeklyPlan'.
  Property '2' does not exist on type 'ArgentineWeeklyPlan'.
src/lib/utils/__tests__/argentineMealUtils.test.ts(368,50): error TS2345: Argument of type 'WeekPlan' is not assignable to parameter of type 'ArgentineWeeklyPlan'.
  Type 'WeekPlan' is missing the following properties from type 'ArgentineWeeklyPlan': planId, weekStart, weekEnd, days, and 5 more.
src/lib/utils/__tests__/argentineMealUtils.test.ts(372,59): error TS2339: Property 'planId' does not exist on type 'WeekPlan'.
src/lib/utils/__tests__/argentineMealUtils.test.ts(388,50): error TS2345: Argument of type 'WeekPlan' is not assignable to parameter of type 'ArgentineWeeklyPlan'.
  Type 'WeekPlan' is missing the following properties from type 'ArgentineWeeklyPlan': planId, weekStart, weekEnd, days, and 5 more.
src/lib/utils/__tests__/argentineMealUtils.test.ts(400,29): error TS2339: Property 'days' does not exist on type 'WeekPlan'.
src/lib/utils/__tests__/argentineMealUtils.test.ts(401,29): error TS2339: Property 'days' does not exist on type 'WeekPlan'.
src/lib/utils/__tests__/argentineMealUtils.test.ts(405,50): error TS2345: Argument of type '{ days: any[]; id: string; userId: string; startDate: string; endDate: string; slots: MealSlot[]; isActive?: boolean; createdAt: string; updatedAt: string; weeklyNutrition?: NutritionInfo; ... 4 more ...; cultural?: { hasAsado?: boolean; hasMate?: boolean; hasNoquis29?: boolean; specialOccasions?: string[]; }; }' is not assignable to parameter of type 'ArgentineWeeklyPlan'.
  Type '{ days: any[]; id: string; userId: string; startDate: string; endDate: string; slots: MealSlot[]; isActive?: boolean | undefined; createdAt: string; updatedAt: string; weeklyNutrition?: any; ... 4 more ...; cultural?: { ...; } | undefined; }' is missing the following properties from type 'ArgentineWeeklyPlan': planId, weekStart, weekEnd, totalPrepTime, and 4 more.
src/lib/utils/__tests__/argentineMealUtils.test.ts(421,31): error TS7006: Parameter 'cat' implicitly has an 'any' type.
src/lib/utils/__tests__/argentineMealUtils.test.ts(423,46): error TS7006: Parameter 'cat' implicitly has an 'any' type.
src/lib/utils/__tests__/argentineMealUtils.test.ts(457,46): error TS7006: Parameter 'cat' implicitly has an 'any' type.
src/lib/utils/__tests__/argentineMealUtils.test.ts(467,35): error TS2551: Property 'estimatedCost' does not exist on type 'ShoppingListItem'. Did you mean 'estimated_cost'?
src/lib/utils/__tests__/argentineMealUtils.test.ts(496,40): error TS7006: Parameter 'item' implicitly has an 'any' type.
src/lib/utils/__tests__/argentineMealUtils.test.ts(517,50): error TS7006: Parameter 'item' implicitly has an 'any' type.
src/lib/utils/__tests__/argentineMealUtils.test.ts(518,55): error TS7006: Parameter 'item' implicitly has an 'any' type.
src/lib/utils/__tests__/argentineMealUtils.test.ts(530,38): error TS2339: Property 'days' does not exist on type 'WeekPlan'.
src/lib/utils/__tests__/argentineMealUtils.test.ts(541,27): error TS2339: Property 'days' does not exist on type 'WeekPlan'.
src/lib/utils/__tests__/argentineMealUtils.test.ts(553,27): error TS2339: Property 'days' does not exist on type 'WeekPlan'.
src/lib/utils/__tests__/argentineMealUtils.test.ts(571,50): error TS2345: Argument of type 'WeekPlan' is not assignable to parameter of type 'ArgentineWeeklyPlan'.
  Type 'WeekPlan' is missing the following properties from type 'ArgentineWeeklyPlan': planId, weekStart, weekEnd, days, and 5 more.
src/lib/utils/__tests__/argentineMealUtils.test.ts(573,24): error TS2339: Property 'calories' does not exist on type '{ weekly: NutritionInfo; daily: NutritionInfo; }'.
src/lib/utils/__tests__/argentineMealUtils.test.ts(574,24): error TS2339: Property 'protein' does not exist on type '{ weekly: NutritionInfo; daily: NutritionInfo; }'.
src/lib/utils/__tests__/argentineMealUtils.test.ts(575,24): error TS2339: Property 'carbs' does not exist on type '{ weekly: NutritionInfo; daily: NutritionInfo; }'.
src/lib/utils/__tests__/argentineMealUtils.test.ts(576,24): error TS2339: Property 'fat' does not exist on type '{ weekly: NutritionInfo; daily: NutritionInfo; }'.
src/lib/utils/__tests__/argentineMealUtils.test.ts(580,56): error TS2345: Argument of type 'WeekPlan' is not assignable to parameter of type 'ArgentineWeeklyPlan'.
  Type 'WeekPlan' is missing the following properties from type 'ArgentineWeeklyPlan': planId, weekStart, weekEnd, days, and 5 more.
src/lib/utils/__tests__/argentineMealUtils.test.ts(581,39): error TS2339: Property 'days' does not exist on type 'WeekPlan'.
src/lib/utils/__tests__/argentineMealUtils.test.ts(581,52): error TS7006: Parameter 'sum' implicitly has an 'any' type.
src/lib/utils/__tests__/argentineMealUtils.test.ts(581,57): error TS7006: Parameter 'day' implicitly has an 'any' type.
src/lib/utils/__tests__/argentineMealUtils.test.ts(632,30): error TS2339: Property 'days' does not exist on type 'WeekPlan'.
src/lib/utils/__tests__/argentineMealUtils.test.ts(632,39): error TS7006: Parameter 'day' implicitly has an 'any' type.
src/lib/utils/__tests__/argentineMealUtils.test.ts(640,64): error TS2345: Argument of type '{ days: any; id: string; userId: string; startDate: string; endDate: string; slots: MealSlot[]; isActive?: boolean; createdAt: string; updatedAt: string; weeklyNutrition?: NutritionInfo; ... 4 more ...; cultural?: { hasAsado?: boolean; hasMate?: boolean; hasNoquis29?: boolean; specialOccasions?: string[]; }; }' is not assignable to parameter of type 'ArgentineWeeklyPlan'.
  Type '{ days: any; id: string; userId: string; startDate: string; endDate: string; slots: MealSlot[]; isActive?: boolean | undefined; createdAt: string; updatedAt: string; weeklyNutrition?: any; ... 4 more ...; cultural?: { ...; } | undefined; }' is missing the following properties from type 'ArgentineWeeklyPlan': planId, weekStart, weekEnd, totalPrepTime, and 4 more.
src/lib/utils/__tests__/argentineMealUtils.test.ts(646,64): error TS2345: Argument of type 'WeekPlan' is not assignable to parameter of type 'ArgentineWeeklyPlan'.
  Type 'WeekPlan' is missing the following properties from type 'ArgentineWeeklyPlan': planId, weekStart, weekEnd, days, and 5 more.
src/lib/utils/__tests__/argentineMealUtils.test.ts(664,64): error TS2345: Argument of type 'WeekPlan' is not assignable to parameter of type 'ArgentineWeeklyPlan'.
  Type 'WeekPlan' is missing the following properties from type 'ArgentineWeeklyPlan': planId, weekStart, weekEnd, days, and 5 more.
src/lib/utils/__tests__/argentineMealUtils.test.ts(675,46): error TS2345: Argument of type 'WeekPlan' is not assignable to parameter of type 'ArgentineWeeklyPlan'.
  Type 'WeekPlan' is missing the following properties from type 'ArgentineWeeklyPlan': planId, weekStart, weekEnd, days, and 5 more.
src/lib/utils/__tests__/argentineMealUtils.test.ts(690,30): error TS2339: Property 'days' does not exist on type 'WeekPlan'.
src/lib/utils/__tests__/argentineMealUtils.test.ts(690,40): error TS7006: Parameter 'day' implicitly has an 'any' type.
src/lib/utils/__tests__/argentineMealUtils.test.ts(690,45): error TS7006: Parameter 'index' implicitly has an 'any' type.
src/lib/utils/__tests__/argentineMealUtils.test.ts(701,46): error TS2345: Argument of type '{ days: any; id: string; userId: string; startDate: string; endDate: string; slots: MealSlot[]; isActive?: boolean; createdAt: string; updatedAt: string; weeklyNutrition?: NutritionInfo; ... 4 more ...; cultural?: { hasAsado?: boolean; hasMate?: boolean; hasNoquis29?: boolean; specialOccasions?: string[]; }; }' is not assignable to parameter of type 'ArgentineWeeklyPlan'.
  Type '{ days: any; id: string; userId: string; startDate: string; endDate: string; slots: MealSlot[]; isActive?: boolean | undefined; createdAt: string; updatedAt: string; weeklyNutrition?: any; ... 4 more ...; cultural?: { ...; } | undefined; }' is missing the following properties from type 'ArgentineWeeklyPlan': planId, weekStart, weekEnd, totalPrepTime, and 4 more.
src/lib/utils/__tests__/argentineMealUtils.test.ts(716,46): error TS2345: Argument of type '{ cultural: { hasAsado: boolean; hasMate: boolean; hasNoquis29: boolean; specialOccasions: string[]; }; id: string; userId: string; startDate: string; endDate: string; slots: MealSlot[]; ... 7 more ...; season?: ArgentineSeason | string; }' is not assignable to parameter of type 'ArgentineWeeklyPlan'.
  Type '{ cultural: { hasAsado: boolean; hasMate: boolean; hasNoquis29: boolean; specialOccasions: string[]; }; id: string; userId: string; startDate: string; endDate: string; slots: MealSlot[]; isActive?: boolean | undefined; ... 6 more ...; season?: string | undefined; }' is missing the following properties from type 'ArgentineWeeklyPlan': planId, weekStart, weekEnd, days, and 5 more.
src/lib/utils/__tests__/icsExport.test.ts(1,70): error TS2307: Cannot find module '../icsExport' or its corresponding type declarations.
src/lib/utils/__tests__/icsExport.test.ts(39,30): error TS2339: Property 'days' does not exist on type 'WeekPlan'.
src/lib/utils/__tests__/icsExport.test.ts(39,39): error TS7006: Parameter 'day' implicitly has an 'any' type.
src/lib/utils/__tests__/icsExport.test.ts(63,29): error TS2339: Property 'days' does not exist on type 'WeekPlan'.
src/lib/utils/__tests__/icsExport.test.ts(156,11): error TS2739: Type '{ id: string; name: string; description: string; ingredients: { name: string; amount: number; unit: string; aisle: string; }[]; instructions: string[]; prepTime: number; cookTime: number; servings: number; nutrition: { ...; }; }' is missing the following properties from type 'Recipe': difficulty, tags
src/lib/utils/__tests__/icsExport.test.ts(296,13): error TS2739: Type '{ userId: string; weekStart: string; weekEnd: string; days: never[]; }' is missing the following properties from type 'MealPlan': id, metadata
src/lib/utils/__tests__/icsExport.test.ts(319,13): error TS2322: Type 'null' is not assignable to type 'PlannedMeal'.
src/lib/utils/__tests__/icsExport.test.ts(320,13): error TS2322: Type 'null' is not assignable to type 'PlannedMeal'.
src/lib/utils/__tests__/icsExport.test.ts(321,13): error TS2322: Type 'null' is not assignable to type 'PlannedMeal'.
src/lib/utils/__tests__/icsExport.test.ts(322,13): error TS2322: Type 'null' is not assignable to type 'PlannedMeal'.
src/lib/utils/__tests__/icsExport.test.ts(336,13): error TS2739: Type '{ id: string; name: string; description: string; ingredients: { name: string; amount: number; unit: string; aisle: string; }[]; instructions: string[]; prepTime: number; cookTime: number; servings: number; nutrition: { ...; }; }' is missing the following properties from type 'Recipe': difficulty, tags
src/lib/utils/__tests__/icsExport.test.ts(369,13): error TS2739: Type '{ id: string; name: string; description: string; ingredients: never[]; instructions: never[]; prepTime: number; cookTime: number; servings: number; nutrition: { calories: number; protein: number; carbs: number; fat: number; }; }' is missing the following properties from type 'Recipe': difficulty, tags
src/lib/utils/__tests__/icsExport.test.ts(417,55): error TS2339: Property 'weekStart' does not exist on type 'WeekPlan'.
src/lib/utils/__tests__/icsExport.test.ts(417,83): error TS2339: Property 'weekEnd' does not exist on type 'WeekPlan'.
src/lib/utils/__tests__/pricing.test.ts(1,38): error TS2307: Cannot find module '../pricing' or its corresponding type declarations.
src/lib/utils/__tests__/pricing.test.ts(2,39): error TS2307: Cannot find module '../substitutions' or its corresponding type declarations.
src/lib/utils/__tests__/pricing.test.ts(7,15): error TS2305: Module '"@/features/meal-planning/types"' has no exported member 'PriceCatalogItem'.
src/lib/utils/__tests__/pricing.test.ts(110,13): error TS2739: Type '{ days: any; id: string; userId: string; startDate: string; endDate: string; slots: MealSlot[]; isActive?: boolean | undefined; createdAt: string; updatedAt: string; weeklyNutrition?: any; ... 4 more ...; cultural?: { ...; } | undefined; }' is missing the following properties from type 'MealPlan': weekStart, weekEnd, metadata
src/lib/utils/__tests__/pricing.test.ts(112,30): error TS2339: Property 'days' does not exist on type 'WeekPlan'.
src/lib/utils/__tests__/pricing.test.ts(112,39): error TS7006: Parameter 'day' implicitly has an 'any' type.
src/lib/utils/__tests__/pricing.test.ts(151,15): error TS2739: Type '{ id: string; name: string; ingredients: { name: string; amount: number; unit: string; aisle: string; }[]; instructions: never[]; prepTime: number; cookTime: number; servings: number; nutrition: { calories: number; protein: number; carbs: number; fat: number; }; }' is missing the following properties from type 'Recipe': difficulty, tags
src/lib/utils/__tests__/pricing.test.ts(166,52): error TS2739: Type '{ id: string; name: string; ingredients: never[]; instructions: never[]; prepTime: number; cookTime: number; servings: number; nutrition: { calories: number; protein: number; carbs: number; fat: number; }; }' is missing the following properties from type 'Recipe': difficulty, tags
src/lib/utils/__tests__/pricing.test.ts(167,52): error TS2739: Type '{ id: string; name: string; ingredients: never[]; instructions: never[]; prepTime: number; cookTime: number; servings: number; nutrition: { calories: number; protein: number; carbs: number; fat: number; }; }' is missing the following properties from type 'Recipe': difficulty, tags
src/lib/utils/__tests__/pricing.test.ts(168,54): error TS2739: Type '{ id: string; name: string; ingredients: never[]; instructions: never[]; prepTime: number; cookTime: number; servings: number; nutrition: { calories: number; protein: number; carbs: number; fat: number; }; }' is missing the following properties from type 'Recipe': difficulty, tags
src/lib/utils/__tests__/pricing.test.ts(204,15): error TS2739: Type '{ id: string; name: string; ingredients: { name: string; amount: number; unit: string; aisle: string; }[]; instructions: never[]; prepTime: number; cookTime: number; servings: number; nutrition: { calories: number; protein: number; carbs: number; fat: number; }; }' is missing the following properties from type 'Recipe': difficulty, tags
src/lib/utils/__tests__/pricing.test.ts(217,52): error TS2739: Type '{ id: string; name: string; ingredients: never[]; instructions: never[]; prepTime: number; cookTime: number; servings: number; nutrition: { calories: number; protein: number; carbs: number; fat: number; }; }' is missing the following properties from type 'Recipe': difficulty, tags
src/lib/utils/__tests__/pricing.test.ts(218,52): error TS2739: Type '{ id: string; name: string; ingredients: never[]; instructions: never[]; prepTime: number; cookTime: number; servings: number; nutrition: { calories: number; protein: number; carbs: number; fat: number; }; }' is missing the following properties from type 'Recipe': difficulty, tags
src/lib/utils/__tests__/pricing.test.ts(219,54): error TS2739: Type '{ id: string; name: string; ingredients: never[]; instructions: never[]; prepTime: number; cookTime: number; servings: number; nutrition: { calories: number; protein: number; carbs: number; fat: number; }; }' is missing the following properties from type 'Recipe': difficulty, tags
src/lib/utils/__tests__/pricing.test.ts(240,15): error TS2739: Type '{ id: string; name: string; ingredients: { name: string; amount: number; unit: string; aisle: string; }[]; instructions: never[]; prepTime: number; cookTime: number; servings: number; nutrition: { calories: number; protein: number; carbs: number; fat: number; }; }' is missing the following properties from type 'Recipe': difficulty, tags
src/lib/utils/__tests__/pricing.test.ts(253,52): error TS2739: Type '{ id: string; name: string; ingredients: never[]; instructions: never[]; prepTime: number; cookTime: number; servings: number; nutrition: { calories: number; protein: number; carbs: number; fat: number; }; }' is missing the following properties from type 'Recipe': difficulty, tags
src/lib/utils/__tests__/pricing.test.ts(254,52): error TS2739: Type '{ id: string; name: string; ingredients: never[]; instructions: never[]; prepTime: number; cookTime: number; servings: number; nutrition: { calories: number; protein: number; carbs: number; fat: number; }; }' is missing the following properties from type 'Recipe': difficulty, tags
src/lib/utils/__tests__/pricing.test.ts(255,54): error TS2739: Type '{ id: string; name: string; ingredients: never[]; instructions: never[]; prepTime: number; cookTime: number; servings: number; nutrition: { calories: number; protein: number; carbs: number; fat: number; }; }' is missing the following properties from type 'Recipe': difficulty, tags
src/lib/utils/__tests__/pricing.test.ts(275,60): error TS2739: Type '{ id: string; name: string; ingredients: never[]; instructions: never[]; prepTime: number; cookTime: number; servings: number; nutrition: { calories: number; protein: number; carbs: number; fat: number; }; }' is missing the following properties from type 'Recipe': difficulty, tags
src/lib/utils/__tests__/pricing.test.ts(279,15): error TS2739: Type '{ id: string; name: string; ingredients: { name: string; amount: number; unit: string; aisle: string; }[]; instructions: string[]; prepTime: number; cookTime: number; servings: number; nutrition: { calories: number; protein: number; carbs: number; fat: number; }; }' is missing the following properties from type 'Recipe': difficulty, tags
src/lib/utils/__tests__/pricing.test.ts(292,52): error TS2739: Type '{ id: string; name: string; ingredients: never[]; instructions: never[]; prepTime: number; cookTime: number; servings: number; nutrition: { calories: number; protein: number; carbs: number; fat: number; }; }' is missing the following properties from type 'Recipe': difficulty, tags
src/lib/utils/__tests__/pricing.test.ts(293,54): error TS2739: Type '{ id: string; name: string; ingredients: never[]; instructions: never[]; prepTime: number; cookTime: number; servings: number; nutrition: { calories: number; protein: number; carbs: number; fat: number; }; }' is missing the following properties from type 'Recipe': difficulty, tags
src/lib/utils/__tests__/pricing.test.ts(312,60): error TS2739: Type '{ id: string; name: string; ingredients: never[]; instructions: never[]; prepTime: number; cookTime: number; servings: number; nutrition: { calories: number; protein: number; carbs: number; fat: number; }; }' is missing the following properties from type 'Recipe': difficulty, tags
src/lib/utils/__tests__/pricing.test.ts(319,17): error TS2322: Type 'number' is not assignable to type '{ total: number; perServing: number; currency: string; }'.
src/lib/utils/__tests__/pricing.test.ts(328,52): error TS2739: Type '{ id: string; name: string; ingredients: never[]; instructions: never[]; prepTime: number; cookTime: number; servings: number; nutrition: { calories: number; protein: number; carbs: number; fat: number; }; }' is missing the following properties from type 'Recipe': difficulty, tags
src/lib/utils/__tests__/pricing.test.ts(329,54): error TS2739: Type '{ id: string; name: string; ingredients: never[]; instructions: never[]; prepTime: number; cookTime: number; servings: number; nutrition: { calories: number; protein: number; carbs: number; fat: number; }; }' is missing the following properties from type 'Recipe': difficulty, tags
src/lib/utils/__tests__/pricing.test.ts(348,60): error TS2739: Type '{ id: string; name: string; ingredients: never[]; instructions: never[]; prepTime: number; cookTime: number; servings: number; nutrition: { calories: number; protein: number; carbs: number; fat: number; }; }' is missing the following properties from type 'Recipe': difficulty, tags
src/lib/utils/__tests__/pricing.test.ts(349,52): error TS2739: Type '{ id: string; name: string; ingredients: never[]; instructions: never[]; prepTime: number; cookTime: number; servings: number; nutrition: { calories: number; protein: number; carbs: number; fat: number; }; }' is missing the following properties from type 'Recipe': difficulty, tags
src/lib/utils/__tests__/pricing.test.ts(350,52): error TS2739: Type '{ id: string; name: string; ingredients: never[]; instructions: never[]; prepTime: number; cookTime: number; servings: number; nutrition: { calories: number; protein: number; carbs: number; fat: number; }; }' is missing the following properties from type 'Recipe': difficulty, tags
src/lib/utils/__tests__/pricing.test.ts(351,54): error TS2739: Type '{ id: string; name: string; ingredients: never[]; instructions: never[]; prepTime: number; cookTime: number; servings: number; nutrition: { calories: number; protein: number; carbs: number; fat: number; }; }' is missing the following properties from type 'Recipe': difficulty, tags
src/lib/utils/__tests__/pricing.test.ts(369,60): error TS2739: Type '{ id: string; name: string; ingredients: never[]; instructions: never[]; prepTime: number; cookTime: number; servings: number; nutrition: { calories: number; protein: number; carbs: number; fat: number; }; }' is missing the following properties from type 'Recipe': difficulty, tags
src/lib/utils/__tests__/pricing.test.ts(373,15): error TS2739: Type '{ id: string; name: string; ingredients: { name: string; amount: number; unit: string; }[]; instructions: never[]; prepTime: number; cookTime: number; servings: number; nutrition: { calories: number; protein: number; carbs: number; fat: number; }; }' is missing the following properties from type 'Recipe': difficulty, tags
src/lib/utils/__tests__/pricing.test.ts(384,52): error TS2739: Type '{ id: string; name: string; ingredients: never[]; instructions: never[]; prepTime: number; cookTime: number; servings: number; nutrition: { calories: number; protein: number; carbs: number; fat: number; }; }' is missing the following properties from type 'Recipe': difficulty, tags
src/lib/utils/__tests__/pricing.test.ts(388,15): error TS2739: Type '{ id: string; name: string; ingredients: { name: string; amount: number; unit: string; }[]; instructions: never[]; prepTime: number; cookTime: number; servings: number; nutrition: { calories: number; protein: number; carbs: number; fat: number; }; }' is missing the following properties from type 'Recipe': difficulty, tags
src/lib/utils/__tests__/pricing.test.ts(413,13): error TS2739: Type '{ userId: string; weekStart: string; weekEnd: string; days: never[]; }' is missing the following properties from type 'MealPlan': id, metadata
src/lib/utils/__tests__/pricing.test.ts(434,60): error TS2739: Type '{ id: string; name: string; ingredients: never[]; instructions: never[]; prepTime: number; cookTime: number; servings: number; nutrition: { calories: number; protein: number; carbs: number; fat: number; }; }' is missing the following properties from type 'Recipe': difficulty, tags
src/lib/utils/__tests__/pricing.test.ts(435,52): error TS2739: Type '{ id: string; name: string; ingredients: never[]; instructions: never[]; prepTime: number; cookTime: number; servings: number; nutrition: { calories: number; protein: number; carbs: number; fat: number; }; }' is missing the following properties from type 'Recipe': difficulty, tags
src/lib/utils/__tests__/pricing.test.ts(436,52): error TS2739: Type '{ id: string; name: string; ingredients: never[]; instructions: never[]; prepTime: number; cookTime: number; servings: number; nutrition: { calories: number; protein: number; carbs: number; fat: number; }; }' is missing the following properties from type 'Recipe': difficulty, tags
src/lib/utils/__tests__/pricing.test.ts(437,54): error TS2739: Type '{ id: string; name: string; ingredients: never[]; instructions: never[]; prepTime: number; cookTime: number; servings: number; nutrition: { calories: number; protein: number; carbs: number; fat: number; }; }' is missing the following properties from type 'Recipe': difficulty, tags
src/lib/utils/__tests__/pricing.test.ts(467,15): error TS2739: Type '{ id: string; name: string; ingredients: ({ name: string; aisle: string; } | { name: string; unit: string; aisle: string; })[]; instructions: never[]; prepTime: number; cookTime: number; servings: number; nutrition: { ...; }; }' is missing the following properties from type 'Recipe': difficulty, tags
src/lib/utils/__tests__/pricing.test.ts(481,52): error TS2739: Type '{ id: string; name: string; ingredients: never[]; instructions: never[]; prepTime: number; cookTime: number; servings: number; nutrition: { calories: number; protein: number; carbs: number; fat: number; }; }' is missing the following properties from type 'Recipe': difficulty, tags
src/lib/utils/__tests__/pricing.test.ts(482,52): error TS2739: Type '{ id: string; name: string; ingredients: never[]; instructions: never[]; prepTime: number; cookTime: number; servings: number; nutrition: { calories: number; protein: number; carbs: number; fat: number; }; }' is missing the following properties from type 'Recipe': difficulty, tags
src/lib/utils/__tests__/pricing.test.ts(483,54): error TS2739: Type '{ id: string; name: string; ingredients: never[]; instructions: never[]; prepTime: number; cookTime: number; servings: number; nutrition: { calories: number; protein: number; carbs: number; fat: number; }; }' is missing the following properties from type 'Recipe': difficulty, tags
src/lib/utils/__tests__/requestCoalesce.test.ts(1,26): error TS2307: Cannot find module '../requestCoalesce' or its corresponding type declarations.
src/lib/utils/__tests__/requestCoalesce.test.ts(380,28): error TS7006: Parameter 'r' implicitly has an 'any' type.
src/lib/utils/__tests__/seasonalAvailability.test.ts(8,8): error TS2307: Cannot find module '../seasonalAvailability' or its corresponding type declarations.
src/lib/utils/__tests__/seasonalAvailability.test.ts(12,3): error TS2724: '"@/__tests__/mocks/fixtures/argentineMealData"' has no exported member named 'mockMilanesas'. Did you mean 'mockMilanesasMeal'?
src/lib/utils/__tests__/seasonalAvailability.test.ts(13,3): error TS2305: Module '"@/__tests__/mocks/fixtures/argentineMealData"' has no exported member 'mockEmpanadas'.
src/lib/utils/__tests__/seasonalAvailability.test.ts(15,23): error TS2305: Module '"@/features/meal-planning/types"' has no exported member 'Ingredient'.
src/lib/utils/__tests__/seasonalAvailability.test.ts(256,33): error TS7006: Parameter 'r' implicitly has an 'any' type.
src/lib/utils/__tests__/seasonalAvailability.test.ts(262,33): error TS7006: Parameter 'r' implicitly has an 'any' type.
src/lib/utils/__tests__/seasonalAvailability.test.ts(293,49): error TS7006: Parameter 'item' implicitly has an 'any' type.
src/lib/utils/__tests__/seasonalAvailability.test.ts(332,44): error TS2339: Property 'weekStart' does not exist on type 'WeekPlan'.
src/lib/utils/__tests__/seasonalAvailability.test.ts(338,28): error TS2339: Property 'days' does not exist on type 'WeekPlan'.
src/lib/utils/__tests__/seasonalAvailability.test.ts(338,41): error TS7006: Parameter 'count' implicitly has an 'any' type.
src/lib/utils/__tests__/seasonalAvailability.test.ts(338,48): error TS7006: Parameter 'day' implicitly has an 'any' type.
src/lib/utils/__tests__/seasonalAvailability.test.ts(339,72): error TS2339: Property 'recipe' does not exist on type '{}'.
src/lib/utils/__tests__/seasonalAvailability.test.ts(373,44): error TS2339: Property 'weekStart' does not exist on type 'WeekPlan'.
src/lib/utils/argentineDateUtils.ts(63,25): error TS2345: Argument of type 'number' is not assignable to parameter of type 'never'.
src/lib/utils/argentineDateUtils.ts(79,25): error TS2345: Argument of type 'number' is not assignable to parameter of type 'never'.
src/lib/utils/argentineDateUtils.ts(103,18): error TS2339: Property 'variable' does not exist on type '{ readonly month: 1; readonly day: 1; readonly name: "Año Nuevo"; } | { readonly variable: true; readonly name: "Lunes de Carnaval"; } | { readonly variable: true; readonly name: "Martes de Carnaval"; } | ... 11 more ... | { ...; }'.
  Property 'variable' does not exist on type '{ readonly month: 1; readonly day: 1; readonly name: "Año Nuevo"; }'.
src/lib/utils/argentineDateUtils.ts(103,38): error TS2339: Property 'month' does not exist on type '{ readonly month: 1; readonly day: 1; readonly name: "Año Nuevo"; } | { readonly variable: true; readonly name: "Lunes de Carnaval"; } | { readonly variable: true; readonly name: "Martes de Carnaval"; } | ... 11 more ... | { ...; }'.
  Property 'month' does not exist on type '{ readonly variable: true; readonly name: "Lunes de Carnaval"; }'.
src/lib/utils/argentineDateUtils.ts(103,65): error TS2339: Property 'day' does not exist on type '{ readonly month: 1; readonly day: 1; readonly name: "Año Nuevo"; } | { readonly variable: true; readonly name: "Lunes de Carnaval"; } | { readonly variable: true; readonly name: "Martes de Carnaval"; } | ... 11 more ... | { ...; }'.
  Property 'day' does not exist on type '{ readonly variable: true; readonly name: "Lunes de Carnaval"; }'.
src/lib/utils/argentineDateUtils.ts(342,13): error TS2339: Property 'isHoliday' does not exist on type '{ date: string; dayName: string; isWeekend: boolean; }'.
src/lib/utils/argentineDateUtils.ts(347,5): error TS2322: Type '{ date: string; dayName: string; isWeekend: boolean; }[]' is not assignable to type '{ date: string; dayName: string; isWeekend: boolean; isHoliday: boolean; }[]'.
  Property 'isHoliday' is missing in type '{ date: string; dayName: string; isWeekend: boolean; }' but required in type '{ date: string; dayName: string; isWeekend: boolean; isHoliday: boolean; }'.
src/lib/utils/fallbacks.ts(133,5): error TS2322: Type '(ArgentineDayPlan | { almuerzo: ArgentineMeal; cultural: { hasAsado: true; occasion: "asado"; isSpecialDay: boolean; notes?: string | undefined; hasMate: boolean; }; ... 12 more ...; cookingOrder?: string[] | undefined; })[]' is not assignable to type 'ArgentineDayPlan[]'.
  Type 'ArgentineDayPlan | { almuerzo: ArgentineMeal; cultural: { hasAsado: true; occasion: "asado"; isSpecialDay: boolean; notes?: string | undefined; hasMate: boolean; }; ... 12 more ...; cookingOrder?: string[] | undefined; }' is not assignable to type 'ArgentineDayPlan'.
    Type '{ almuerzo: ArgentineMeal; cultural: { hasAsado: true; occasion: "asado"; isSpecialDay: boolean; notes?: string; hasMate: boolean; }; date: string; dayOfWeek: number; dayName: string; ... 9 more ...; cookingOrder?: string[]; }' is not assignable to type 'ArgentineDayPlan'.
      The types of 'cultural.occasion' are incompatible between these types.
        Type '"asado"' is not assignable to type '"domingo" | "feriado" | "cumpleanos" | "dia29" | "fin_de_semana" | undefined'.
src/lib/utils/fallbacks.ts(319,11): error TS2741: Property 'shoppingNeeded' is missing in type '{ date: string; dayOfWeek: number; dayName: string; desayuno: ArgentineMeal; almuerzo: ArgentineMeal; merienda: ArgentineMeal; cena: ArgentineMeal; ... 4 more ...; cookTime: number; }' but required in type 'ArgentineDayPlan'.
src/lib/utils/metrics.ts(114,45): error TS2683: 'this' implicitly has type 'any' because it does not have a type annotation.
src/lib/utils/nutrition.ts(453,5): error TS2322: Type 'NutritionInfo' is not assignable to type '{ calories: number; protein: number; carbs: number; fat: number; fiber: number; }'.
  Types of property 'fiber' are incompatible.
    Type 'number | undefined' is not assignable to type 'number'.
      Type 'undefined' is not assignable to type 'number'.
src/lib/utils/nutrition.ts(454,5): error TS2322: Type 'NutritionInfo' is not assignable to type '{ calories: number; protein: number; carbs: number; fat: number; fiber: number; }'.
  Types of property 'fiber' are incompatible.
    Type 'number | undefined' is not assignable to type 'number'.
      Type 'undefined' is not assignable to type 'number'.
src/lib/utils/performanceMetrics.ts(528,3): error TS2484: Export declaration conflicts with exported declaration of 'PerformanceMetric'.
src/lib/utils/performanceMetrics.ts(529,3): error TS2484: Export declaration conflicts with exported declaration of 'AggregatedMetrics'.
src/lib/utils/performanceMetrics.ts(530,3): error TS2484: Export declaration conflicts with exported declaration of 'PerformanceThresholds'.
src/lib/utils/retryUtils.ts(389,15): error TS2484: Export declaration conflicts with exported declaration of 'RetryOptions'.
src/lib/utils/retryUtils.ts(389,29): error TS2484: Export declaration conflicts with exported declaration of 'RetryResult'.
src/lib/utils/safeJsonUtils.ts(264,51): error TS2339: Property 'errors' does not exist on type 'ZodError<unknown>'.
src/lib/utils/safeJsonUtils.ts(264,62): error TS7006: Parameter 'e' implicitly has an 'any' type.
src/lib/utils/safeJsonUtils.ts(528,15): error TS2484: Export declaration conflicts with exported declaration of 'SafeJsonOptions'.
src/lib/utils/safeJsonUtils.ts(528,32): error TS2484: Export declaration conflicts with exported declaration of 'ParseResult'.
src/lib/validation/client.tsx(120,34): error TS2339: Property 'shape' does not exist on type 'ZodType<T, unknown, $ZodTypeInternals<T, unknown>>'.
src/lib/validation/client.tsx(252,5): error TS2322: Type 'ZodObject<{ title: ZodString; description: ZodOptional<ZodString>; prepTimeMinutes: ZodNumber; cookTimeMinutes: ZodNumber; servings: ZodNumber; ... 7 more ...; nutrition: ZodOptional<...>; }, $strip> | ZodObject<...>' is not assignable to type 'ZodType<{ title: string; prepTimeMinutes: number; cookTimeMinutes: number; servings: number; difficulty: "beginner" | "intermediate" | "advanced"; tags: string[]; isPublic: boolean; ingredients: { ...; }[]; ... 4 more ...; nutrition?: { ...; } | undefined; }, unknown, $ZodTypeInternals<...>>'.
  Type 'ZodObject<{ title: ZodOptional<ZodString>; description: ZodOptional<ZodOptional<ZodString>>; prepTimeMinutes: ZodOptional<ZodNumber>; ... 9 more ...; nutrition: ZodOptional<...>; }, $strip>' is not assignable to type 'ZodType<{ title: string; prepTimeMinutes: number; cookTimeMinutes: number; servings: number; difficulty: "beginner" | "intermediate" | "advanced"; tags: string[]; isPublic: boolean; ingredients: { ...; }[]; ... 4 more ...; nutrition?: { ...; } | undefined; }, unknown, $ZodTypeInternals<...>>'.
    The types of '_output.title' are incompatible between these types.
      Type 'string | undefined' is not assignable to type 'string'.
        Type 'undefined' is not assignable to type 'string'.
src/lib/validation/middleware.ts(64,28): error TS2304: Cannot find name 'getUser'.
src/lib/validation/middleware.ts(65,14): error TS2552: Cannot find name 'session'. Did you mean 'XRSession'?
src/lib/validation/middleware.ts(69,36): error TS2339: Property 'AUTHENTICATION_REQUIRED' does not exist on type '{ readonly AI_SERVICE_UNAVAILABLE: "AI_SERVICE_UNAVAILABLE"; readonly AI_QUOTA_EXCEEDED: "AI_QUOTA_EXCEEDED"; readonly AI_RESPONSE_INVALID: "AI_RESPONSE_INVALID"; readonly AI_TIMEOUT: "AI_TIMEOUT"; ... 20 more ...; readonly RATE_LIMIT_EXCEEDED: "RATE_LIMIT_EXCEEDED"; }'.
src/lib/validation/middleware.ts(112,11): error TS2322: Type 'unknown' is not assignable to type 'TBody | undefined'.
src/lib/validation/middleware.ts(153,17): error TS2339: Property 'statusCode' does not exist on type 'MealPlanningError'.
src/lib/validation/middleware.ts(162,32): error TS2339: Property 'INTERNAL_ERROR' does not exist on type '{ readonly AI_SERVICE_UNAVAILABLE: "AI_SERVICE_UNAVAILABLE"; readonly AI_QUOTA_EXCEEDED: "AI_QUOTA_EXCEEDED"; readonly AI_RESPONSE_INVALID: "AI_RESPONSE_INVALID"; readonly AI_TIMEOUT: "AI_TIMEOUT"; ... 20 more ...; readonly RATE_LIMIT_EXCEEDED: "RATE_LIMIT_EXCEEDED"; }'.
src/lib/validation/middleware.ts(237,30): error TS2339: Property 'AUTHENTICATION_REQUIRED' does not exist on type '{ readonly AI_SERVICE_UNAVAILABLE: "AI_SERVICE_UNAVAILABLE"; readonly AI_QUOTA_EXCEEDED: "AI_QUOTA_EXCEEDED"; readonly AI_RESPONSE_INVALID: "AI_RESPONSE_INVALID"; readonly AI_TIMEOUT: "AI_TIMEOUT"; ... 20 more ...; readonly RATE_LIMIT_EXCEEDED: "RATE_LIMIT_EXCEEDED"; }'.
src/lib/validation/middleware.ts(249,33): error TS2339: Property 'recipe' does not exist on type 'DatabaseService'.
src/lib/validation/middleware.ts(255,33): error TS2339: Property 'mealPlan' does not exist on type 'DatabaseService'.
src/lib/validation/middleware.ts(261,33): error TS2551: Property 'pantryItem' does not exist on type 'DatabaseService'. Did you mean 'addPantryItem'?
src/lib/validation/middleware.ts(273,32): error TS2339: Property 'NOT_FOUND' does not exist on type '{ readonly AI_SERVICE_UNAVAILABLE: "AI_SERVICE_UNAVAILABLE"; readonly AI_QUOTA_EXCEEDED: "AI_QUOTA_EXCEEDED"; readonly AI_RESPONSE_INVALID: "AI_RESPONSE_INVALID"; readonly AI_TIMEOUT: "AI_TIMEOUT"; ... 20 more ...; readonly RATE_LIMIT_EXCEEDED: "RATE_LIMIT_EXCEEDED"; }'.
src/lib/validation/middleware.ts(287,30): error TS2339: Property 'DATABASE_ERROR' does not exist on type '{ readonly AI_SERVICE_UNAVAILABLE: "AI_SERVICE_UNAVAILABLE"; readonly AI_QUOTA_EXCEEDED: "AI_QUOTA_EXCEEDED"; readonly AI_RESPONSE_INVALID: "AI_RESPONSE_INVALID"; readonly AI_TIMEOUT: "AI_TIMEOUT"; ... 20 more ...; readonly RATE_LIMIT_EXCEEDED: "RATE_LIMIT_EXCEEDED"; }'.
src/lib/validation/middleware.ts(288,42): error TS18046: 'error' is of type 'unknown'.
src/lib/validation/middleware.ts(309,34): error TS2339: Property 'FORBIDDEN' does not exist on type '{ readonly AI_SERVICE_UNAVAILABLE: "AI_SERVICE_UNAVAILABLE"; readonly AI_QUOTA_EXCEEDED: "AI_QUOTA_EXCEEDED"; readonly AI_RESPONSE_INVALID: "AI_RESPONSE_INVALID"; readonly AI_TIMEOUT: "AI_TIMEOUT"; ... 20 more ...; readonly RATE_LIMIT_EXCEEDED: "RATE_LIMIT_EXCEEDED"; }'.
src/lib/validation/middleware.ts(359,60): error TS2339: Property 'ip' does not exist on type 'NextRequest'.
src/lib/voice/spanishVoiceParser.ts(501,7): error TS18048: 'input.quantity' is possibly 'undefined'.
src/providers/AnalyticsProvider.tsx(146,13): error TS2353: Object literal may only specify known properties, and 'timestamp' does not exist in type 'FeatureUsageData'.
src/providers/SupabaseAuthProvider.tsx(102,48): error TS7031: Binding element 'session' implicitly has an 'any' type.
src/providers/SupabaseAuthProvider.tsx(122,79): error TS7006: Parameter 'event' implicitly has an 'any' type.
src/providers/SupabaseAuthProvider.tsx(122,86): error TS7006: Parameter 'session' implicitly has an 'any' type.
src/services/agents/AgentOrchestrator.ts(7,29): error TS2307: Cannot find module '../../../agents/system/AgentSystem' or its corresponding type declarations.
src/services/agents/AgentOrchestrator.ts(8,27): error TS2307: Cannot find module '../../../agents/specialists/ChefAgent' or its corresponding type declarations.
src/services/agents/AgentOrchestrator.ts(9,30): error TS2307: Cannot find module '../../../agents/specialists/PlannerAgent' or its corresponding type declarations.
src/services/agents/AgentOrchestrator.ts(10,35): error TS2307: Cannot find module '../../../agents/system/OrchestratorAgent' or its corresponding type declarations.
src/services/agents/AgentOrchestrator.ts(11,71): error TS2307: Cannot find module '../../../agents/types' or its corresponding type declarations.
src/services/agents/AgentOrchestrator.ts(12,56): error TS2307: Cannot find module '@/types' or its corresponding type declarations.
src/services/agents/AgentOrchestrator.ts(131,45): error TS2339: Property 'optimizePantryUsage' does not exist on type 'AgentOrchestrator'.
src/services/agents/AgentOrchestrator.ts(163,18): error TS2339: Property 'saveToUserContext' does not exist on type 'AgentOrchestrator'.
src/services/agents/AgentOrchestrator.ts(186,42): error TS2339: Property 'enrichRecipeRequest' does not exist on type 'AgentOrchestrator'.
src/services/agents/AgentOrchestrator.ts(192,44): error TS2339: Property 'analyzeRecipeNutrition' does not exist on type 'AgentOrchestrator'.
src/services/agents/AgentOrchestrator.ts(195,39): error TS2339: Property 'suggestRecipeImprovements' does not exist on type 'AgentOrchestrator'.
src/services/agents/AgentOrchestrator.ts(198,37): error TS2339: Property 'generateIntelligentVariations' does not exist on type 'AgentOrchestrator'.
src/services/agents/AgentOrchestrator.ts(206,36): error TS2339: Property 'calculateSustainabilityScore' does not exist on type 'AgentOrchestrator'.
src/services/agents/AgentOrchestrator.ts(215,18): error TS2339: Property 'learnFromRecipeGeneration' does not exist on type 'AgentOrchestrator'.
src/services/agents/AgentOrchestrator.ts(234,43): error TS2339: Property 'getPantryInventory' does not exist on type 'AgentOrchestrator'.
src/services/agents/AgentOrchestrator.ts(237,48): error TS2339: Property 'predictConsumptionPatterns' does not exist on type 'AgentOrchestrator'.
src/services/agents/AgentOrchestrator.ts(240,37): error TS2339: Property 'identifyWasteRisks' does not exist on type 'AgentOrchestrator'.
src/services/agents/AgentOrchestrator.ts(243,47): error TS2339: Property 'generateUsageRecommendations' does not exist on type 'AgentOrchestrator'.
src/services/agents/AgentOrchestrator.ts(250,50): error TS2339: Property 'generateShoppingRecommendations' does not exist on type 'AgentOrchestrator'.
src/services/agents/AgentOrchestrator.ts(262,32): error TS2339: Property 'calculatePotentialSavings' does not exist on type 'AgentOrchestrator'.
src/services/agents/AgentOrchestrator.ts(263,36): error TS2339: Property 'calculateSustainabilityImpact' does not exist on type 'AgentOrchestrator'.
src/services/agents/AgentOrchestrator.ts(270,20): error TS2339: Property 'executeAutonomousPantryActions' does not exist on type 'AgentOrchestrator'.
src/services/agents/AgentOrchestrator.ts(290,10): error TS2339: Property 'scheduleWasteAnalysis' does not exist on type 'AgentOrchestrator'.
src/services/agents/AgentOrchestrator.ts(293,10): error TS2339: Property 'scheduleInsightsGeneration' does not exist on type 'AgentOrchestrator'.
src/services/agents/AgentOrchestrator.ts(296,10): error TS2339: Property 'scheduleShoppingOptimization' does not exist on type 'AgentOrchestrator'.
src/services/agents/AgentOrchestrator.ts(316,38): error TS2339: Property 'getActiveUsers' does not exist on type 'AgentOrchestrator'.
src/services/agents/AgentOrchestrator.ts(323,37): error TS2339: Property 'getUserPreferences' does not exist on type 'AgentOrchestrator'.
src/services/agents/AgentOrchestrator.ts(324,37): error TS2339: Property 'getUserConstraints' does not exist on type 'AgentOrchestrator'.
src/services/agents/AgentOrchestrator.ts(332,22): error TS2339: Property 'sendWeeklyOptimizationNotification' does not exist on type 'AgentOrchestrator'.
src/services/agents/AgentOrchestrator.ts(354,36): error TS2339: Property 'getUserPreferences' does not exist on type 'AgentOrchestrator'.
src/services/agents/AgentOrchestrator.ts(355,32): error TS2339: Property 'getUserHistory' does not exist on type 'AgentOrchestrator'.
src/services/agents/AgentOrchestrator.ts(356,33): error TS2339: Property 'analyzeUserPatterns' does not exist on type 'AgentOrchestrator'.
src/services/agents/AgentOrchestrator.ts(362,28): error TS2339: Property 'generateUserInsights' does not exist on type 'AgentOrchestrator'.
src/services/agents/AgentOrchestrator.ts(363,35): error TS2339: Property 'generateContextualRecommendations' does not exist on type 'AgentOrchestrator'.
src/services/agents/AgentOrchestrator.ts(389,42): error TS2339: Property 'loadRecentConversationHistory' does not exist on type 'AgentOrchestrator'.
src/services/ai/__tests__/UnifiedAIService.test.ts(51,15): error TS2673: Constructor of class 'UnifiedAIService' is private and only accessible within the class declaration.
src/services/ai/__tests__/UnifiedAIService.test.ts(56,26): error TS2339: Property 'isAvailable' does not exist on type 'Mocked<GeminiProvider>'.
src/services/ai/__tests__/UnifiedAIService.test.ts(57,26): error TS2551: Property 'generateContent' does not exist on type 'Mocked<GeminiProvider>'. Did you mean 'generateText'?
src/services/ai/__tests__/UnifiedAIService.test.ts(59,36): error TS2551: Property 'generateContent' does not exist on type 'UnifiedAIService'. Did you mean 'generateText'?
src/services/ai/__tests__/UnifiedAIService.test.ts(62,33): error TS2551: Property 'generateContent' does not exist on type 'Mocked<GeminiProvider>'. Did you mean 'generateText'?
src/services/ai/__tests__/UnifiedAIService.test.ts(63,36): error TS2551: Property 'generateContent' does not exist on type 'Mocked<AnthropicProvider>'. Did you mean 'generateText'?
src/services/ai/__tests__/UnifiedAIService.test.ts(64,33): error TS2551: Property 'generateContent' does not exist on type 'Mocked<OpenAIProvider>'. Did you mean 'generateText'?
src/services/ai/__tests__/UnifiedAIService.test.ts(68,26): error TS2339: Property 'isAvailable' does not exist on type 'Mocked<GeminiProvider>'.
src/services/ai/__tests__/UnifiedAIService.test.ts(69,29): error TS2339: Property 'isAvailable' does not exist on type 'Mocked<AnthropicProvider>'.
src/services/ai/__tests__/UnifiedAIService.test.ts(70,29): error TS2551: Property 'generateContent' does not exist on type 'Mocked<AnthropicProvider>'. Did you mean 'generateText'?
src/services/ai/__tests__/UnifiedAIService.test.ts(72,36): error TS2551: Property 'generateContent' does not exist on type 'UnifiedAIService'. Did you mean 'generateText'?
src/services/ai/__tests__/UnifiedAIService.test.ts(75,33): error TS2551: Property 'generateContent' does not exist on type 'Mocked<GeminiProvider>'. Did you mean 'generateText'?
src/services/ai/__tests__/UnifiedAIService.test.ts(76,36): error TS2551: Property 'generateContent' does not exist on type 'Mocked<AnthropicProvider>'. Did you mean 'generateText'?
src/services/ai/__tests__/UnifiedAIService.test.ts(80,26): error TS2339: Property 'isAvailable' does not exist on type 'Mocked<GeminiProvider>'.
src/services/ai/__tests__/UnifiedAIService.test.ts(81,29): error TS2339: Property 'isAvailable' does not exist on type 'Mocked<AnthropicProvider>'.
src/services/ai/__tests__/UnifiedAIService.test.ts(82,26): error TS2339: Property 'isAvailable' does not exist on type 'Mocked<OpenAIProvider>'.
src/services/ai/__tests__/UnifiedAIService.test.ts(83,26): error TS2551: Property 'generateContent' does not exist on type 'Mocked<OpenAIProvider>'. Did you mean 'generateText'?
src/services/ai/__tests__/UnifiedAIService.test.ts(85,36): error TS2551: Property 'generateContent' does not exist on type 'UnifiedAIService'. Did you mean 'generateText'?
src/services/ai/__tests__/UnifiedAIService.test.ts(88,33): error TS2551: Property 'generateContent' does not exist on type 'Mocked<GeminiProvider>'. Did you mean 'generateText'?
src/services/ai/__tests__/UnifiedAIService.test.ts(89,36): error TS2551: Property 'generateContent' does not exist on type 'Mocked<AnthropicProvider>'. Did you mean 'generateText'?
src/services/ai/__tests__/UnifiedAIService.test.ts(90,33): error TS2551: Property 'generateContent' does not exist on type 'Mocked<OpenAIProvider>'. Did you mean 'generateText'?
src/services/ai/__tests__/UnifiedAIService.test.ts(94,26): error TS2339: Property 'isAvailable' does not exist on type 'Mocked<GeminiProvider>'.
src/services/ai/__tests__/UnifiedAIService.test.ts(95,29): error TS2339: Property 'isAvailable' does not exist on type 'Mocked<AnthropicProvider>'.
src/services/ai/__tests__/UnifiedAIService.test.ts(96,26): error TS2339: Property 'isAvailable' does not exist on type 'Mocked<OpenAIProvider>'.
src/services/ai/__tests__/UnifiedAIService.test.ts(98,28): error TS2551: Property 'generateContent' does not exist on type 'UnifiedAIService'. Did you mean 'generateText'?
src/services/ai/__tests__/UnifiedAIService.test.ts(104,26): error TS2339: Property 'isAvailable' does not exist on type 'Mocked<GeminiProvider>'.
src/services/ai/__tests__/UnifiedAIService.test.ts(105,26): error TS2551: Property 'generateContent' does not exist on type 'Mocked<GeminiProvider>'. Did you mean 'generateText'?
src/services/ai/__tests__/UnifiedAIService.test.ts(106,29): error TS2339: Property 'isAvailable' does not exist on type 'Mocked<AnthropicProvider>'.
src/services/ai/__tests__/UnifiedAIService.test.ts(107,29): error TS2551: Property 'generateContent' does not exist on type 'Mocked<AnthropicProvider>'. Did you mean 'generateText'?
src/services/ai/__tests__/UnifiedAIService.test.ts(109,36): error TS2551: Property 'generateContent' does not exist on type 'UnifiedAIService'. Did you mean 'generateText'?
src/services/ai/__tests__/UnifiedAIService.test.ts(112,33): error TS2551: Property 'generateContent' does not exist on type 'Mocked<GeminiProvider>'. Did you mean 'generateText'?
src/services/ai/__tests__/UnifiedAIService.test.ts(113,36): error TS2551: Property 'generateContent' does not exist on type 'Mocked<AnthropicProvider>'. Did you mean 'generateText'?
src/services/ai/__tests__/UnifiedAIService.test.ts(119,26): error TS2339: Property 'isAvailable' does not exist on type 'Mocked<GeminiProvider>'.
src/services/ai/__tests__/UnifiedAIService.test.ts(130,26): error TS2551: Property 'generateContent' does not exist on type 'Mocked<GeminiProvider>'. Did you mean 'generateText'?
src/services/ai/__tests__/UnifiedAIService.test.ts(141,53): error TS2345: Argument of type '{ cultural: { region: "pampa"; traditionLevel: "alta"; mateFrequency: "diario"; asadoFrequency: "semanal"; }; }' is not assignable to parameter of type 'MealPlanRequest'.
  Type '{ cultural: { region: "pampa"; traditionLevel: "alta"; mateFrequency: "diario"; asadoFrequency: "semanal"; }; }' is missing the following properties from type 'MealPlanRequest': days, peopleCount, preferences, pantryItems
src/services/ai/__tests__/UnifiedAIService.test.ts(144,33): error TS2551: Property 'generateContent' does not exist on type 'Mocked<GeminiProvider>'. Did you mean 'generateText'?
src/services/ai/__tests__/UnifiedAIService.test.ts(158,26): error TS2551: Property 'generateContent' does not exist on type 'Mocked<GeminiProvider>'. Did you mean 'generateText'?
src/services/ai/__tests__/UnifiedAIService.test.ts(171,36): error TS2551: Property 'generateShoppingList' does not exist on type 'UnifiedAIService'. Did you mean 'generateShoppingTips'?
src/services/ai/__tests__/UnifiedAIService.test.ts(174,33): error TS2551: Property 'generateContent' does not exist on type 'Mocked<GeminiProvider>'. Did you mean 'generateText'?
src/services/ai/__tests__/UnifiedAIService.test.ts(189,26): error TS2551: Property 'generateContent' does not exist on type 'Mocked<GeminiProvider>'. Did you mean 'generateText'?
src/services/ai/__tests__/UnifiedAIService.test.ts(199,33): error TS2551: Property 'generateContent' does not exist on type 'Mocked<GeminiProvider>'. Did you mean 'generateText'?
src/services/ai/__tests__/UnifiedAIService.test.ts(211,26): error TS2339: Property 'analyze' does not exist on type 'Mocked<GeminiProvider>'.
src/services/ai/__tests__/UnifiedAIService.test.ts(225,33): error TS2339: Property 'analyze' does not exist on type 'Mocked<GeminiProvider>'.
src/services/ai/__tests__/UnifiedAIService.test.ts(234,26): error TS2339: Property 'isAvailable' does not exist on type 'Mocked<GeminiProvider>'.
src/services/ai/__tests__/UnifiedAIService.test.ts(236,9): error TS2353: Object literal may only specify known properties, and 'ingredients' does not exist in type 'AITextResponse | Promise<AITextResponse>'.
src/services/ai/__tests__/UnifiedAIService.test.ts(240,36): error TS2551: Property 'analyzeRecipeImage' does not exist on type 'UnifiedAIService'. Did you mean 'analyzeImage'?
src/services/ai/__tests__/UnifiedAIService.test.ts(250,26): error TS2339: Property 'isAvailable' does not exist on type 'Mocked<GeminiProvider>'.
src/services/ai/__tests__/UnifiedAIService.test.ts(252,29): error TS2339: Property 'isAvailable' does not exist on type 'Mocked<AnthropicProvider>'.
src/services/ai/__tests__/UnifiedAIService.test.ts(253,29): error TS2551: Property 'generateContent' does not exist on type 'Mocked<AnthropicProvider>'. Did you mean 'generateText'?
src/services/ai/__tests__/UnifiedAIService.test.ts(255,36): error TS2551: Property 'analyzeRecipeImage' does not exist on type 'UnifiedAIService'. Did you mean 'analyzeImage'?
src/services/ai/__tests__/UnifiedAIService.test.ts(264,26): error TS2339: Property 'isAvailable' does not exist on type 'Mocked<GeminiProvider>'.
src/services/ai/__tests__/UnifiedAIService.test.ts(265,26): error TS2551: Property 'streamContent' does not exist on type 'Mocked<GeminiProvider>'. Did you mean 'streamText'?
src/services/ai/__tests__/UnifiedAIService.test.ts(267,36): error TS2551: Property 'streamContent' does not exist on type 'UnifiedAIService'. Did you mean 'streamText'?
src/services/ai/__tests__/UnifiedAIService.test.ts(270,33): error TS2551: Property 'streamContent' does not exist on type 'Mocked<GeminiProvider>'. Did you mean 'streamText'?
src/services/ai/__tests__/UnifiedAIService.test.ts(274,26): error TS2339: Property 'isAvailable' does not exist on type 'Mocked<GeminiProvider>'.
src/services/ai/__tests__/UnifiedAIService.test.ts(275,26): error TS2551: Property 'streamContent' does not exist on type 'Mocked<GeminiProvider>'. Did you mean 'streamText'?
src/services/ai/__tests__/UnifiedAIService.test.ts(276,29): error TS2339: Property 'isAvailable' does not exist on type 'Mocked<AnthropicProvider>'.
src/services/ai/__tests__/UnifiedAIService.test.ts(277,29): error TS2551: Property 'streamContent' does not exist on type 'Mocked<AnthropicProvider>'. Did you mean 'streamText'?
src/services/ai/__tests__/UnifiedAIService.test.ts(279,36): error TS2551: Property 'streamContent' does not exist on type 'UnifiedAIService'. Did you mean 'streamText'?
src/services/ai/__tests__/UnifiedAIService.test.ts(282,33): error TS2551: Property 'streamContent' does not exist on type 'Mocked<GeminiProvider>'. Did you mean 'streamText'?
src/services/ai/__tests__/UnifiedAIService.test.ts(283,36): error TS2551: Property 'streamContent' does not exist on type 'Mocked<AnthropicProvider>'. Did you mean 'streamText'?
src/services/ai/__tests__/UnifiedAIService.test.ts(289,26): error TS2339: Property 'isAvailable' does not exist on type 'Mocked<GeminiProvider>'.
src/services/ai/__tests__/UnifiedAIService.test.ts(290,26): error TS2551: Property 'generateContent' does not exist on type 'Mocked<GeminiProvider>'. Did you mean 'generateText'?
src/services/ai/__tests__/UnifiedAIService.test.ts(293,37): error TS2551: Property 'generateContent' does not exist on type 'UnifiedAIService'. Did you mean 'generateText'?
src/services/ai/__tests__/UnifiedAIService.test.ts(297,37): error TS2551: Property 'generateContent' does not exist on type 'UnifiedAIService'. Did you mean 'generateText'?
src/services/ai/__tests__/UnifiedAIService.test.ts(301,33): error TS2551: Property 'generateContent' does not exist on type 'Mocked<GeminiProvider>'. Did you mean 'generateText'?
src/services/ai/__tests__/UnifiedAIService.test.ts(305,26): error TS2339: Property 'isAvailable' does not exist on type 'Mocked<GeminiProvider>'.
src/services/ai/__tests__/UnifiedAIService.test.ts(306,26): error TS2551: Property 'generateContent' does not exist on type 'Mocked<GeminiProvider>'. Did you mean 'generateText'?
src/services/ai/__tests__/UnifiedAIService.test.ts(307,29): error TS2339: Property 'isAvailable' does not exist on type 'Mocked<AnthropicProvider>'.
src/services/ai/__tests__/UnifiedAIService.test.ts(308,29): error TS2551: Property 'generateContent' does not exist on type 'Mocked<AnthropicProvider>'. Did you mean 'generateText'?
src/services/ai/__tests__/UnifiedAIService.test.ts(310,36): error TS2551: Property 'generateContent' does not exist on type 'UnifiedAIService'. Did you mean 'generateText'?
src/services/ai/__tests__/UnifiedAIService.test.ts(313,33): error TS2551: Property 'generateContent' does not exist on type 'Mocked<GeminiProvider>'. Did you mean 'generateText'?
src/services/ai/__tests__/UnifiedAIService.test.ts(314,36): error TS2551: Property 'generateContent' does not exist on type 'Mocked<AnthropicProvider>'. Did you mean 'generateText'?
src/services/ai/__tests__/UnifiedAIService.test.ts(320,26): error TS2339: Property 'isAvailable' does not exist on type 'Mocked<GeminiProvider>'.
src/services/ai/__tests__/UnifiedAIService.test.ts(321,26): error TS2551: Property 'generateContent' does not exist on type 'Mocked<GeminiProvider>'. Did you mean 'generateText'?
src/services/ai/__tests__/UnifiedAIService.test.ts(326,36): error TS2551: Property 'generateContent' does not exist on type 'UnifiedAIService'. Did you mean 'generateText'?
src/services/ai/__tests__/UnifiedAIService.test.ts(329,33): error TS2551: Property 'generateContent' does not exist on type 'Mocked<GeminiProvider>'. Did you mean 'generateText'?
src/services/ai/__tests__/UnifiedAIService.test.ts(333,26): error TS2339: Property 'isAvailable' does not exist on type 'Mocked<GeminiProvider>'.
src/services/ai/__tests__/UnifiedAIService.test.ts(334,26): error TS2551: Property 'generateContent' does not exist on type 'Mocked<GeminiProvider>'. Did you mean 'generateText'?
src/services/ai/__tests__/UnifiedAIService.test.ts(335,29): error TS2339: Property 'isAvailable' does not exist on type 'Mocked<AnthropicProvider>'.
src/services/ai/__tests__/UnifiedAIService.test.ts(336,26): error TS2339: Property 'isAvailable' does not exist on type 'Mocked<OpenAIProvider>'.
src/services/ai/__tests__/UnifiedAIService.test.ts(338,28): error TS2551: Property 'generateContent' does not exist on type 'UnifiedAIService'. Did you mean 'generateText'?
src/services/ai/__tests__/UnifiedAIService.test.ts(344,26): error TS2339: Property 'isAvailable' does not exist on type 'Mocked<GeminiProvider>'.
src/services/ai/__tests__/UnifiedAIService.test.ts(345,26): error TS2551: Property 'generateContent' does not exist on type 'Mocked<GeminiProvider>'. Did you mean 'generateText'?
src/services/ai/__tests__/UnifiedAIService.test.ts(347,21): error TS2551: Property 'generateContent' does not exist on type 'UnifiedAIService'. Did you mean 'generateText'?
src/services/ai/__tests__/UnifiedAIService.test.ts(349,31): error TS2339: Property 'getPerformanceMetrics' does not exist on type 'UnifiedAIService'.
src/services/ai/__tests__/UnifiedAIService.test.ts(357,29): error TS2673: Constructor of class 'UnifiedAIService' is private and only accessible within the class declaration.
src/services/ai/__tests__/UnifiedAIService.test.ts(367,26): error TS2339: Property 'isAvailable' does not exist on type 'Mocked<GeminiProvider>'.
src/services/ai/__tests__/UnifiedAIService.test.ts(368,26): error TS2551: Property 'generateContent' does not exist on type 'Mocked<GeminiProvider>'. Did you mean 'generateText'?
src/services/ai/__tests__/UnifiedAIService.test.ts(374,28): error TS2551: Property 'generateContent' does not exist on type 'UnifiedAIService'. Did you mean 'generateText'?
src/services/ai/__tests__/UnifiedAIService.test.ts(378,26): error TS2339: Property 'isAvailable' does not exist on type 'Mocked<GeminiProvider>'.
src/services/ai/__tests__/UnifiedAIService.test.ts(379,26): error TS2551: Property 'generateContent' does not exist on type 'Mocked<GeminiProvider>'. Did you mean 'generateText'?
src/services/ai/__tests__/UnifiedAIService.test.ts(387,21): error TS2551: Property 'generateContent' does not exist on type 'UnifiedAIService'. Did you mean 'generateText'?
src/services/ai/__tests__/UnifiedAIService.test.ts(389,33): error TS2551: Property 'generateContent' does not exist on type 'Mocked<GeminiProvider>'. Did you mean 'generateText'?
src/services/ai/hooks/useMealPlanning.ts(150,20): error TS2345: Argument of type '{ id: string; aiGenerated: boolean; startDate: Date; endDate: Date; meals: PlannedMeal[]; shoppingList: ShoppingRecommendation[]; estimatedCost: number; nutritionSummary: NutritionInfo; }' is not assignable to parameter of type 'SetStateAction<GeneratedMealPlan | null>'.
  Type '{ id: string; aiGenerated: boolean; startDate: Date; endDate: Date; meals: PlannedMeal[]; shoppingList: ShoppingRecommendation[]; estimatedCost: number; nutritionSummary: NutritionInfo; }' is not assignable to type 'GeneratedMealPlan'.
    Types of property 'aiGenerated' are incompatible.
      Type 'boolean' is not assignable to type 'true'.
src/services/ai/hooks/useMealPlanning.ts(151,5): error TS2322: Type '{ id: string; aiGenerated: boolean; startDate: Date; endDate: Date; meals: PlannedMeal[]; shoppingList: ShoppingRecommendation[]; estimatedCost: number; nutritionSummary: NutritionInfo; }' is not assignable to type 'GeneratedMealPlan'.
  Types of property 'aiGenerated' are incompatible.
    Type 'boolean' is not assignable to type 'true'.
src/services/ai/providers/AnthropicProvider.ts(23,14): error TS2515: Non-abstract class 'AnthropicProvider' does not implement inherited abstract member generateImage from class 'AIProviderInterface'.
src/services/ai/providers/AnthropicProvider.ts(217,44): error TS2339: Property 'arrayBuffer' does not exist on type 'Buffer<ArrayBufferLike> | Blob'.
  Property 'arrayBuffer' does not exist on type 'Buffer<ArrayBufferLike>'.
src/services/ai/providers/AnthropicProvider.ts(219,34): error TS2339: Property 'type' does not exist on type 'Buffer<ArrayBufferLike> | Blob'.
  Property 'type' does not exist on type 'Buffer<ArrayBufferLike>'.
src/services/ai/providers/GeminiProvider.ts(30,7): error TS2322: Type 'null' is not assignable to type 'GoogleGenerativeAI'.
src/services/ai/providers/GeminiProvider.ts(198,14): error TS2304: Cannot find name 'AIImageGenerationRequest'.
src/services/ai/providers/GeminiProvider.ts(200,14): error TS2304: Cannot find name 'AIImageGenerationResponse'.
src/services/ai/providers/GeminiProvider.ts(251,44): error TS2339: Property 'arrayBuffer' does not exist on type 'Buffer<ArrayBufferLike> | Blob'.
  Property 'arrayBuffer' does not exist on type 'Buffer<ArrayBufferLike>'.
src/services/ai/providers/GeminiProvider.ts(255,37): error TS2339: Property 'type' does not exist on type 'Buffer<ArrayBufferLike> | Blob'.
  Property 'type' does not exist on type 'Buffer<ArrayBufferLike>'.
src/services/ai/providers/MockAIProvider.ts(13,5): error TS2416: Property 'name' in type 'MockAIProvider' is not assignable to the same property in base type 'AIProviderInterface'.
  Type 'string' is not assignable to type 'AIProvider'.
src/services/ai/providers/MockAIProvider.ts(59,13): error TS2322: Type '"mock"' is not assignable to type 'AIProvider'.
src/services/ai/providers/MockAIProvider.ts(60,13): error TS2322: Type '"mock-model"' is not assignable to type 'AIModel'.
src/services/ai/providers/MockAIProvider.ts(77,13): error TS2322: Type '"mock"' is not assignable to type 'AIProvider'.
src/services/ai/providers/MockAIProvider.ts(78,13): error TS2322: Type '"mock-model"' is not assignable to type 'AIModel'.
src/services/ai/providers/MockAIProvider.ts(85,13): error TS2322: Type '"mock"' is not assignable to type 'AIProvider'.
src/services/ai/providers/MockAIProvider.ts(86,13): error TS2322: Type '"mock-model"' is not assignable to type 'AIModel'.
src/services/ai/providers/OpenAIProvider.ts(196,14): error TS2304: Cannot find name 'AIImageGenerationRequest'.
src/services/ai/providers/OpenAIProvider.ts(198,14): error TS2304: Cannot find name 'AIImageGenerationResponse'.
src/services/ai/providers/OpenAIProvider.ts(256,44): error TS2339: Property 'arrayBuffer' does not exist on type 'Buffer<ArrayBufferLike> | Blob'.
  Property 'arrayBuffer' does not exist on type 'Buffer<ArrayBufferLike>'.
src/services/ai/providers/OpenAIProvider.ts(258,42): error TS2339: Property 'type' does not exist on type 'Buffer<ArrayBufferLike> | Blob'.
  Property 'type' does not exist on type 'Buffer<ArrayBufferLike>'.
src/services/ai/UnifiedAIService.ts(42,7): error TS2322: Type 'string' is not assignable to type 'AIModel'.
src/services/ai/UnifiedAIService.ts(67,39): error TS2345: Argument of type 'MockAIProvider' is not assignable to parameter of type 'AIProviderInterface'.
  Type 'MockAIProvider' is missing the following properties from type 'AIProviderInterface': config, generateImage, buildMessages, retry
src/services/ai/UnifiedAIService.ts(77,55): error TS2345: Argument of type '{ useProxy: true; }' is not assignable to parameter of type 'OpenAIConfig & { useProxy?: boolean | undefined; }'.
  Property 'apiKey' is missing in type '{ useProxy: true; }' but required in type 'OpenAIConfig'.
src/services/ai/UnifiedAIService.ts(78,61): error TS2345: Argument of type '{ useProxy: true; }' is not assignable to parameter of type 'AnthropicConfig & { useProxy?: boolean | undefined; }'.
  Property 'apiKey' is missing in type '{ useProxy: true; }' but required in type 'AnthropicConfig'.
src/services/ai/UnifiedAIService.ts(755,11): error TS2345: Argument of type '"PROXY_ERROR"' is not assignable to parameter of type 'AIErrorCode'.
src/services/ai/UnifiedAIService.ts(763,34): error TS2345: Argument of type '{ prompt: string; ingredients?: string[] | undefined; dietaryRestrictions?: string[] | undefined; cuisine?: string | undefined; mealType?: string | undefined; servings?: number | undefined; maxPrepTime?: number | undefined; provider?: "gemini" | ... 2 more ... | undefined; }' is not assignable to parameter of type 'AIRecipeRequest'.
  Types of property 'mealType' are incompatible.
    Type 'string | undefined' is not assignable to type 'MealType | undefined'.
      Type 'string' is not assignable to type 'MealType | undefined'.
src/services/ai/UnifiedAIService.ts(784,31): error TS2339: Property 'systemPrompt' does not exist on type 'Partial<AIServiceConfig>'.
src/services/ai/UnifiedAIService.ts(809,31): error TS2339: Property 'systemPrompt' does not exist on type 'Partial<AIServiceConfig>'.
src/services/ai/UnifiedAIService.ts(842,9): error TS2322: Type '"general"' is not assignable to type '"ocr" | "description" | "analysis" | "custom" | undefined'.
src/services/analytics/__tests__/AnalyticsService.test.ts(385,9): error TS2322: Type '"network"' is not assignable to type '"error" | "unhandledRejection" | "resource" | "console"'.
src/services/analytics/AnalyticsService.ts(616,31): error TS2339: Property 'processingStart' does not exist on type 'PerformanceEntry'.
src/services/analytics/providers/PostHogProvider.ts(325,22): error TS2551: Property 'isSessionRecordingEnabled' does not exist on type 'PostHog'. Did you mean 'sessionRecordingStarted'?
src/services/analytics/providers/PostHogProvider.ts(340,17): error TS2551: Property 'feature_flags' does not exist on type 'PostHog'. Did you mean 'featureFlags'?
src/services/analytics/providers/PostHogProvider.ts(368,7): error TS2322: Type 'boolean | undefined' is not assignable to type 'boolean'.
  Type 'undefined' is not assignable to type 'boolean'.
src/services/core/HolisticSystem.ts(88,23): error TS18047: 'mealPlan' is possibly 'null'.
src/services/error/__tests__/ProfileErrorHandler.test.ts(668,19): error TS2540: Cannot assign to 'NODE_ENV' because it is a read-only property.
src/services/error/__tests__/ProfileErrorHandler.test.ts(677,19): error TS2540: Cannot assign to 'NODE_ENV' because it is a read-only property.
src/services/error/__tests__/ProfileErrorHandler.test.ts(699,19): error TS2540: Cannot assign to 'NODE_ENV' because it is a read-only property.
src/services/error/__tests__/ProfileErrorHandler.test.ts(713,19): error TS2540: Cannot assign to 'NODE_ENV' because it is a read-only property.
src/services/holisticRecipeGenerator.ts(169,9): error TS2739: Type '{ startDate: Date; endDate: Date; mealTypes: ("breakfast" | "lunch" | "dinner")[]; servings: number; maxPrepTime: number; budgetLimit: undefined; }' is missing the following properties from type '{ startDate: Date; endDate: Date; maxPrepTime: number; pantryItems: string[]; excludeRecipes: string[]; mealTypes: ("breakfast" | "lunch" | "snack" | "dinner")[]; servings: number; preferredShoppingDays: number[]; maxShoppingTrips: number; budgetLimit?: number | undefined; }': pantryItems, excludeRecipes, preferredShoppingDays, maxShoppingTrips
src/services/holisticRecipeGenerator.ts(347,84): error TS2339: Property 'ingredients' does not exist on type '{ id: string; title: string; description: string; reasoning: string; ingredients: { name: string; quantity: number; unit: string; alternatives?: string[] | undefined; nutritionalHighlight?: string | undefined; }[]; ... 4 more ...; pairings: { ...; }; } | undefined'.
src/services/holisticRecipeGenerator.ts(360,86): error TS2339: Property 'instructions' does not exist on type '{ id: string; title: string; description: string; reasoning: string; ingredients: { name: string; quantity: number; unit: string; alternatives?: string[] | undefined; nutritionalHighlight?: string | undefined; }[]; ... 4 more ...; pairings: { ...; }; } | undefined'.
src/services/meal-planning/MealPlanGenerator.ts(4,10): error TS2305: Module '"@/types/profile"' has no exported member 'ProfileData'.
src/services/meal-planning/MealPlanGenerator.ts(5,24): error TS2307: Cannot find module '@/types/recipe' or its corresponding type declarations.
src/services/meal-planning/MealPlanGenerator.ts(288,14): error TS7053: Element implicitly has an 'any' type because expression of type 'string' can't be used to index type '{ breakfast: number; lunch: number; snack: number; dinner: number; }'.
  No index signature with a parameter of type 'string' was found on type '{ breakfast: number; lunch: number; snack: number; dinner: number; }'.
src/services/meal-planning/MealPlanGenerator.ts(292,26): error TS7053: Element implicitly has an 'any' type because expression of type 'string' can't be used to index type '{ breakfast: number; lunch: number; snack: number; dinner: number; }'.
  No index signature with a parameter of type 'string' was found on type '{ breakfast: number; lunch: number; snack: number; dinner: number; }'.
src/services/meal-planning/MealPlanGenerator.ts(338,39): error TS7006: Parameter 'recipe' implicitly has an 'any' type.
src/services/meal-planning/MealPlanGenerator.ts(344,25): error TS7006: Parameter 'a' implicitly has an 'any' type.
src/services/meal-planning/MealPlanGenerator.ts(344,28): error TS7006: Parameter 'b' implicitly has an 'any' type.
src/services/meal-planning/MealPlanGenerator.ts(433,49): error TS2339: Property 'generateRecipe' does not exist on type 'GeminiService'.
src/services/meal-planning/MealPlanGenerator.ts(465,54): error TS2345: Argument of type 'unknown' is not assignable to parameter of type 'string | undefined'.
src/services/meal-planning/MealPlanGenerator.ts(472,54): error TS2345: Argument of type 'unknown' is not assignable to parameter of type 'string | undefined'.
src/services/meal-planning/MealPlanGenerator.ts(738,12): error TS7053: Element implicitly has an 'any' type because expression of type 'string' can't be used to index type '{ breakfast: { name: string; description: string; ingredients: { name: string; amount: number; unit: string; }[]; instructions: string[]; prepTime: number; cookTime: number; servings: number; nutritionalInfo: any; tags: string[]; mealType: string; }; lunch: { ...; }; snack: { ...; }; dinner: { ...; }; }'.
  No index signature with a parameter of type 'string' was found on type '{ breakfast: { name: string; description: string; ingredients: { name: string; amount: number; unit: string; }[]; instructions: string[]; prepTime: number; cookTime: number; servings: number; nutritionalInfo: any; tags: string[]; mealType: string; }; lunch: { ...; }; snack: { ...; }; dinner: { ...; }; }'.
src/services/meal-planning/MealPlanGenerator.ts(756,19): error TS7006: Parameter 'item' implicitly has an 'any' type.
src/services/notifications/NotificationManager.ts(269,11): error TS7053: Element implicitly has an 'any' type because expression of type 'NotificationType' can't be used to index type '{ success: string; error: string; warning: string; info: string; default: string; }'.
  Property 'reminder' does not exist on type '{ success: string; error: string; warning: string; info: string; default: string; }'.
src/services/pantry/PantryManager.ts(147,25): error TS7006: Parameter 'item' implicitly has an 'any' type.
src/services/pantry/test-pantry-prices.ts(17,39): error TS2339: Property 'getInstance' does not exist on type 'typeof HolisticFoodSystem'.
src/services/pantry/test-pantry-prices.ts(49,90): error TS2554: Expected 0-1 arguments, but got 2.
src/services/pantry/test-pantry-prices.ts(61,66): error TS2554: Expected 0-1 arguments, but got 2.
src/services/pantry/test-pantry-prices.ts(73,67): error TS2554: Expected 0-1 arguments, but got 2.
src/services/pantry/test-pantry-prices.ts(78,88): error TS2554: Expected 1-3 arguments, but got 4.
src/services/pricing/index.ts(8,38): error TS2307: Cannot find module '../scraping/priceScrapingService' or its corresponding type declarations.
src/services/pricing/ingredientPriceService.ts(172,24): error TS7006: Parameter 'receipt' implicitly has an 'any' type.
src/services/pricing/preciarScraper.ts(157,62): error TS2345: Argument of type 'number' is not assignable to parameter of type 'string'.
src/services/pricing/preciarScraper.ts(165,58): error TS2345: Argument of type 'unknown' is not assignable to parameter of type 'string | undefined'.
src/services/pricing/preciosService.ts(241,77): error TS2345: Argument of type 'number' is not assignable to parameter of type 'string'.
src/services/pricing/preciosService.ts(259,78): error TS2345: Argument of type 'unknown' is not assignable to parameter of type 'string | undefined'.
src/services/pricing/priceComparator.ts(6,10): error TS2305: Module '"@prisma/client"' has no exported member 'Store'.
src/services/profile/__tests__/ProfileCompletionService.test.ts(7,3): error TS2724: '"../ProfileCompletionService"' has no exported member named 'ACHIEVEMENTS'. Did you mean 'Achievement'?
src/services/profile/__tests__/ProfileCompletionService.test.ts(22,8): error TS2307: Cannot find module '@/__tests__/utils/profileTestUtils' or its corresponding type declarations.
src/services/profile/__tests__/ProfileCompletionService.test.ts(911,16): error TS18046: 'achievement' is of type 'unknown'.
src/services/profile/__tests__/ProfileCompletionService.test.ts(912,16): error TS18046: 'achievement' is of type 'unknown'.
src/services/profile/__tests__/ProfileCompletionService.test.ts(920,43): error TS18046: 'achievement' is of type 'unknown'.
src/services/profile/__tests__/ProfileCompletionService.test.ts(926,16): error TS18046: 'achievement' is of type 'unknown'.
src/services/profile/__tests__/ProfileCompletionService.test.ts(927,16): error TS18046: 'achievement' is of type 'unknown'.
src/services/profile/__tests__/ProfileRecommendationEngine.test.ts(7,3): error TS2305: Module '"../ProfileRecommendationEngine"' has no exported member 'ProfileErrorFactory'.
src/services/profile/__tests__/ProfileRecommendationEngine.test.ts(27,8): error TS2307: Cannot find module '@/__tests__/utils/profileTestUtils' or its corresponding type declarations.
src/services/profile/ProfileCache.ts(2,10): error TS2459: Module '"@/lib/supabase/client"' declares 'createClient' locally, but it is not exported.
src/services/profile/ProfileCache.ts(3,31): error TS2307: Cannot find module '@/types/supabase' or its corresponding type declarations.
src/services/profile/ProfileCache.ts(67,7): error TS2322: Type '() => Promise<ProfileCacheData | null>' is not assignable to type '() => Promise<ProfileCacheData>'.
  Type 'Promise<ProfileCacheData | null>' is not assignable to type 'Promise<ProfileCacheData>'.
    Type 'ProfileCacheData | null' is not assignable to type 'ProfileCacheData'.
      Type 'null' is not assignable to type 'ProfileCacheData'.
src/services/profile/ProfileCache.ts(345,46): error TS2345: Argument of type '{ hitRate: string; entries: number; size: string; }' is not assignable to parameter of type 'string'.
src/services/profile/ProfileCompletionService.ts(361,23): error TS18048: 'profile.budget.monthly' is possibly 'undefined'.
src/services/profile/ProfileCompletionService.ts(361,55): error TS18048: 'preferences.budget.monthly' is possibly 'undefined'.
src/services/profile/ProfileCompletionService.ts(745,52): error TS2345: Argument of type '{ userId: string; achievementId: AchievementType; progress: number; }' is not assignable to parameter of type 'string'.
src/services/profile/ProfileCompletionService.ts(763,43): error TS2345: Argument of type '{ userId: string; achievementId: AchievementType; }' is not assignable to parameter of type 'string'.
src/services/profile/ProfileRecommendationEngine.ts(683,50): error TS2339: Property 'length' does not exist on type 'string | number | string[] | Date | { country: string; timezone: string; city?: string | undefined; } | ("vegetarian" | "vegan" | "pescatarian" | "keto" | "paleo" | "gluten_free" | ... 13 more ... | "low_fat")[] | ... 5 more ... | { ...; }'.
  Property 'length' does not exist on type 'number'.
src/services/recipes/RecipeScraper.ts(2,29): error TS2307: Cannot find module '../planner/MealPlanner' or its corresponding type declarations.
src/services/recipes/RecipeScraper.ts(163,7): error TS2353: Object literal may only specify known properties, and 'id' does not exist in type 'ScrapedRecipe'.
src/services/recipes/RecipeScraper.ts(189,43): error TS7006: Parameter 'ing' implicitly has an 'any' type.
src/services/recipes/RecipeScraper.ts(210,55): error TS7006: Parameter 'ing' implicitly has an 'any' type.
src/services/recipes/RecipeScraper.ts(242,60): error TS7006: Parameter 'instruction' implicitly has an 'any' type.
src/services/recipes/RecipeScraper.ts(280,9): error TS2353: Object literal may only specify known properties, and 'id' does not exist in type 'ScrapedRecipe'.
src/services/recipes/RecipeScraper.ts(312,9): error TS2353: Object literal may only specify known properties, and 'id' does not exist in type 'ScrapedRecipe'.
src/services/recipes/RecipeScraper.ts(345,9): error TS2353: Object literal may only specify known properties, and 'id' does not exist in type 'ScrapedRecipe'.
src/services/recipes/RecipeScraper.ts(382,14): error TS2339: Property 'ingredients' does not exist on type 'ScrapedRecipe'.
src/services/recipes/RecipeScraper.ts(382,31): error TS7006: Parameter 'ing' implicitly has an 'any' type.
src/services/shopping/AutoShoppingListGenerator.ts(14,3): error TS2305: Module '"@/features/meal-planning/types"' has no exported member 'Ingredient'.
src/services/shopping/AutoShoppingListGenerator.ts(15,3): error TS2305: Module '"@/features/meal-planning/types"' has no exported member 'IngredientCategory'.
src/services/shopping/offlineShoppingService.ts(123,13): error TS2561: Object literal may only specify known properties, but 'is_archived' does not exist in type '{ id: string; user_id: string; name: string; description: string | null; is_active: boolean | null; total_estimated_cost: number | null; created_at: string; updated_at: string; }'. Did you mean to write 'is_active'?
src/services/shopping/offlineShoppingService.ts(190,13): error TS2353: Object literal may only specify known properties, and 'product_id' does not exist in type '{ id: string; shopping_list_id: string; ingredient_id: string | null; custom_name: string | null; quantity: number; unit: string; estimated_cost: number | null; actual_cost: number | null; ... 7 more ...; updated_at: string; }'.
src/services/shopping/offlineShoppingService.ts(190,30): error TS2339: Property 'product_id' does not exist on type 'Omit<{ id?: string | undefined; shopping_list_id: string; ingredient_id?: string | null | undefined; custom_name?: string | null | undefined; quantity?: number | undefined; unit?: string | undefined; ... 9 more ...; updated_at?: string | undefined; }, "shopping_list_id">'.
src/services/shopping/ReceiptProcessor.ts(112,17): error TS2339: Property 'store' does not exist on type 'ReceiptData'.
src/services/shopping/ReceiptProcessor.ts(325,24): error TS2339: Property 'store' does not exist on type 'ReceiptData'.
src/services/shopping/ShoppingOptimizer.ts(7,31): error TS2307: Cannot find module '../planner/MealPlanner' or its corresponding type declarations.
src/services/shopping/ShoppingOptimizer.ts(117,62): error TS2339: Property 'preferredStores' does not exist on type '{ id: string; userId: string; username: string; fullName: string; email: string; language: string; theme: "light" | "dark" | "system"; stats: { recipesCreated: number; mealsPlanned: number; recipesRated: number; streakDays: number; joinedDate: Date; lastActive: Date; }; ... 20 more ...; location?: { ...; } | undefin...'.
src/services/shopping/ShoppingOptimizer.ts(280,23): error TS7006: Parameter 'list' implicitly has an 'any' type.
src/services/shopping/ShoppingOptimizer.ts(763,36): error TS7006: Parameter 'sum' implicitly has an 'any' type.
src/services/shopping/ShoppingOptimizer.ts(763,41): error TS7006: Parameter 'item' implicitly has an 'any' type.
src/services/shopping/ShoppingOptimizer.ts(857,42): error TS7006: Parameter 'sum' implicitly has an 'any' type.
src/services/shopping/ShoppingOptimizer.ts(857,47): error TS7006: Parameter 'item' implicitly has an 'any' type.
src/services/storage/index.ts(54,45): error TS2304: Cannot find name 'getStorageService'.
src/services/storage/index.ts(62,34): error TS2304: Cannot find name 'getStorageService'.
src/services/storage/index.ts(71,35): error TS2304: Cannot find name 'getStorageService'.
src/services/storage/providers/LocalStorageProvider.ts(213,60): error TS2339: Property 'name' does not exist on type 'File | Blob'.
  Property 'name' does not exist on type 'Blob'.
src/services/storage/providers/LocalStorageProvider.ts(218,18): error TS2339: Property 'name' does not exist on type 'File | Blob'.
  Property 'name' does not exist on type 'Blob'.
src/services/storage/providers/SupabaseStorageProvider.ts(244,66): error TS2339: Property 'name' does not exist on type 'File | Blob'.
  Property 'name' does not exist on type 'Blob'.
src/services/storage/SyncManager.ts(135,35): error TS18046: 'error' is of type 'unknown'.
src/services/storage/UnifiedStorageService.ts(45,5): error TS2322: Type '{ provider: StorageProvider; supabaseUrl?: string; supabaseKey?: string; localStorage: { prefix?: string; encrypt?: boolean; compress?: boolean; }; cache: { maxSize?: number; ttl?: number; strategy?: "lru" | "fifo" | "lfu"; }; }' is not assignable to type 'Required<StorageConfig>'.
  Types of property 'supabaseUrl' are incompatible.
    Type 'string | undefined' is not assignable to type 'string'.
      Type 'undefined' is not assignable to type 'string'.
src/services/voice/UnifiedVoiceService.ts(189,7): error TS2531: Object is possibly 'null'.
src/services/voice/UnifiedVoiceService.ts(419,41): error TS2304: Cannot find name 'SpeechRecognitionError'.
src/services/voice/WakeWordDetectionService.ts(103,26): error TS2532: Object is possibly 'undefined'.
src/store/slices/__tests__/mealPlanSlice.test.ts(7,3): error TS2614: Module '"../mealPlanSlice"' has no exported member 'MealTypeSchema'. Did you mean to use 'import MealTypeSchema from "../mealPlanSlice"' instead?
src/store/slices/__tests__/mealPlanSlice.test.ts(8,3): error TS2614: Module '"../mealPlanSlice"' has no exported member 'ModeTypeSchema'. Did you mean to use 'import ModeTypeSchema from "../mealPlanSlice"' instead?
src/store/slices/__tests__/mealPlanSlice.test.ts(9,3): error TS2614: Module '"../mealPlanSlice"' has no exported member 'RegionTypeSchema'. Did you mean to use 'import RegionTypeSchema from "../mealPlanSlice"' instead?
src/store/slices/__tests__/mealPlanSlice.test.ts(10,3): error TS2614: Module '"../mealPlanSlice"' has no exported member 'ArgentineMealSchema'. Did you mean to use 'import ArgentineMealSchema from "../mealPlanSlice"' instead?
src/store/slices/__tests__/mealPlanSlice.test.ts(11,3): error TS2614: Module '"../mealPlanSlice"' has no exported member 'ArgentineWeeklyPlanSchema'. Did you mean to use 'import ArgentineWeeklyPlanSchema from "../mealPlanSlice"' instead?
src/store/slices/__tests__/mealPlanSlice.test.ts(12,8): error TS2614: Module '"../mealPlanSlice"' has no exported member 'UserPreferences'. Did you mean to use 'import UserPreferences from "../mealPlanSlice"' instead?
src/store/slices/__tests__/mealPlanSlice.test.ts(13,8): error TS2614: Module '"../mealPlanSlice"' has no exported member 'PantryItem'. Did you mean to use 'import PantryItem from "../mealPlanSlice"' instead?
src/store/slices/__tests__/mealPlanSlice.test.ts(14,8): error TS2614: Module '"../mealPlanSlice"' has no exported member 'ArgentineWeeklyPlan'. Did you mean to use 'import ArgentineWeeklyPlan from "../mealPlanSlice"' instead?
src/store/slices/__tests__/mealPlanSlice.test.ts(25,5): error TS2345: Argument of type 'StateCreator<MealPlanSlice, [["zustand/subscribeWithSelector", never], ["zustand/persist", unknown]], [["zustand/immer", never]]>' is not assignable to parameter of type 'StateCreator<MealPlanSlice, [["zustand/subscribeWithSelector", never], ["zustand/subscribeWithSelector", never]], [["zustand/immer", never]]>'.
  Type 'StateCreator<MealPlanSlice, [["zustand/subscribeWithSelector", never], ["zustand/persist", unknown]], [["zustand/immer", never]]>' is not assignable to type '(setState: (partial: MealPlanSlice | Partial<MealPlanSlice> | ((state: MealPlanSlice) => MealPlanSlice | Partial<MealPlanSlice>), replace?: boolean | undefined) => void, getState: () => MealPlanSlice, store: Write<...>) => MealPlanSlice'.
    Types of parameters 'store' and 'store' are incompatible.
      Type 'Write<Write<StoreApi<MealPlanSlice>, StoreSubscribeWithSelector<MealPlanSlice>>, StoreSubscribeWithSelector<MealPlanSlice>>' is not assignable to type 'Write<Write<StoreApi<MealPlanSlice>, StoreSubscribeWithSelector<MealPlanSlice>>, StorePersist<MealPlanSlice, unknown>>'.
        Property 'persist' is missing in type 'Write<Write<StoreApi<MealPlanSlice>, StoreSubscribeWithSelector<MealPlanSlice>>, StoreSubscribeWithSelector<MealPlanSlice>>' but required in type 'StorePersist<MealPlanSlice, unknown>'.
src/store/slices/__tests__/mealPlanSlice.test.ts(37,22): error TS2339: Property 'resetState' does not exist on type 'MealPlanSlice'.
src/store/slices/__tests__/mealPlanSlice.test.ts(44,20): error TS2551: Property 'weeklyPlan' does not exist on type 'MealPlanSlice'. Did you mean 'setWeeklyPlan'?
src/store/slices/__tests__/mealPlanSlice.test.ts(45,20): error TS2551: Property 'preferences' does not exist on type 'MealPlanSlice'. Did you mean 'setPreferences'?
src/store/slices/__tests__/mealPlanSlice.test.ts(46,20): error TS2551: Property 'preferences' does not exist on type 'MealPlanSlice'. Did you mean 'setPreferences'?
src/store/slices/__tests__/mealPlanSlice.test.ts(47,20): error TS2551: Property 'preferences' does not exist on type 'MealPlanSlice'. Did you mean 'setPreferences'?
src/store/slices/__tests__/mealPlanSlice.test.ts(48,20): error TS2339: Property 'pantry' does not exist on type 'MealPlanSlice'.
src/store/slices/__tests__/mealPlanSlice.test.ts(49,20): error TS2339: Property 'mode' does not exist on type 'MealPlanSlice'.
src/store/slices/__tests__/mealPlanSlice.test.ts(50,20): error TS2339: Property 'weekKey' does not exist on type 'MealPlanSlice'.
src/store/slices/__tests__/mealPlanSlice.test.ts(51,20): error TS2339: Property 'isDirty' does not exist on type 'MealPlanSlice'.
src/store/slices/__tests__/mealPlanSlice.test.ts(52,20): error TS2339: Property 'isLoading' does not exist on type 'MealPlanSlice'.
src/store/slices/__tests__/mealPlanSlice.test.ts(53,20): error TS2339: Property 'isSaving' does not exist on type 'MealPlanSlice'.
src/store/slices/__tests__/mealPlanSlice.test.ts(54,20): error TS2339: Property 'error' does not exist on type 'MealPlanSlice'.
src/store/slices/__tests__/mealPlanSlice.test.ts(59,33): error TS2339: Property 'pantry' does not exist on type 'MealPlanSlice'.
src/store/slices/__tests__/mealPlanSlice.test.ts(59,44): error TS7006: Parameter 'item' implicitly has an 'any' type.
src/store/slices/__tests__/mealPlanSlice.test.ts(69,20): error TS2551: Property 'preferences' does not exist on type 'MealPlanSlice'. Did you mean 'setPreferences'?
src/store/slices/__tests__/mealPlanSlice.test.ts(70,20): error TS2551: Property 'preferences' does not exist on type 'MealPlanSlice'. Did you mean 'setPreferences'?
src/store/slices/__tests__/mealPlanSlice.test.ts(71,20): error TS2551: Property 'preferences' does not exist on type 'MealPlanSlice'. Did you mean 'setPreferences'?
src/store/slices/__tests__/mealPlanSlice.test.ts(72,20): error TS2551: Property 'preferences' does not exist on type 'MealPlanSlice'. Did you mean 'setPreferences'?
src/store/slices/__tests__/mealPlanSlice.test.ts(73,20): error TS2551: Property 'preferences' does not exist on type 'MealPlanSlice'. Did you mean 'setPreferences'?
src/store/slices/__tests__/mealPlanSlice.test.ts(74,20): error TS2551: Property 'preferences' does not exist on type 'MealPlanSlice'. Did you mean 'setPreferences'?
src/store/slices/__tests__/mealPlanSlice.test.ts(75,20): error TS2551: Property 'preferences' does not exist on type 'MealPlanSlice'. Did you mean 'setPreferences'?
src/store/slices/__tests__/mealPlanSlice.test.ts(86,20): error TS2551: Property 'weeklyPlan' does not exist on type 'MealPlanSlice'. Did you mean 'setWeeklyPlan'?
src/store/slices/__tests__/mealPlanSlice.test.ts(87,20): error TS2339: Property 'isDirty' does not exist on type 'MealPlanSlice'.
src/store/slices/__tests__/mealPlanSlice.test.ts(88,20): error TS2339: Property 'error' does not exist on type 'MealPlanSlice'.
src/store/slices/__tests__/mealPlanSlice.test.ts(96,31): error TS2551: Property 'weeklyPlan' does not exist on type 'MealPlanSlice'. Did you mean 'setWeeklyPlan'?
src/store/slices/__tests__/mealPlanSlice.test.ts(100,31): error TS2551: Property 'weeklyPlan' does not exist on type 'MealPlanSlice'. Did you mean 'setWeeklyPlan'?
src/store/slices/__tests__/mealPlanSlice.test.ts(109,31): error TS2339: Property 'weekKey' does not exist on type 'MealPlanSlice'.
src/store/slices/__tests__/mealPlanSlice.test.ts(116,31): error TS2339: Property 'isDirty' does not exist on type 'MealPlanSlice'.
src/store/slices/__tests__/mealPlanSlice.test.ts(119,31): error TS2339: Property 'isDirty' does not exist on type 'MealPlanSlice'.
src/store/slices/__tests__/mealPlanSlice.test.ts(129,9): error TS2322: Type '{ weekly: number; currency: "ARS"; flexibility: "estricto"; }' is not assignable to type 'BudgetLevel | undefined'.
src/store/slices/__tests__/mealPlanSlice.test.ts(133,20): error TS2551: Property 'preferences' does not exist on type 'MealPlanSlice'. Did you mean 'setPreferences'?
src/store/slices/__tests__/mealPlanSlice.test.ts(134,20): error TS2551: Property 'preferences' does not exist on type 'MealPlanSlice'. Did you mean 'setPreferences'?
src/store/slices/__tests__/mealPlanSlice.test.ts(135,20): error TS2339: Property 'isDirty' does not exist on type 'MealPlanSlice'.
src/store/slices/__tests__/mealPlanSlice.test.ts(139,15): error TS2339: Property 'addFavoriteDish' does not exist on type 'MealPlanSlice'.
src/store/slices/__tests__/mealPlanSlice.test.ts(145,20): error TS2551: Property 'preferences' does not exist on type 'MealPlanSlice'. Did you mean 'setPreferences'?
src/store/slices/__tests__/mealPlanSlice.test.ts(146,20): error TS2339: Property 'isDirty' does not exist on type 'MealPlanSlice'.
src/store/slices/__tests__/mealPlanSlice.test.ts(150,15): error TS2339: Property 'addFavoriteDish' does not exist on type 'MealPlanSlice'.
src/store/slices/__tests__/mealPlanSlice.test.ts(153,45): error TS2551: Property 'preferences' does not exist on type 'MealPlanSlice'. Did you mean 'setPreferences'?
src/store/slices/__tests__/mealPlanSlice.test.ts(158,20): error TS2551: Property 'preferences' does not exist on type 'MealPlanSlice'. Did you mean 'setPreferences'?
src/store/slices/__tests__/mealPlanSlice.test.ts(159,20): error TS2339: Property 'isDirty' does not exist on type 'MealPlanSlice'.
src/store/slices/__tests__/mealPlanSlice.test.ts(163,15): error TS2339: Property 'addDislikedIngredient' does not exist on type 'MealPlanSlice'.
src/store/slices/__tests__/mealPlanSlice.test.ts(169,20): error TS2551: Property 'preferences' does not exist on type 'MealPlanSlice'. Did you mean 'setPreferences'?
src/store/slices/__tests__/mealPlanSlice.test.ts(170,20): error TS2339: Property 'isDirty' does not exist on type 'MealPlanSlice'.
src/store/slices/__tests__/mealPlanSlice.test.ts(174,15): error TS2339: Property 'addDislikedIngredient' does not exist on type 'MealPlanSlice'.
src/store/slices/__tests__/mealPlanSlice.test.ts(179,46): error TS2551: Property 'preferences' does not exist on type 'MealPlanSlice'. Did you mean 'setPreferences'?
src/store/slices/__tests__/mealPlanSlice.test.ts(182,47): error TS2551: Property 'preferences' does not exist on type 'MealPlanSlice'. Did you mean 'setPreferences'?
src/store/slices/__tests__/mealPlanSlice.test.ts(188,15): error TS2339: Property 'updateCulturalPreferences' does not exist on type 'MealPlanSlice'.
src/store/slices/__tests__/mealPlanSlice.test.ts(198,20): error TS2551: Property 'preferences' does not exist on type 'MealPlanSlice'. Did you mean 'setPreferences'?
src/store/slices/__tests__/mealPlanSlice.test.ts(199,20): error TS2551: Property 'preferences' does not exist on type 'MealPlanSlice'. Did you mean 'setPreferences'?
src/store/slices/__tests__/mealPlanSlice.test.ts(200,20): error TS2551: Property 'preferences' does not exist on type 'MealPlanSlice'. Did you mean 'setPreferences'?
src/store/slices/__tests__/mealPlanSlice.test.ts(201,20): error TS2551: Property 'preferences' does not exist on type 'MealPlanSlice'. Did you mean 'setPreferences'?
src/store/slices/__tests__/mealPlanSlice.test.ts(202,20): error TS2339: Property 'isDirty' does not exist on type 'MealPlanSlice'.
src/store/slices/__tests__/mealPlanSlice.test.ts(206,15): error TS2339: Property 'updateBudgetPreferences' does not exist on type 'MealPlanSlice'.
src/store/slices/__tests__/mealPlanSlice.test.ts(215,20): error TS2551: Property 'preferences' does not exist on type 'MealPlanSlice'. Did you mean 'setPreferences'?
src/store/slices/__tests__/mealPlanSlice.test.ts(216,20): error TS2551: Property 'preferences' does not exist on type 'MealPlanSlice'. Did you mean 'setPreferences'?
src/store/slices/__tests__/mealPlanSlice.test.ts(217,20): error TS2551: Property 'preferences' does not exist on type 'MealPlanSlice'. Did you mean 'setPreferences'?
src/store/slices/__tests__/mealPlanSlice.test.ts(218,20): error TS2339: Property 'isDirty' does not exist on type 'MealPlanSlice'.
src/store/slices/__tests__/mealPlanSlice.test.ts(224,15): error TS2339: Property 'upsertPantryItem' does not exist on type 'MealPlanSlice'.
src/store/slices/__tests__/mealPlanSlice.test.ts(237,20): error TS2339: Property 'pantry' does not exist on type 'MealPlanSlice'.
src/store/slices/__tests__/mealPlanSlice.test.ts(238,20): error TS2339: Property 'isDirty' does not exist on type 'MealPlanSlice'.
src/store/slices/__tests__/mealPlanSlice.test.ts(242,15): error TS2339: Property 'upsertPantryItem' does not exist on type 'MealPlanSlice'.
src/store/slices/__tests__/mealPlanSlice.test.ts(257,31): error TS2339: Property 'pantry' does not exist on type 'MealPlanSlice'.
src/store/slices/__tests__/mealPlanSlice.test.ts(257,43): error TS7006: Parameter 'item' implicitly has an 'any' type.
src/store/slices/__tests__/mealPlanSlice.test.ts(259,20): error TS2339: Property 'isDirty' does not exist on type 'MealPlanSlice'.
src/store/slices/__tests__/mealPlanSlice.test.ts(263,15): error TS2339: Property 'removePantryItem' does not exist on type 'MealPlanSlice'.
src/store/slices/__tests__/mealPlanSlice.test.ts(269,20): error TS2339: Property 'pantry' does not exist on type 'MealPlanSlice'.
src/store/slices/__tests__/mealPlanSlice.test.ts(269,32): error TS7006: Parameter 'item' implicitly has an 'any' type.
src/store/slices/__tests__/mealPlanSlice.test.ts(270,20): error TS2339: Property 'isDirty' does not exist on type 'MealPlanSlice'.
src/store/slices/__tests__/mealPlanSlice.test.ts(274,15): error TS2339: Property 'updatePantryItem' does not exist on type 'MealPlanSlice'.
src/store/slices/__tests__/mealPlanSlice.test.ts(284,33): error TS2339: Property 'pantry' does not exist on type 'MealPlanSlice'.
src/store/slices/__tests__/mealPlanSlice.test.ts(284,45): error TS7006: Parameter 'item' implicitly has an 'any' type.
src/store/slices/__tests__/mealPlanSlice.test.ts(288,20): error TS2339: Property 'isDirty' does not exist on type 'MealPlanSlice'.
src/store/slices/__tests__/mealPlanSlice.test.ts(292,15): error TS2339: Property 'updatePantryItem' does not exist on type 'MealPlanSlice'.
src/store/slices/__tests__/mealPlanSlice.test.ts(294,52): error TS2339: Property 'pantry' does not exist on type 'MealPlanSlice'.
src/store/slices/__tests__/mealPlanSlice.test.ts(299,20): error TS2339: Property 'pantry' does not exist on type 'MealPlanSlice'.
src/store/slices/__tests__/mealPlanSlice.test.ts(300,20): error TS2339: Property 'isDirty' does not exist on type 'MealPlanSlice'.
src/store/slices/__tests__/mealPlanSlice.test.ts(311,20): error TS2339: Property 'mode' does not exist on type 'MealPlanSlice'.
src/store/slices/__tests__/mealPlanSlice.test.ts(312,20): error TS2339: Property 'isDirty' does not exist on type 'MealPlanSlice'.
src/store/slices/__tests__/mealPlanSlice.test.ts(321,33): error TS2339: Property 'mode' does not exist on type 'MealPlanSlice'.
src/store/slices/__tests__/mealPlanSlice.test.ts(331,24): error TS2353: Object literal may only specify known properties, and 'error' does not exist in type 'MealPlanSlice | Partial<MealPlanSlice> | ((state: WritableDraft<MealPlanSlice>) => void)'.
src/store/slices/__tests__/mealPlanSlice.test.ts(332,31): error TS2339: Property 'error' does not exist on type 'MealPlanSlice'.
src/store/slices/__tests__/mealPlanSlice.test.ts(335,31): error TS2339: Property 'error' does not exist on type 'MealPlanSlice'.
src/store/slices/__tests__/mealPlanSlice.test.ts(341,39): error TS2339: Property 'addFavoriteDish' does not exist on type 'MealPlanSlice'.
src/store/slices/__tests__/mealPlanSlice.test.ts(341,56): error TS2339: Property 'resetState' does not exist on type 'MealPlanSlice'.
src/store/slices/__tests__/mealPlanSlice.test.ts(350,20): error TS2551: Property 'weeklyPlan' does not exist on type 'MealPlanSlice'. Did you mean 'setWeeklyPlan'?
src/store/slices/__tests__/mealPlanSlice.test.ts(351,20): error TS2339: Property 'mode' does not exist on type 'MealPlanSlice'.
src/store/slices/__tests__/mealPlanSlice.test.ts(352,20): error TS2339: Property 'isDirty' does not exist on type 'MealPlanSlice'.
src/store/slices/__tests__/mealPlanSlice.test.ts(359,20): error TS2551: Property 'weeklyPlan' does not exist on type 'MealPlanSlice'. Did you mean 'setWeeklyPlan'?
src/store/slices/__tests__/mealPlanSlice.test.ts(360,20): error TS2339: Property 'mode' does not exist on type 'MealPlanSlice'.
src/store/slices/__tests__/mealPlanSlice.test.ts(361,20): error TS2339: Property 'isDirty' does not exist on type 'MealPlanSlice'.
src/store/slices/__tests__/mealPlanSlice.test.ts(362,20): error TS2339: Property 'error' does not exist on type 'MealPlanSlice'.
src/store/slices/__tests__/mealPlanSlice.test.ts(363,20): error TS2339: Property 'isLoading' does not exist on type 'MealPlanSlice'.
src/store/slices/__tests__/mealPlanSlice.test.ts(364,20): error TS2339: Property 'isSaving' does not exist on type 'MealPlanSlice'.
src/store/slices/__tests__/mealPlanSlice.test.ts(370,31): error TS2339: Property 'upsertPantryItem' does not exist on type 'MealPlanSlice'.
src/store/slices/__tests__/mealPlanSlice.test.ts(371,52): error TS2551: Property 'preferences' does not exist on type 'MealPlanSlice'. Did you mean 'setPreferences'?
src/store/slices/__tests__/mealPlanSlice.test.ts(372,47): error TS2339: Property 'pantry' does not exist on type 'MealPlanSlice'.
src/store/slices/__tests__/mealPlanSlice.test.ts(376,9): error TS2322: Type '{ weekly: number; currency: string; flexibility: string; }' is not assignable to type 'BudgetLevel | undefined'.
src/store/slices/__tests__/mealPlanSlice.test.ts(389,61): error TS2551: Property 'preferences' does not exist on type 'MealPlanSlice'. Did you mean 'setPreferences'?
src/store/slices/__tests__/mealPlanSlice.test.ts(390,56): error TS2339: Property 'pantry' does not exist on type 'MealPlanSlice'.
src/store/slices/__tests__/mealPlanSlice.test.ts(411,26): error TS2339: Property 'mode' does not exist on type 'MealPlanSlice'.
src/store/slices/pricingSlice.ts(459,34): error TS7006: Parameter 'alert' implicitly has an 'any' type.
src/store/slices/pricingSlice.ts(463,17): error TS7006: Parameter 'p' implicitly has an 'any' type.
src/store/slices/pricingSlice.ts(464,14): error TS7006: Parameter 'p' implicitly has an 'any' type.
src/store/slices/recipeSlice.ts(146,31): error TS7006: Parameter 'state' implicitly has an 'any' type.
src/store/slices/recipeSlice.ts(175,39): error TS7006: Parameter 'state' implicitly has an 'any' type.
src/store/slices/recipeSlice.ts(176,49): error TS7006: Parameter 'recipe' implicitly has an 'any' type.
src/store/slices/recipeSlice.ts(182,30): error TS7006: Parameter 'state' implicitly has an 'any' type.
src/store/slices/recipeSlice.ts(183,54): error TS7006: Parameter 'recipe' implicitly has an 'any' type.
src/store/slices/recipeSlice.ts(184,62): error TS7006: Parameter 'favId' implicitly has an 'any' type.
src/store/slices/recipeSlice.ts(185,72): error TS7006: Parameter 'viewId' implicitly has an 'any' type.
src/store/slices/recipeSlice.ts(188,42): error TS7006: Parameter 'state' implicitly has an 'any' type.
src/store/slices/recipeSlice.ts(189,45): error TS7006: Parameter 'recipe' implicitly has an 'any' type.
src/store/slices/recipeSlice.ts(198,66): error TS7006: Parameter 'favId' implicitly has an 'any' type.
src/store/slices/recipeSlice.ts(203,36): error TS7006: Parameter 'state' implicitly has an 'any' type.
src/store/slices/recipeSlice.ts(204,45): error TS7006: Parameter 'recipe' implicitly has an 'any' type.
src/store/slices/recipeSlice.ts(216,37): error TS7006: Parameter 'state' implicitly has an 'any' type.
src/store/slices/recipeSlice.ts(218,72): error TS7006: Parameter 'viewId' implicitly has an 'any' type.
src/store/slices/recipeSlice.ts(227,30): error TS7006: Parameter 'state' implicitly has an 'any' type.
src/store/slices/recipeSlice.ts(228,45): error TS7006: Parameter 'recipe' implicitly has an 'any' type.
src/store/slices/recipeSlice.ts(236,37): error TS7006: Parameter 'state' implicitly has an 'any' type.
src/store/slices/recipeSlice.ts(240,33): error TS7006: Parameter 'state' implicitly has an 'any' type.
src/store/slices/recipeSlice.ts(244,33): error TS7006: Parameter 'state' implicitly has an 'any' type.
src/store/slices/recipeSlice.ts(256,34): error TS7006: Parameter 'state' implicitly has an 'any' type.
src/store/slices/recipeSlice.ts(260,40): error TS7006: Parameter 'state' implicitly has an 'any' type.
src/store/slices/recipeSlice.ts(264,36): error TS7006: Parameter 'state' implicitly has an 'any' type.
src/store/slices/recipeSlice.ts(267,59): error TS7006: Parameter 'existing' implicitly has an 'any' type.
src/store/slices/recipeSlice.ts(284,33): error TS7006: Parameter 'state' implicitly has an 'any' type.
src/store/slices/recipeSlice.ts(285,47): error TS7006: Parameter 'recipe' implicitly has an 'any' type.
src/store/slices/settingsSlice.ts(240,41): error TS7006: Parameter 'state' implicitly has an 'any' type.
src/store/slices/settingsSlice.ts(260,29): error TS7006: Parameter 'state' implicitly has an 'any' type.
src/store/slices/settingsSlice.ts(264,35): error TS7006: Parameter 'state' implicitly has an 'any' type.
src/store/slices/settingsSlice.ts(265,33): error TS2698: Spread types may only be created from object types.
src/store/slices/settingsSlice.ts(293,12): error TS7006: Parameter 'state' implicitly has an 'any' type.
src/store/slices/settingsSlice.ts(316,12): error TS7006: Parameter 'state' implicitly has an 'any' type.
src/store/slices/settingsSlice.ts(321,12): error TS7006: Parameter 'state' implicitly has an 'any' type.
src/store/slices/settingsSlice.ts(326,12): error TS7006: Parameter 'state' implicitly has an 'any' type.
src/store/slices/settingsSlice.ts(331,12): error TS7006: Parameter 'state' implicitly has an 'any' type.
src/store/slices/settingsSlice.ts(336,12): error TS7006: Parameter 'state' implicitly has an 'any' type.
src/store/slices/settingsSlice.ts(341,12): error TS7006: Parameter 'state' implicitly has an 'any' type.
src/store/slices/settingsSlice.ts(346,12): error TS7006: Parameter 'state' implicitly has an 'any' type.
src/store/slices/settingsSlice.ts(351,12): error TS7006: Parameter 'state' implicitly has an 'any' type.
src/store/slices/settingsSlice.ts(364,12): error TS7006: Parameter 'state' implicitly has an 'any' type.
src/store/slices/shoppingSlice.ts(162,35): error TS7006: Parameter 'state' implicitly has an 'any' type.
src/store/slices/shoppingSlice.ts(178,45): error TS7006: Parameter 'state' implicitly has an 'any' type.
src/store/slices/shoppingSlice.ts(179,50): error TS7006: Parameter 'list' implicitly has an 'any' type.
src/store/slices/shoppingSlice.ts(185,36): error TS7006: Parameter 'state' implicitly has an 'any' type.
src/store/slices/shoppingSlice.ts(186,56): error TS7006: Parameter 'list' implicitly has an 'any' type.
src/store/slices/shoppingSlice.ts(187,72): error TS7006: Parameter 'opt' implicitly has an 'any' type.
src/store/slices/shoppingSlice.ts(195,31): error TS7006: Parameter 'state' implicitly has an 'any' type.
src/store/slices/shoppingSlice.ts(199,48): error TS7006: Parameter 'state' implicitly has an 'any' type.
src/store/slices/shoppingSlice.ts(200,48): error TS7006: Parameter 'list' implicitly has an 'any' type.
src/store/slices/shoppingSlice.ts(206,35): error TS7006: Parameter 'item' implicitly has an 'any' type.
src/store/slices/shoppingSlice.ts(224,43): error TS7006: Parameter 'state' implicitly has an 'any' type.
src/store/slices/shoppingSlice.ts(225,44): error TS7006: Parameter 'list' implicitly has an 'any' type.
src/store/slices/shoppingSlice.ts(250,57): error TS7006: Parameter 'state' implicitly has an 'any' type.
src/store/slices/shoppingSlice.ts(251,44): error TS7006: Parameter 'list' implicitly has an 'any' type.
src/store/slices/shoppingSlice.ts(253,36): error TS7006: Parameter 'item' implicitly has an 'any' type.
src/store/slices/shoppingSlice.ts(261,48): error TS7006: Parameter 'state' implicitly has an 'any' type.
src/store/slices/shoppingSlice.ts(262,44): error TS7006: Parameter 'list' implicitly has an 'any' type.
src/store/slices/shoppingSlice.ts(264,38): error TS7006: Parameter 'item' implicitly has an 'any' type.
src/store/slices/shoppingSlice.ts(269,48): error TS7006: Parameter 'state' implicitly has an 'any' type.
src/store/slices/shoppingSlice.ts(270,44): error TS7006: Parameter 'list' implicitly has an 'any' type.
src/store/slices/shoppingSlice.ts(272,36): error TS7006: Parameter 'item' implicitly has an 'any' type.
src/store/slices/shoppingSlice.ts(279,47): error TS7006: Parameter 'item' implicitly has an 'any' type.
src/store/slices/shoppingSlice.ts(289,57): error TS7006: Parameter 'state' implicitly has an 'any' type.
src/store/slices/shoppingSlice.ts(290,44): error TS7006: Parameter 'list' implicitly has an 'any' type.
src/store/slices/shoppingSlice.ts(292,26): error TS7006: Parameter 'item' implicitly has an 'any' type.
src/store/slices/shoppingSlice.ts(302,48): error TS7006: Parameter 'state' implicitly has an 'any' type.
src/store/slices/shoppingSlice.ts(331,64): error TS7006: Parameter 'state' implicitly has an 'any' type.
src/store/slices/shoppingSlice.ts(332,60): error TS7006: Parameter 'opt' implicitly has an 'any' type.
src/store/slices/shoppingSlice.ts(341,46): error TS7006: Parameter 'state' implicitly has an 'any' type.
src/store/slices/shoppingSlice.ts(342,44): error TS7006: Parameter 'list' implicitly has an 'any' type.
src/store/slices/shoppingSlice.ts(364,51): error TS7006: Parameter 'state' implicitly has an 'any' type.
src/store/slices/shoppingSlice.ts(365,44): error TS7006: Parameter 'list' implicitly has an 'any' type.
src/store/slices/shoppingSlice.ts(406,55): error TS7006: Parameter 'state' implicitly has an 'any' type.
src/store/slices/shoppingSlice.ts(407,44): error TS7006: Parameter 'list' implicitly has an 'any' type.
src/store/slices/shoppingSlice.ts(429,42): error TS7006: Parameter 'state' implicitly has an 'any' type.
src/store/slices/shoppingSlice.ts(430,44): error TS7006: Parameter 'list' implicitly has an 'any' type.
src/store/slices/shoppingSlice.ts(435,31): error TS7006: Parameter 'item' implicitly has an 'any' type.
src/store/slices/shoppingSlice.ts(450,47): error TS7006: Parameter 'state' implicitly has an 'any' type.
src/store/slices/shoppingSlice.ts(451,52): error TS7006: Parameter 't' implicitly has an 'any' type.
src/store/slices/shoppingSlice.ts(452,44): error TS7006: Parameter 'list' implicitly has an 'any' type.
src/store/slices/shoppingSlice.ts(455,30): error TS7006: Parameter 'templateItem' implicitly has an 'any' type.
src/store/slices/shoppingSlice.ts(471,40): error TS7006: Parameter 'state' implicitly has an 'any' type.
src/store/slices/shoppingSlice.ts(472,64): error TS7006: Parameter 't' implicitly has an 'any' type.
src/store/slices/shoppingSlice.ts(475,40): error TS7006: Parameter 'state' implicitly has an 'any' type.
src/store/slices/shoppingSlice.ts(476,44): error TS7006: Parameter 'list' implicitly has an 'any' type.
src/store/slices/shoppingSlice.ts(484,33): error TS7006: Parameter 'state' implicitly has an 'any' type.
src/store/slices/shoppingSlice.ts(485,44): error TS7006: Parameter 'list' implicitly has an 'any' type.
src/store/slices/shoppingSlice.ts(493,46): error TS7006: Parameter 'state' implicitly has an 'any' type.
src/store/slices/shoppingSlice.ts(497,40): error TS7006: Parameter 'state' implicitly has an 'any' type.
src/store/slices/shoppingSlice.ts(501,68): error TS7006: Parameter 'item' implicitly has an 'any' type.
src/store/slices/shoppingSlice.ts(510,32): error TS7006: Parameter 'state' implicitly has an 'any' type.
src/store/slices/shoppingSlice.ts(514,41): error TS7006: Parameter 'state' implicitly has an 'any' type.
src/store/slices/uiSlice.ts(71,28): error TS2304: Cannot find name 'ui'.
src/store/slices/uiSlice.ts(72,34): error TS2304: Cannot find name 'ui'.
src/store/slices/uiSlice.ts(87,51): error TS2304: Cannot find name 'ui'.
src/store/slices/uiSlice.ts(90,40): error TS2304: Cannot find name 'ui'.
src/store/slices/uiSlice.ts(145,29): error TS7006: Parameter 'state' implicitly has an 'any' type.
src/store/slices/uiSlice.ts(162,35): error TS7006: Parameter 'state' implicitly has an 'any' type.
src/store/slices/uiSlice.ts(171,29): error TS7006: Parameter 'state' implicitly has an 'any' type.
src/store/slices/uiSlice.ts(175,34): error TS7006: Parameter 'state' implicitly has an 'any' type.
src/store/slices/uiSlice.ts(179,44): error TS7006: Parameter 'state' implicitly has an 'any' type.
src/store/slices/uiSlice.ts(196,34): error TS7006: Parameter 'state' implicitly has an 'any' type.
src/store/slices/uiSlice.ts(197,60): error TS7006: Parameter 'n' implicitly has an 'any' type.
src/store/slices/uiSlice.ts(200,34): error TS7006: Parameter 'state' implicitly has an 'any' type.
src/store/slices/uiSlice.ts(204,33): error TS7006: Parameter 'state' implicitly has an 'any' type.
src/store/slices/uiSlice.ts(213,28): error TS7006: Parameter 'state' implicitly has an 'any' type.
src/store/slices/uiSlice.ts(214,46): error TS7006: Parameter 'm' implicitly has an 'any' type.
src/store/slices/uiSlice.ts(217,30): error TS7006: Parameter 'state' implicitly has an 'any' type.
src/store/slices/uiSlice.ts(221,38): error TS7006: Parameter 'state' implicitly has an 'any' type.
src/store/slices/uiSlice.ts(229,28): error TS7006: Parameter 'state' implicitly has an 'any' type.
src/store/slices/uiSlice.ts(233,44): error TS7006: Parameter 'state' implicitly has an 'any' type.
src/types/profile/index.ts(770,16): error TS2339: Property 'errors' does not exist on type 'ZodError<{ id: string; userId: string; username: string; fullName: string; email: string; language: string; theme: "system" | "light" | "dark"; stats: { recipesCreated: number; mealsPlanned: number; recipesRated: number; streakDays: number; joinedDate: Date; lastActive: Date; }; ... 20 more ...; location?: { ...; } ...'.
src/types/profile/index.ts(770,31): error TS7006: Parameter 'err' implicitly has an 'any' type.
src/types/profile/index.ts(786,16): error TS2339: Property 'errors' does not exist on type 'ZodError<{ id: string; userId: string; dietaryRestrictions: ("vegetarian" | "vegan" | "pescatarian" | "keto" | "paleo" | "whole30" | "gluten_free" | "dairy_free" | "nut_free" | "shellfish_free" | ... 9 more ... | "low_fat")[]; ... 12 more ...; mealSchedule?: { ...; } | undefined; }>'.
src/types/profile/index.ts(786,31): error TS7006: Parameter 'err' implicitly has an 'any' type.
src/types/profile/migration.ts(54,45): error TS2345: Argument of type '"beginner" | "intermediate" | "advanced" | "expert"' is not assignable to parameter of type '2 | 1 | 3 | 4 | 5'.
  Type '"beginner"' is not assignable to type '2 | 1 | 3 | 4 | 5'.
src/utils/profile-transformers.ts(108,3): error TS2740: Type '{ id: any; userId: any; username: any; fullName: any; email: any; avatarUrl: any; bio: any; dateOfBirth: Date | undefined; gender: any; location: any; language: any; theme: any; stats: any; following: any; followers: any; privacy: any; createdAt: Date; updatedAt: Date; }' is missing the following properties from type '{ id: string; userId: string; username: string; fullName: string; email: string; language: string; theme: "light" | "dark" | "system"; stats: { recipesCreated: number; mealsPlanned: number; recipesRated: number; streakDays: number; joinedDate: Date; lastActive: Date; }; ... 20 more ...; location?: { ...; } | undefin...': householdSize, householdMembers, monthlyBudget, budget, and 7 more.
